{"tool":"pest","result":"failed","tests":114,"passed":65,"assertions":210,"duration_ms":20781,"failed":14,"failures":[{"test":"P\\Tests\\Feature\\Auth\\AuthenticationTest::__pest_evaluable_login_screen_can_be_rendered","file":"\\project\\client\\8\\shopp\\vendor\\laravel\\framework\\src\\Illuminate\\Testing\\TestResponseAssert.php","line":45,"message":"Expected response status code [200] but received 500.\nFailed asserting that 500 is identical to 200.\r\n\r\nThe following exception occurred during the last request:\n\nIlluminate\\Foundation\\ViteManifestNotFoundException: Vite manifest not found at: D:\\project\\client\\8\\shopp\\public\\build/manifest.json in D:\\project\\client\\8\\shopp\\vendor\\laravel\\framework\\src\\Illuminate\\Foundation\\Vite.php:960\nStack trace:\n#0 D:\\project\\client\\8\\shopp\\vendor\\laravel\\framework\\src\\Illuminate\\Foundation\\Vite.php(398): Illuminate\\Foundation\\Vite->manifest('build')\n#1 D:\\project\\client\\8\\shopp\\storage\\framework\\views\\b2bf0ef3f019cc794fda0830c3cbb8c3.php(40): Illuminate\\Foundation\\Vite->__invoke(Object(Illuminate\\Support\\Collection))\n#2 D:\\project\\client\\8\\shopp\\vendor\\laravel\\framework\\src\\Illuminate\\Filesystem\\Filesystem.php(123): require('D:\\\\project\\\\clie...')\n#3 D:\\project\\client\\8\\shopp\\vendor\\laravel\\framework\\src\\Illuminate\\Filesystem\\Filesystem.php(124): Illuminate\\Filesystem\\Filesystem::{closure:Illuminate\\Filesystem\\Filesystem::getRequire():120}()\n#4 D:\\project\\client\\8\\shopp\\vendor\\laravel\\framework\\src\\Illuminate\\View\\Engines\\PhpEngine.php(57): Illuminate\\Filesystem\\Filesystem->getRequire('D:\\\\project\\\\clie...', Array)\n#5 D:\\project\\client\\8\\shopp\\vendor\\livewire\\livewire\\src\\Mechanisms\\ExtendBlade\\ExtendedCompilerEngine.php(22): Illuminate\\View\\Engines\\PhpEngine->evaluatePath('D:\\\\project\\\\clie...', Array)\n#6 D:\\project\\client\\8\\shopp\\vendor\\laravel\\framework\\src\\Illuminate\\View\\Engines\\CompilerEngine.php(76): Livewire\\Mechanisms\\ExtendBlade\\ExtendedCompilerEngine->evaluatePath('D:\\\\project\\\\clie...', Array)\n#7 D:\\project\\client\\8\\shopp\\vendor\\livewire\\livewire\\src\\Mechanisms\\ExtendBlade\\ExtendedCompilerEngine.php(10): Illuminate\\View\\Engines\\CompilerEngine->get('D:\\\\project\\\\clie...', Array)\n#8 D:\\project\\client\\8\\shopp\\vendor\\laravel\\framework\\src\\Illuminate\\View\\View.php(208): Livewire\\Mechanisms\\ExtendBlade\\ExtendedCompilerEngine->get('D:\\\\project\\\\clie...', Array)\n#9 D:\\project\\client\\8\\shopp\\vendor\\laravel\\framework\\src\\Illuminate\\View\\View.php(191): Illuminate\\View\\View->getContents()\n#10 D:\\project\\client\\8\\shopp\\vendor\\laravel\\framework\\src\\Illuminate\\View\\View.php(160): Illuminate\\View\\View->renderContents()\n#11 D:\\project\\client\\8\\shopp\\vendor\\laravel\\framework\\src\\Illuminate\\Http\\Response.php(78): Illuminate\\View\\View->render()\n#12 D:\\project\\client\\8\\shopp\\vendor\\laravel\\framework\\src\\Illuminate\\Http\\Response.php(34): Illuminate\\Http\\Response->setContent(Object(Illuminate\\View\\View))\n#13 D:\\project\\client\\8\\shopp\\vendor\\laravel\\framework\\src\\Illuminate\\Routing\\ResponseFactory.php(61): Illuminate\\Http\\Response->__construct(Object(Illuminate\\View\\View), 200, Array)\n#14 D:\\project\\client\\8\\shopp\\vendor\\laravel\\framework\\src\\Illuminate\\Routing\\ResponseFactory.php(91): Illuminate\\Routing\\ResponseFactory->make(Object(Illuminate\\View\\View), 200, Array)\n#15 D:\\project\\client\\8\\shopp\\vendor\\laravel\\framework\\src\\Illuminate\\Support\\Facades\\Facade.php(363): Illuminate\\Routing\\ResponseFactory->view('app', Array)\n#16 D:\\project\\client\\8\\shopp\\vendor\\inertiajs\\inertia-laravel\\src\\Response.php(211): Illuminate\\Support\\Facades\\Facade::__callStatic('view', Array)\n#17 D:\\project\\client\\8\\shopp\\vendor\\laravel\\fortify\\src\\Http\\Responses\\SimpleViewResponse.php(56): Inertia\\Response->toResponse(Object(Illuminate\\Http\\Request))\n#18 D:\\project\\client\\8\\shopp\\vendor\\laravel\\framework\\src\\Illuminate\\Routing\\Router.php(921): Laravel\\Fortify\\Http\\Responses\\SimpleViewResponse->toResponse(Object(Illuminate\\Http\\Request))\n#19 D:\\project\\client\\8\\shopp\\vendor\\laravel\\framework\\src\\Illuminate\\Routing\\Router.php(906): Illuminate\\Routing\\Router::toResponse(Object(Illuminate\\Http\\Request), Object(Laravel\\Fortify\\Http\\Responses\\SimpleViewResponse))\n#20 D:\\project\\client\\8\\shopp\\vendor\\laravel\\framework\\src\\Illuminate\\Routing\\Router.php(821): Illuminate\\Routing\\Router->prepareResponse(Object(Illuminate\\Http\\Request), Object(Laravel\\Fortify\\Http\\Responses\\SimpleViewResponse))\n#21 D:\\project\\client\\8\\shopp\\vendor\\laravel\\framework\\src\\Illuminate\\Pipeline\\Pipeline.php(180): Illuminate\\Routing\\Router->{closure:Illuminate\\Routing\\Router::runRouteWithinStack():821}(Object(Illuminate\\Http\\Request))\n#22 D:\\project\\client\\8\\shopp\\vendor\\laravel\\framework\\src\\Illuminate\\Auth\\Middleware\\RedirectIfAuthenticated.php(47): Illuminate\\Pipeline\\Pipeline->{closure:Illuminate\\Pipeline\\Pipeline::prepareDestination():178}(Object(Illuminate\\Http\\Request))\n#23 D:\\project\\client\\8\\shopp\\vendor\\laravel\\framework\\src\\Illuminate\\Pipeline\\Pipeline.php(219): Illuminate\\Auth\\Middleware\\RedirectIfAuthenticated->handle(Object(Illuminate\\Http\\Request), Object(Closure), 'web')\n#24 D:\\project\\client\\8\\shopp\\vendor\\laravel\\framework\\src\\Illuminate\\Http\\Middleware\\AddLinkHeadersForPreloadedAssets.php(32): Illuminate\\Pipeline\\Pipeline->{closure:{closure:Illuminate\\Pipeline\\Pipeline::carry():194}:195}(Object(Illuminate\\Http\\Request))\n#25 D:\\project\\client\\8\\shopp\\vendor\\laravel\\framework\\src\\Illuminate\\Pipeline\\Pipeline.php(219): Illuminate\\Http\\Middleware\\AddLinkHeadersForPreloadedAssets->handle(Object(Illuminate\\Http\\Request), Object(Closure))\n#26 D:\\project\\client\\8\\shopp\\vendor\\inertiajs\\inertia-laravel\\src\\Middleware.php(138): Illuminate\\Pipeline\\Pipeline->{closure:{closure:Illuminate\\Pipeline\\Pipeline::carry():194}:195}(Object(Illuminate\\Http\\Request))\n#27 D:\\project\\client\\8\\shopp\\vendor\\laravel\\framework\\src\\Illuminate\\Pipeline\\Pipeline.php(219): Inertia\\Middleware->handle(Object(Illuminate\\Http\\Request), Object(Closure))\n#28 D:\\project\\client\\8\\shopp\\app\\Http\\Middleware\\HandleAppearance.php(21): Illuminate\\Pipeline\\Pipeline->{closure:{closure:Illuminate\\Pipeline\\Pipeline::carry():194}:195}(Object(Illuminate\\Http\\Request))\n#29 D:\\project\\client\\8\\shopp\\vendor\\laravel\\framework\\src\\Illuminate\\Pipeline\\Pipeline.php(219): App\\Http\\Middleware\\HandleAppearance->handle(Object(Illuminate\\Http\\Request), Object(Closure))\n#30 D:\\project\\client\\8\\shopp\\vendor\\laravel\\framework\\src\\Illuminate\\Routing\\Middleware\\SubstituteBindings.php(52): Illuminate\\Pipeline\\Pipeline->{closure:{closure:Illuminate\\Pipeline\\Pipeline::carry():194}:195}(Object(Illuminate\\Http\\Request))\n#31 D:\\project\\client\\8\\shopp\\vendor\\laravel\\framework\\src\\Illuminate\\Pipeline\\Pipeline.php(219): Illuminate\\Routing\\Middleware\\SubstituteBindings->handle(Object(Illuminate\\Http\\Request), Object(Closure))\n#32 D:\\project\\client\\8\\shopp\\vendor\\laravel\\framework\\src\\Illuminate\\Foundation\\Http\\Middleware\\PreventRequestForgery.php(104): Illuminate\\Pipeline\\Pipeline->{closure:{closure:Illuminate\\Pipeline\\Pipeline::carry():194}:195}(Object(Illuminate\\Http\\Request))\n#33 D:\\project\\client\\8\\shopp\\vendor\\laravel\\framework\\src\\Illuminate\\Pipeline\\Pipeline.php(219): Illuminate\\Foundation\\Http\\Middleware\\PreventRequestForgery->handle(Object(Illuminate\\Http\\Request), Object(Closure))\n#34 D:\\project\\client\\8\\shopp\\vendor\\laravel\\framework\\src\\Illuminate\\View\\Middleware\\ShareErrorsFromSession.php(48): Illuminate\\Pipeline\\Pipeline->{closure:{closure:Illuminate\\Pipeline\\Pipeline::carry():194}:195}(Object(Illuminate\\Http\\Request))\n#35 D:\\project\\client\\8\\shopp\\vendor\\laravel\\framework\\src\\Illuminate\\Pipeline\\Pipeline.php(219): Illuminate\\View\\Middleware\\ShareErrorsFromSession->handle(Object(Illuminate\\Http\\Request), Object(Closure))\n#36 D:\\project\\client\\8\\shopp\\vendor\\laravel\\framework\\src\\Illuminate\\Session\\Middleware\\StartSession.php(120): Illuminate\\Pipeline\\Pipeline->{closure:{closure:Illuminate\\Pipeline\\Pipeline::carry():194}:195}(Object(Illuminate\\Http\\Request))\n#37 D:\\project\\client\\8\\shopp\\vendor\\laravel\\framework\\src\\Illuminate\\Session\\Middleware\\StartSession.php(63): Illuminate\\Session\\Middleware\\StartSession->handleStatefulRequest(Object(Illuminate\\Http\\Request), Object(Illuminate\\Session\\Store), Object(Closure))\n#38 D:\\project\\client\\8\\shopp\\vendor\\laravel\\framework\\src\\Illuminate\\Pipeline\\Pipeline.php(219): Illuminate\\Session\\Middleware\\StartSession->handle(Object(Illuminate\\Http\\Request), Object(Closure))\n#39 D:\\project\\client\\8\\shopp\\vendor\\laravel\\framework\\src\\Illuminate\\Cookie\\Middleware\\AddQueuedCookiesToResponse.php(36): Illuminate\\Pipeline\\Pipeline->{closure:{closure:Illuminate\\Pipeline\\Pipeline::carry():194}:195}(Object(Illuminate\\Http\\Request))\n#40 D:\\project\\client\\8\\shopp\\vendor\\laravel\\framework\\src\\Illuminate\\Pipeline\\Pipeline.php(219): Illuminate\\Cookie\\Middleware\\AddQueuedCookiesToResponse->handle(Object(Illuminate\\Http\\Request), Object(Closure))\n#41 D:\\project\\client\\8\\shopp\\vendor\\laravel\\framework\\src\\Illuminate\\Cookie\\Middleware\\EncryptCookies.php(74): Illuminate\\Pipeline\\Pipeline->{closure:{closure:Illuminate\\Pipeline\\Pipeline::carry():194}:195}(Object(Illuminate\\Http\\Request))\n#42 D:\\project\\client\\8\\shopp\\vendor\\laravel\\framework\\src\\Illuminate\\Pipeline\\Pipeline.php(219): Illuminate\\Cookie\\Middleware\\EncryptCookies->handle(Object(Illuminate\\Http\\Request), Object(Closure))\n#43 D:\\project\\client\\8\\shopp\\vendor\\laravel\\framework\\src\\Illuminate\\Pipeline\\Pipeline.php(137): Illuminate\\Pipeline\\Pipeline->{closure:{closure:Illuminate\\Pipeline\\Pipeline::carry():194}:195}(Object(Illuminate\\Http\\Request))\n#44 D:\\project\\client\\8\\shopp\\vendor\\laravel\\framework\\src\\Illuminate\\Routing\\Router.php(821): Illuminate\\Pipeline\\Pipeline->then(Object(Closure))\n#45 D:\\project\\client\\8\\shopp\\vendor\\laravel\\framework\\src\\Illuminate\\Routing\\Router.php(800): Illuminate\\Routing\\Router->runRouteWithinStack(Object(Illuminate\\Routing\\Route), Object(Illuminate\\Http\\Request))\n#46 D:\\project\\client\\8\\shopp\\vendor\\laravel\\framework\\src\\Illuminate\\Routing\\Router.php(764): Illuminate\\Routing\\Router->runRoute(Object(Illuminate\\Http\\Request), Object(Illuminate\\Routing\\Route))\n#47 D:\\project\\client\\8\\shopp\\vendor\\laravel\\framework\\src\\Illuminate\\Routing\\Router.php(753): Illuminate\\Routing\\Router->dispatchToRoute(Object(Illuminate\\Http\\Request))\n#48 D:\\project\\client\\8\\shopp\\vendor\\laravel\\framework\\src\\Illuminate\\Foundation\\Http\\Kernel.php(200): Illuminate\\Routing\\Router->dispatch(Object(Illuminate\\Http\\Request))\n#49 D:\\project\\client\\8\\shopp\\vendor\\laravel\\framework\\src\\Illuminate\\Pipeline\\Pipeline.php(180): Illuminate\\Foundation\\Http\\Kernel->{closure:Illuminate\\Foundation\\Http\\Kernel::dispatchToRouter():197}(Object(Illuminate\\Http\\Request))\n#50 D:\\project\\client\\8\\shopp\\vendor\\livewire\\livewire\\src\\Features\\SupportDisablingBackButtonCache\\DisableBackButtonCacheMiddleware.php(19): Illuminate\\Pipeline\\Pipeline->{closure:Illuminate\\Pipeline\\Pipeline::prepareDestination():178}(Object(Illuminate\\Http\\Request))\n#51 D:\\project\\client\\8\\shopp\\vendor\\laravel\\framework\\src\\Illuminate\\Pipeline\\Pipeline.php(219): Livewire\\Features\\SupportDisablingBackButtonCache\\DisableBackButtonCacheMiddleware->handle(Object(Illuminate\\Http\\Request), Object(Closure))\n#52 D:\\project\\client\\8\\shopp\\vendor\\inertiajs\\inertia-laravel\\src\\Middleware\\EnsureGetOnRedirect.php(19): Illuminate\\Pipeline\\Pipeline->{closure:{closure:Illuminate\\Pipeline\\Pipeline::carry():194}:195}(Object(Illuminate\\Http\\Request))\n#53 D:\\project\\client\\8\\shopp\\vendor\\laravel\\framework\\src\\Illuminate\\Pipeline\\Pipeline.php(219): Inertia\\Middleware\\EnsureGetOnRedirect->handle(Object(Illuminate\\Http\\Request), Object(Closure))\n#54 D:\\project\\client\\8\\shopp\\vendor\\laravel\\framework\\src\\Illuminate\\Foundation\\Http\\Middleware\\TransformsRequest.php(21): Illuminate\\Pipeline\\Pipeline->{closure:{closure:Illuminate\\Pipeline\\Pipeline::carry():194}:195}(Object(Illuminate\\Http\\Request))\n#55 D:\\project\\client\\8\\shopp\\vendor\\laravel\\framework\\src\\Illuminate\\Foundation\\Http\\Middleware\\ConvertEmptyStringsToNull.php(31): Illuminate\\Foundation\\Http\\Middleware\\TransformsRequest->handle(Object(Illuminate\\Http\\Request), Object(Closure))\n#56 D:\\project\\client\\8\\shopp\\vendor\\laravel\\framework\\src\\Illuminate\\Pipeline\\Pipeline.php(219): Illuminate\\Foundation\\Http\\Middleware\\ConvertEmptyStringsToNull->handle(Object(Illuminate\\Http\\Request), Object(Closure))\n#57 D:\\project\\client\\8\\shopp\\vendor\\laravel\\framework\\src\\Illuminate\\Foundation\\Http\\Middleware\\TransformsRequest.php(21): Illuminate\\Pipeline\\Pipeline->{closure:{closure:Illuminate\\Pipeline\\Pipeline::carry():194}:195}(Object(Illuminate\\Http\\Request))\n#58 D:\\project\\client\\8\\shopp\\vendor\\laravel\\framework\\src\\Illuminate\\Foundation\\Http\\Middleware\\TrimStrings.php(51): Illuminate\\Foundation\\Http\\Middleware\\TransformsRequest->handle(Object(Illuminate\\Http\\Request), Object(Closure))\n#59 D:\\project\\client\\8\\shopp\\vendor\\laravel\\framework\\src\\Illuminate\\Pipeline\\Pipeline.php(219): Illuminate\\Foundation\\Http\\Middleware\\TrimStrings->handle(Object(Illuminate\\Http\\Request), Object(Closure))\n#60 D:\\project\\client\\8\\shopp\\vendor\\laravel\\framework\\src\\Illuminate\\Http\\Middleware\\ValidatePostSize.php(27): Illuminate\\Pipeline\\Pipeline->{closure:{closure:Illuminate\\Pipeline\\Pipeline::carry():194}:195}(Object(Illuminate\\Http\\Request))\n#61 D:\\project\\client\\8\\shopp\\vendor\\laravel\\framework\\src\\Illuminate\\Pipeline\\Pipeline.php(219): Illuminate\\Http\\Middleware\\ValidatePostSize->handle(Object(Illuminate\\Http\\Request), Object(Closure))\n#62 D:\\project\\client\\8\\shopp\\vendor\\laravel\\framework\\src\\Illuminate\\Foundation\\Http\\Middleware\\PreventRequestsDuringMaintenance.php(109): Illuminate\\Pipeline\\Pipeline->{closure:{closure:Illuminate\\Pipeline\\Pipeline::carry():194}:195}(Object(Illuminate\\Http\\Request))\n#63 D:\\project\\client\\8\\shopp\\vendor\\laravel\\framework\\src\\Illuminate\\Pipeline\\Pipeline.php(219): Illuminate\\Foundation\\Http\\Middleware\\PreventRequestsDuringMaintenance->handle(Object(Illuminate\\Http\\Request), Object(Closure))\n#64 D:\\project\\client\\8\\shopp\\vendor\\laravel\\framework\\src\\Illuminate\\Http\\Middleware\\HandleCors.php(61): Illuminate\\Pipeline\\Pipeline->{closure:{closure:Illuminate\\Pipeline\\Pipeline::carry():194}:195}(Object(Illuminate\\Http\\Request))\n#65 D:\\project\\client\\8\\shopp\\vendor\\laravel\\framework\\src\\Illuminate\\Pipeline\\Pipeline.php(219): Illuminate\\Http\\Middleware\\HandleCors->handle(Object(Illuminate\\Http\\Request), Object(Closure))\n#66 D:\\project\\client\\8\\shopp\\vendor\\laravel\\framework\\src\\Illuminate\\Http\\Middleware\\TrustProxies.php(58): Illuminate\\Pipeline\\Pipeline->{closure:{closure:Illuminate\\Pipeline\\Pipeline::carry():194}:195}(Object(Illuminate\\Http\\Request))\n#67 D:\\project\\client\\8\\shopp\\vendor\\laravel\\framework\\src\\Illuminate\\Pipeline\\Pipeline.php(219): Illuminate\\Http\\Middleware\\TrustProxies->handle(Object(Illuminate\\Http\\Request), Object(Closure))\n#68 D:\\project\\client\\8\\shopp\\vendor\\laravel\\framework\\src\\Illuminate\\Foundation\\Http\\Middleware\\InvokeDeferredCallbacks.php(22): Illuminate\\Pipeline\\Pipeline->{closure:{closure:Illuminate\\Pipeline\\Pipeline::carry():194}:195}(Object(Illuminate\\Http\\Request))\n#69 D:\\project\\client\\8\\shopp\\vendor\\laravel\\framework\\src\\Illuminate\\Pipeline\\Pipeline.php(219): Illuminate\\Foundation\\Http\\Middleware\\InvokeDeferredCallbacks->handle(Object(Illuminate\\Http\\Request), Object(Closure))\n#70 D:\\project\\client\\8\\shopp\\vendor\\laravel\\framework\\src\\Illuminate\\Http\\Middleware\\ValidatePathEncoding.php(28): Illuminate\\Pipeline\\Pipeline->{closure:{closure:Illuminate\\Pipeline\\Pipeline::carry():194}:195}(Object(Illuminate\\Http\\Request))\n#71 D:\\project\\client\\8\\shopp\\vendor\\laravel\\framework\\src\\Illuminate\\Pipeline\\Pipeline.php(219): Illuminate\\Http\\Middleware\\ValidatePathEncoding->handle(Object(Illuminate\\Http\\Request), Object(Closure))\n#72 D:\\project\\client\\8\\shopp\\vendor\\laravel\\framework\\src\\Illuminate\\Pipeline\\Pipeline.php(137): Illuminate\\Pipeline\\Pipeline->{closure:{closure:Illuminate\\Pipeline\\Pipeline::carry():194}:195}(Object(Illuminate\\Http\\Request))\n#73 D:\\project\\client\\8\\shopp\\vendor\\laravel\\framework\\src\\Illuminate\\Foundation\\Http\\Kernel.php(175): Illuminate\\Pipeline\\Pipeline->then(Object(Closure))\n#74 D:\\project\\client\\8\\shopp\\vendor\\laravel\\framework\\src\\Illuminate\\Foundation\\Http\\Kernel.php(144): Illuminate\\Foundation\\Http\\Kernel->sendRequestThroughRouter(Object(Illuminate\\Http\\Request))\n#75 D:\\project\\client\\8\\shopp\\vendor\\laravel\\framework\\src\\Illuminate\\Foundation\\Testing\\Concerns\\MakesHttpRequests.php(607): Illuminate\\Foundation\\Http\\Kernel->handle(Object(Illuminate\\Http\\Request))\n#76 D:\\project\\client\\8\\shopp\\vendor\\laravel\\framework\\src\\Illuminate\\Foundation\\Testing\\Concerns\\MakesHttpRequests.php(368): Illuminate\\Foundation\\Testing\\TestCase->call('GET', 'http://shop.tes...', Array, Array, Array, Array)\n#77 D:\\project\\client\\8\\shopp\\tests\\Feature\\Auth\\AuthenticationTest.php(8): Illuminate\\Foundation\\Testing\\TestCase->get('http://shop.tes...')\n#78 D:\\project\\client\\8\\shopp\\vendor\\pestphp\\pest\\src\\Factories\\TestCaseMethodFactory.php(177): P\\Tests\\Feature\\Auth\\AuthenticationTest->{closure:D:\\project\\client\\8\\shopp\\tests\\Feature\\Auth\\AuthenticationTest.php:7}()\n#79 [internal function]: P\\Tests\\Feature\\Auth\\AuthenticationTest->{closure:Pest\\Factories\\TestCaseMethodFactory::getClosure():167}()\n#80 D:\\project\\client\\8\\shopp\\vendor\\pestphp\\pest\\src\\Concerns\\Testable.php(576): call_user_func_array(Object(Closure), Array)\n#81 D:\\project\\client\\8\\shopp\\vendor\\pestphp\\pest\\src\\Support\\ExceptionTrace.php(26): P\\Tests\\Feature\\Auth\\AuthenticationTest->{closure:Pest\\Concerns\\Testable::__callClosure():576}()\n#82 D:\\project\\client\\8\\shopp\\vendor\\pestphp\\pest\\src\\Concerns\\Testable.php(576): Pest\\Support\\ExceptionTrace::ensure(Object(Closure))\n#83 D:\\project\\client\\8\\shopp\\vendor\\pestphp\\pest\\src\\Concerns\\Testable.php(403): P\\Tests\\Feature\\Auth\\AuthenticationTest->__callClosure(Object(Closure), Array)\n#84 D:\\project\\client\\8\\shopp\\vendor\\pestphp\\pest\\src\\Factories\\TestCaseFactory.php(175) : eval()'d code(17): P\\Tests\\Feature\\Auth\\AuthenticationTest->__runTest(Object(Closure))\n#85 D:\\project\\client\\8\\shopp\\vendor\\phpunit\\phpunit\\src\\Framework\\TestCase.php(1310): P\\Tests\\Feature\\Auth\\AuthenticationTest->__pest_evaluable_login_screen_can_be_rendered()\n#86 D:\\project\\client\\8\\shopp\\vendor\\phpunit\\phpunit\\src\\Framework\\TestCase.php(1344): PHPUnit\\Framework\\TestCase->invokeTestMethod('__pest_evaluabl...', Array)\n#87 D:\\project\\client\\8\\shopp\\vendor\\phpunit\\phpunit\\src\\Framework\\TestCase.php(520): PHPUnit\\Framework\\TestCase->runTest()\n#88 D:\\project\\client\\8\\shopp\\vendor\\phpunit\\phpunit\\src\\Framework\\TestRunner\\TestRunner.php(99): PHPUnit\\Framework\\TestCase->runBare()\n#89 D:\\project\\client\\8\\shopp\\vendor\\phpunit\\phpunit\\src\\Framework\\TestCase.php(360): PHPUnit\\Framework\\TestRunner->run(Object(P\\Tests\\Feature\\Auth\\AuthenticationTest))\n#90 D:\\project\\client\\8\\shopp\\vendor\\phpunit\\phpunit\\src\\Framework\\TestSuite.php(374): PHPUnit\\Framework\\TestCase->run()\n#91 D:\\project\\client\\8\\shopp\\vendor\\phpunit\\phpunit\\src\\Framework\\TestSuite.php(374): PHPUnit\\Framework\\TestSuite->run()\n#92 D:\\project\\client\\8\\shopp\\vendor\\phpunit\\phpunit\\src\\TextUI\\TestRunner.php(64): PHPUnit\\Framework\\TestSuite->run()\n#93 D:\\project\\client\\8\\shopp\\vendor\\phpunit\\phpunit\\src\\TextUI\\Application.php(229): PHPUnit\\TextUI\\TestRunner->run(Object(PHPUnit\\TextUI\\Configuration\\Configuration), Object(PHPUnit\\Runner\\ResultCache\\DefaultResultCache), Object(PHPUnit\\Framework\\TestSuite))\n#94 D:\\project\\client\\8\\shopp\\vendor\\pestphp\\pest\\src\\Kernel.php(117): PHPUnit\\TextUI\\Application->run(Array)\n#95 D:\\project\\client\\8\\shopp\\vendor\\pestphp\\pest\\bin\\pest(207): Pest\\Kernel->handle(Array, Array)\n#96 D:\\project\\client\\8\\shopp\\vendor\\pestphp\\pest\\bin\\pest(215): {closure:D:\\project\\client\\8\\shopp\\vendor\\pestphp\\pest\\bin\\pest:21}()\n#97 D:\\project\\client\\8\\shopp\\vendor\\bin\\pest(119): include('D:\\\\project\\\\clie...')\n#98 {main}\n\nNext Illuminate\\View\\ViewException: Vite manifest not found at: D:\\project\\client\\8\\shopp\\public\\build/manifest.json (View: D:\\project\\client\\8\\shopp\\resources\\views\\app.blade.php) in D:\\project\\client\\8\\shopp\\vendor\\laravel\\framework\\src\\Illuminate\\Foundation\\Vite.php:960\nStack trace:\n#0 D:\\project\\client\\8\\shopp\\vendor\\livewire\\livewire\\src\\Mechanisms\\ExtendBlade\\ExtendedCompilerEngine.php(58): Illuminate\\View\\Engines\\CompilerEngine->handleViewException(Object(Illuminate\\Foundation\\ViteManifestNotFoundException), 2)\n#1 D:\\project\\client\\8\\shopp\\vendor\\laravel\\framework\\src\\Illuminate\\View\\Engines\\PhpEngine.php(59): Livewire\\Mechanisms\\ExtendBlade\\ExtendedCompilerEngine->handleViewException(Object(Illuminate\\Foundation\\ViteManifestNotFoundException), 2)\n#2 D:\\project\\client\\8\\shopp\\vendor\\livewire\\livewire\\src\\Mechanisms\\ExtendBlade\\ExtendedCompilerEngine.php(22): Illuminate\\View\\Engines\\PhpEngine->evaluatePath('D:\\\\project\\\\clie...', Array)\n#3 D:\\project\\client\\8\\shopp\\vendor\\laravel\\framework\\src\\Illuminate\\View\\Engines\\CompilerEngine.php(76): Livewire\\Mechanisms\\ExtendBlade\\ExtendedCompilerEngine->evaluatePath('D:\\\\project\\\\clie...', Array)\n#4 D:\\project\\client\\8\\shopp\\vendor\\livewire\\livewire\\src\\Mechanisms\\ExtendBlade\\ExtendedCompilerEngine.php(10): Illuminate\\View\\Engines\\CompilerEngine->get('D:\\\\project\\\\clie...', Array)\n#5 D:\\project\\client\\8\\shopp\\vendor\\laravel\\framework\\src\\Illuminate\\View\\View.php(208): Livewire\\Mechanisms\\ExtendBlade\\ExtendedCompilerEngine->get('D:\\\\project\\\\clie...', Array)\n#6 D:\\project\\client\\8\\shopp\\vendor\\laravel\\framework\\src\\Illuminate\\View\\View.php(191): Illuminate\\View\\View->getContents()\n#7 D:\\project\\client\\8\\shopp\\vendor\\laravel\\framework\\src\\Illuminate\\View\\View.php(160): Illuminate\\View\\View->renderContents()\n#8 D:\\project\\client\\8\\shopp\\vendor\\laravel\\framework\\src\\Illuminate\\Http\\Response.php(78): Illuminate\\View\\View->render()\n#9 D:\\project\\client\\8\\shopp\\vendor\\laravel\\framework\\src\\Illuminate\\Http\\Response.php(34): Illuminate\\Http\\Response->setContent(Object(Illuminate\\View\\View))\n#10 D:\\project\\client\\8\\shopp\\vendor\\laravel\\framework\\src\\Illuminate\\Routing\\ResponseFactory.php(61): Illuminate\\Http\\Response->__construct(Object(Illuminate\\View\\View), 200, Array)\n#11 D:\\project\\client\\8\\shopp\\vendor\\laravel\\framework\\src\\Illuminate\\Routing\\ResponseFactory.php(91): Illuminate\\Routing\\ResponseFactory->make(Object(Illuminate\\View\\View), 200, Array)\n#12 D:\\project\\client\\8\\shopp\\vendor\\laravel\\framework\\src\\Illuminate\\Support\\Facades\\Facade.php(363): Illuminate\\Routing\\ResponseFactory->view('app', Array)\n#13 D:\\project\\client\\8\\shopp\\vendor\\inertiajs\\inertia-laravel\\src\\Response.php(211): Illuminate\\Support\\Facades\\Facade::__callStatic('view', Array)\n#14 D:\\project\\client\\8\\shopp\\vendor\\laravel\\fortify\\src\\Http\\Responses\\SimpleViewResponse.php(56): Inertia\\Response->toResponse(Object(Illuminate\\Http\\Request))\n#15 D:\\project\\client\\8\\shopp\\vendor\\laravel\\framework\\src\\Illuminate\\Routing\\Router.php(921): Laravel\\Fortify\\Http\\Responses\\SimpleViewResponse->toResponse(Object(Illuminate\\Http\\Request))\n#16 D:\\project\\client\\8\\shopp\\vendor\\laravel\\framework\\src\\Illuminate\\Routing\\Router.php(906): Illuminate\\Routing\\Router::toResponse(Object(Illuminate\\Http\\Request), Object(Laravel\\Fortify\\Http\\Responses\\SimpleViewResponse))\n#17 D:\\project\\client\\8\\shopp\\vendor\\laravel\\framework\\src\\Illuminate\\Routing\\Router.php(821): Illuminate\\Routing\\Router->prepareResponse(Object(Illuminate\\Http\\Request), Object(Laravel\\Fortify\\Http\\Responses\\SimpleViewResponse))\n#18 D:\\project\\client\\8\\shopp\\vendor\\laravel\\framework\\src\\Illuminate\\Pipeline\\Pipeline.php(180): Illuminate\\Routing\\Router->{closure:Illuminate\\Routing\\Router::runRouteWithinStack():821}(Object(Illuminate\\Http\\Request))\n#19 D:\\project\\client\\8\\shopp\\vendor\\laravel\\framework\\src\\Illuminate\\Auth\\Middleware\\RedirectIfAuthenticated.php(47): Illuminate\\Pipeline\\Pipeline->{closure:Illuminate\\Pipeline\\Pipeline::prepareDestination():178}(Object(Illuminate\\Http\\Request))\n#20 D:\\project\\client\\8\\shopp\\vendor\\laravel\\framework\\src\\Illuminate\\Pipeline\\Pipeline.php(219): Illuminate\\Auth\\Middleware\\RedirectIfAuthenticated->handle(Object(Illuminate\\Http\\Request), Object(Closure), 'web')\n#21 D:\\project\\client\\8\\shopp\\vendor\\laravel\\framework\\src\\Illuminate\\Http\\Middleware\\AddLinkHeadersForPreloadedAssets.php(32): Illuminate\\Pipeline\\Pipeline->{closure:{closure:Illuminate\\Pipeline\\Pipeline::carry():194}:195}(Object(Illuminate\\Http\\Request))\n#22 D:\\project\\client\\8\\shopp\\vendor\\laravel\\framework\\src\\Illuminate\\Pipeline\\Pipeline.php(219): Illuminate\\Http\\Middleware\\AddLinkHeadersForPreloadedAssets->handle(Object(Illuminate\\Http\\Request), Object(Closure))\n#23 D:\\project\\client\\8\\shopp\\vendor\\inertiajs\\inertia-laravel\\src\\Middleware.php(138): Illuminate\\Pipeline\\Pipeline->{closure:{closure:Illuminate\\Pipeline\\Pipeline::carry():194}:195}(Object(Illuminate\\Http\\Request))\n#24 D:\\project\\client\\8\\shopp\\vendor\\laravel\\framework\\src\\Illuminate\\Pipeline\\Pipeline.php(219): Inertia\\Middleware->handle(Object(Illuminate\\Http\\Request), Object(Closure))\n#25 D:\\project\\client\\8\\shopp\\app\\Http\\Middleware\\HandleAppearance.php(21): Illuminate\\Pipeline\\Pipeline->{closure:{closure:Illuminate\\Pipeline\\Pipeline::carry():194}:195}(Object(Illuminate\\Http\\Request))\n#26 D:\\project\\client\\8\\shopp\\vendor\\laravel\\framework\\src\\Illuminate\\Pipeline\\Pipeline.php(219): App\\Http\\Middleware\\HandleAppearance->handle(Object(Illuminate\\Http\\Request), Object(Closure))\n#27 D:\\project\\client\\8\\shopp\\vendor\\laravel\\framework\\src\\Illuminate\\Routing\\Middleware\\SubstituteBindings.php(52): Illuminate\\Pipeline\\Pipeline->{closure:{closure:Illuminate\\Pipeline\\Pipeline::carry():194}:195}(Object(Illuminate\\Http\\Request))\n#28 D:\\project\\client\\8\\shopp\\vendor\\laravel\\framework\\src\\Illuminate\\Pipeline\\Pipeline.php(219): Illuminate\\Routing\\Middleware\\SubstituteBindings->handle(Object(Illuminate\\Http\\Request), Object(Closure))\n#29 D:\\project\\client\\8\\shopp\\vendor\\laravel\\framework\\src\\Illuminate\\Foundation\\Http\\Middleware\\PreventRequestForgery.php(104): Illuminate\\Pipeline\\Pipeline->{closure:{closure:Illuminate\\Pipeline\\Pipeline::carry():194}:195}(Object(Illuminate\\Http\\Request))\n#30 D:\\project\\client\\8\\shopp\\vendor\\laravel\\framework\\src\\Illuminate\\Pipeline\\Pipeline.php(219): Illuminate\\Foundation\\Http\\Middleware\\PreventRequestForgery->handle(Object(Illuminate\\Http\\Request), Object(Closure))\n#31 D:\\project\\client\\8\\shopp\\vendor\\laravel\\framework\\src\\Illuminate\\View\\Middleware\\ShareErrorsFromSession.php(48): Illuminate\\Pipeline\\Pipeline->{closure:{closure:Illuminate\\Pipeline\\Pipeline::carry():194}:195}(Object(Illuminate\\Http\\Request))\n#32 D:\\project\\client\\8\\shopp\\vendor\\laravel\\framework\\src\\Illuminate\\Pipeline\\Pipeline.php(219): Illuminate\\View\\Middleware\\ShareErrorsFromSession->handle(Object(Illuminate\\Http\\Request), Object(Closure))\n#33 D:\\project\\client\\8\\shopp\\vendor\\laravel\\framework\\src\\Illuminate\\Session\\Middleware\\StartSession.php(120): Illuminate\\Pipeline\\Pipeline->{closure:{closure:Illuminate\\Pipeline\\Pipeline::carry():194}:195}(Object(Illuminate\\Http\\Request))\n#34 D:\\project\\client\\8\\shopp\\vendor\\laravel\\framework\\src\\Illuminate\\Session\\Middleware\\StartSession.php(63): Illuminate\\Session\\Middleware\\StartSession->handleStatefulRequest(Object(Illuminate\\Http\\Request), Object(Illuminate\\Session\\Store), Object(Closure))\n#35 D:\\project\\client\\8\\shopp\\vendor\\laravel\\framework\\src\\Illuminate\\Pipeline\\Pipeline.php(219): Illuminate\\Session\\Middleware\\StartSession->handle(Object(Illuminate\\Http\\Request), Object(Closure))\n#36 D:\\project\\client\\8\\shopp\\vendor\\laravel\\framework\\src\\Illuminate\\Cookie\\Middleware\\AddQueuedCookiesToResponse.php(36): Illuminate\\Pipeline\\Pipeline->{closure:{closure:Illuminate\\Pipeline\\Pipeline::carry():194}:195}(Object(Illuminate\\Http\\Request))\n#37 D:\\project\\client\\8\\shopp\\vendor\\laravel\\framework\\src\\Illuminate\\Pipeline\\Pipeline.php(219): Illuminate\\Cookie\\Middleware\\AddQueuedCookiesToResponse->handle(Object(Illuminate\\Http\\Request), Object(Closure))\n#38 D:\\project\\client\\8\\shopp\\vendor\\laravel\\framework\\src\\Illuminate\\Cookie\\Middleware\\EncryptCookies.php(74): Illuminate\\Pipeline\\Pipeline->{closure:{closure:Illuminate\\Pipeline\\Pipeline::carry():194}:195}(Object(Illuminate\\Http\\Request))\n#39 D:\\project\\client\\8\\shopp\\vendor\\laravel\\framework\\src\\Illuminate\\Pipeline\\Pipeline.php(219): Illuminate\\Cookie\\Middleware\\EncryptCookies->handle(Object(Illuminate\\Http\\Request), Object(Closure))\n#40 D:\\project\\client\\8\\shopp\\vendor\\laravel\\framework\\src\\Illuminate\\Pipeline\\Pipeline.php(137): Illuminate\\Pipeline\\Pipeline->{closure:{closure:Illuminate\\Pipeline\\Pipeline::carry():194}:195}(Object(Illuminate\\Http\\Request))\n#41 D:\\project\\client\\8\\shopp\\vendor\\laravel\\framework\\src\\Illuminate\\Routing\\Router.php(821): Illuminate\\Pipeline\\Pipeline->then(Object(Closure))\n#42 D:\\project\\client\\8\\shopp\\vendor\\laravel\\framework\\src\\Illuminate\\Routing\\Router.php(800): Illuminate\\Routing\\Router->runRouteWithinStack(Object(Illuminate\\Routing\\Route), Object(Illuminate\\Http\\Request))\n#43 D:\\project\\client\\8\\shopp\\vendor\\laravel\\framework\\src\\Illuminate\\Routing\\Router.php(764): Illuminate\\Routing\\Router->runRoute(Object(Illuminate\\Http\\Request), Object(Illuminate\\Routing\\Route))\n#44 D:\\project\\client\\8\\shopp\\vendor\\laravel\\framework\\src\\Illuminate\\Routing\\Router.php(753): Illuminate\\Routing\\Router->dispatchToRoute(Object(Illuminate\\Http\\Request))\n#45 D:\\project\\client\\8\\shopp\\vendor\\laravel\\framework\\src\\Illuminate\\Foundation\\Http\\Kernel.php(200): Illuminate\\Routing\\Router->dispatch(Object(Illuminate\\Http\\Request))\n#46 D:\\project\\client\\8\\shopp\\vendor\\laravel\\framework\\src\\Illuminate\\Pipeline\\Pipeline.php(180): Illuminate\\Foundation\\Http\\Kernel->{closure:Illuminate\\Foundation\\Http\\Kernel::dispatchToRouter():197}(Object(Illuminate\\Http\\Request))\n#47 D:\\project\\client\\8\\shopp\\vendor\\livewire\\livewire\\src\\Features\\SupportDisablingBackButtonCache\\DisableBackButtonCacheMiddleware.php(19): Illuminate\\Pipeline\\Pipeline->{closure:Illuminate\\Pipeline\\Pipeline::prepareDestination():178}(Object(Illuminate\\Http\\Request))\n#48 D:\\project\\client\\8\\shopp\\vendor\\laravel\\framework\\src\\Illuminate\\Pipeline\\Pipeline.php(219): Livewire\\Features\\SupportDisablingBackButtonCache\\DisableBackButtonCacheMiddleware->handle(Object(Illuminate\\Http\\Request), Object(Closure))\n#49 D:\\project\\client\\8\\shopp\\vendor\\inertiajs\\inertia-laravel\\src\\Middleware\\EnsureGetOnRedirect.php(19): Illuminate\\Pipeline\\Pipeline->{closure:{closure:Illuminate\\Pipeline\\Pipeline::carry():194}:195}(Object(Illuminate\\Http\\Request))\n#50 D:\\project\\client\\8\\shopp\\vendor\\laravel\\framework\\src\\Illuminate\\Pipeline\\Pipeline.php(219): Inertia\\Middleware\\EnsureGetOnRedirect->handle(Object(Illuminate\\Http\\Request), Object(Closure))\n#51 D:\\project\\client\\8\\shopp\\vendor\\laravel\\framework\\src\\Illuminate\\Foundation\\Http\\Middleware\\TransformsRequest.php(21): Illuminate\\Pipeline\\Pipeline->{closure:{closure:Illuminate\\Pipeline\\Pipeline::carry():194}:195}(Object(Illuminate\\Http\\Request))\n#52 D:\\project\\client\\8\\shopp\\vendor\\laravel\\framework\\src\\Illuminate\\Foundation\\Http\\Middleware\\ConvertEmptyStringsToNull.php(31): Illuminate\\Foundation\\Http\\Middleware\\TransformsRequest->handle(Object(Illuminate\\Http\\Request), Object(Closure))\n#53 D:\\project\\client\\8\\shopp\\vendor\\laravel\\framework\\src\\Illuminate\\Pipeline\\Pipeline.php(219): Illuminate\\Foundation\\Http\\Middleware\\ConvertEmptyStringsToNull->handle(Object(Illuminate\\Http\\Request), Object(Closure))\n#54 D:\\project\\client\\8\\shopp\\vendor\\laravel\\framework\\src\\Illuminate\\Foundation\\Http\\Middleware\\TransformsRequest.php(21): Illuminate\\Pipeline\\Pipeline->{closure:{closure:Illuminate\\Pipeline\\Pipeline::carry():194}:195}(Object(Illuminate\\Http\\Request))\n#55 D:\\project\\client\\8\\shopp\\vendor\\laravel\\framework\\src\\Illuminate\\Foundation\\Http\\Middleware\\TrimStrings.php(51): Illuminate\\Foundation\\Http\\Middleware\\TransformsRequest->handle(Object(Illuminate\\Http\\Request), Object(Closure))\n#56 D:\\project\\client\\8\\shopp\\vendor\\laravel\\framework\\src\\Illuminate\\Pipeline\\Pipeline.php(219): Illuminate\\Foundation\\Http\\Middleware\\TrimStrings->handle(Object(Illuminate\\Http\\Request), Object(Closure))\n#57 D:\\project\\client\\8\\shopp\\vendor\\laravel\\framework\\src\\Illuminate\\Http\\Middleware\\ValidatePostSize.php(27): Illuminate\\Pipeline\\Pipeline->{closure:{closure:Illuminate\\Pipeline\\Pipeline::carry():194}:195}(Object(Illuminate\\Http\\Request))\n#58 D:\\project\\client\\8\\shopp\\vendor\\laravel\\framework\\src\\Illuminate\\Pipeline\\Pipeline.php(219): Illuminate\\Http\\Middleware\\ValidatePostSize->handle(Object(Illuminate\\Http\\Request), Object(Closure))\n#59 D:\\project\\client\\8\\shopp\\vendor\\laravel\\framework\\src\\Illuminate\\Foundation\\Http\\Middleware\\PreventRequestsDuringMaintenance.php(109): Illuminate\\Pipeline\\Pipeline->{closure:{closure:Illuminate\\Pipeline\\Pipeline::carry():194}:195}(Object(Illuminate\\Http\\Request))\n#60 D:\\project\\client\\8\\shopp\\vendor\\laravel\\framework\\src\\Illuminate\\Pipeline\\Pipeline.php(219): Illuminate\\Foundation\\Http\\Middleware\\PreventRequestsDuringMaintenance->handle(Object(Illuminate\\Http\\Request), Object(Closure))\n#61 D:\\project\\client\\8\\shopp\\vendor\\laravel\\framework\\src\\Illuminate\\Http\\Middleware\\HandleCors.php(61): Illuminate\\Pipeline\\Pipeline->{closure:{closure:Illuminate\\Pipeline\\Pipeline::carry():194}:195}(Object(Illuminate\\Http\\Request))\n#62 D:\\project\\client\\8\\shopp\\vendor\\laravel\\framework\\src\\Illuminate\\Pipeline\\Pipeline.php(219): Illuminate\\Http\\Middleware\\HandleCors->handle(Object(Illuminate\\Http\\Request), Object(Closure))\n#63 D:\\project\\client\\8\\shopp\\vendor\\laravel\\framework\\src\\Illuminate\\Http\\Middleware\\TrustProxies.php(58): Illuminate\\Pipeline\\Pipeline->{closure:{closure:Illuminate\\Pipeline\\Pipeline::carry():194}:195}(Object(Illuminate\\Http\\Request))\n#64 D:\\project\\client\\8\\shopp\\vendor\\laravel\\framework\\src\\Illuminate\\Pipeline\\Pipeline.php(219): Illuminate\\Http\\Middleware\\TrustProxies->handle(Object(Illuminate\\Http\\Request), Object(Closure))\n#65 D:\\project\\client\\8\\shopp\\vendor\\laravel\\framework\\src\\Illuminate\\Foundation\\Http\\Middleware\\InvokeDeferredCallbacks.php(22): Illuminate\\Pipeline\\Pipeline->{closure:{closure:Illuminate\\Pipeline\\Pipeline::carry():194}:195}(Object(Illuminate\\Http\\Request))\n#66 D:\\project\\client\\8\\shopp\\vendor\\laravel\\framework\\src\\Illuminate\\Pipeline\\Pipeline.php(219): Illuminate\\Foundation\\Http\\Middleware\\InvokeDeferredCallbacks->handle(Object(Illuminate\\Http\\Request), Object(Closure))\n#67 D:\\project\\client\\8\\shopp\\vendor\\laravel\\framework\\src\\Illuminate\\Http\\Middleware\\ValidatePathEncoding.php(28): Illuminate\\Pipeline\\Pipeline->{closure:{closure:Illuminate\\Pipeline\\Pipeline::carry():194}:195}(Object(Illuminate\\Http\\Request))\n#68 D:\\project\\client\\8\\shopp\\vendor\\laravel\\framework\\src\\Illuminate\\Pipeline\\Pipeline.php(219): Illuminate\\Http\\Middleware\\ValidatePathEncoding->handle(Object(Illuminate\\Http\\Request), Object(Closure))\n#69 D:\\project\\client\\8\\shopp\\vendor\\laravel\\framework\\src\\Illuminate\\Pipeline\\Pipeline.php(137): Illuminate\\Pipeline\\Pipeline->{closure:{closure:Illuminate\\Pipeline\\Pipeline::carry():194}:195}(Object(Illuminate\\Http\\Request))\n#70 D:\\project\\client\\8\\shopp\\vendor\\laravel\\framework\\src\\Illuminate\\Foundation\\Http\\Kernel.php(175): Illuminate\\Pipeline\\Pipeline->then(Object(Closure))\n#71 D:\\project\\client\\8\\shopp\\vendor\\laravel\\framework\\src\\Illuminate\\Foundation\\Http\\Kernel.php(144): Illuminate\\Foundation\\Http\\Kernel->sendRequestThroughRouter(Object(Illuminate\\Http\\Request))\n#72 D:\\project\\client\\8\\shopp\\vendor\\laravel\\framework\\src\\Illuminate\\Foundation\\Testing\\Concerns\\MakesHttpRequests.php(607): Illuminate\\Foundation\\Http\\Kernel->handle(Object(Illuminate\\Http\\Request))\n#73 D:\\project\\client\\8\\shopp\\vendor\\laravel\\framework\\src\\Illuminate\\Foundation\\Testing\\Concerns\\MakesHttpRequests.php(368): Illuminate\\Foundation\\Testing\\TestCase->call('GET', 'http://shop.tes...', Array, Array, Array, Array)\n#74 D:\\project\\client\\8\\shopp\\tests\\Feature\\Auth\\AuthenticationTest.php(8): Illuminate\\Foundation\\Testing\\TestCase->get('http://shop.tes...')\n#75 D:\\project\\client\\8\\shopp\\vendor\\pestphp\\pest\\src\\Factories\\TestCaseMethodFactory.php(177): P\\Tests\\Feature\\Auth\\AuthenticationTest->{closure:D:\\project\\client\\8\\shopp\\tests\\Feature\\Auth\\AuthenticationTest.php:7}()\n#76 [internal function]: P\\Tests\\Feature\\Auth\\AuthenticationTest->{closure:Pest\\Factories\\TestCaseMethodFactory::getClosure():167}()\n#77 D:\\project\\client\\8\\shopp\\vendor\\pestphp\\pest\\src\\Concerns\\Testable.php(576): call_user_func_array(Object(Closure), Array)\n#78 D:\\project\\client\\8\\shopp\\vendor\\pestphp\\pest\\src\\Support\\ExceptionTrace.php(26): P\\Tests\\Feature\\Auth\\AuthenticationTest->{closure:Pest\\Concerns\\Testable::__callClosure():576}()\n#79 D:\\project\\client\\8\\shopp\\vendor\\pestphp\\pest\\src\\Concerns\\Testable.php(576): Pest\\Support\\ExceptionTrace::ensure(Object(Closure))\n#80 D:\\project\\client\\8\\shopp\\vendor\\pestphp\\pest\\src\\Concerns\\Testable.php(403): P\\Tests\\Feature\\Auth\\AuthenticationTest->__callClosure(Object(Closure), Array)\n#81 D:\\project\\client\\8\\shopp\\vendor\\pestphp\\pest\\src\\Factories\\TestCaseFactory.php(175) : eval()'d code(17): P\\Tests\\Feature\\Auth\\AuthenticationTest->__runTest(Object(Closure))\n#82 D:\\project\\client\\8\\shopp\\vendor\\phpunit\\phpunit\\src\\Framework\\TestCase.php(1310): P\\Tests\\Feature\\Auth\\AuthenticationTest->__pest_evaluable_login_screen_can_be_rendered()\n#83 D:\\project\\client\\8\\shopp\\vendor\\phpunit\\phpunit\\src\\Framework\\TestCase.php(1344): PHPUnit\\Framework\\TestCase->invokeTestMethod('__pest_evaluabl...', Array)\n#84 D:\\project\\client\\8\\shopp\\vendor\\phpunit\\phpunit\\src\\Framework\\TestCase.php(520): PHPUnit\\Framework\\TestCase->runTest()\n#85 D:\\project\\client\\8\\shopp\\vendor\\phpunit\\phpunit\\src\\Framework\\TestRunner\\TestRunner.php(99): PHPUnit\\Framework\\TestCase->runBare()\n#86 D:\\project\\client\\8\\shopp\\vendor\\phpunit\\phpunit\\src\\Framework\\TestCase.php(360): PHPUnit\\Framework\\TestRunner->run(Object(P\\Tests\\Feature\\Auth\\AuthenticationTest))\n#87 D:\\project\\client\\8\\shopp\\vendor\\phpunit\\phpunit\\src\\Framework\\TestSuite.php(374): PHPUnit\\Framework\\TestCase->run()\n#88 D:\\project\\client\\8\\shopp\\vendor\\phpunit\\phpunit\\src\\Framework\\TestSuite.php(374): PHPUnit\\Framework\\TestSuite->run()\n#89 D:\\project\\client\\8\\shopp\\vendor\\phpunit\\phpunit\\src\\TextUI\\TestRunner.php(64): PHPUnit\\Framework\\TestSuite->run()\n#90 D:\\project\\client\\8\\shopp\\vendor\\phpunit\\phpunit\\src\\TextUI\\Application.php(229): PHPUnit\\TextUI\\TestRunner->run(Object(PHPUnit\\TextUI\\Configuration\\Configuration), Object(PHPUnit\\Runner\\ResultCache\\DefaultResultCache), Object(PHPUnit\\Framework\\TestSuite))\n#91 D:\\project\\client\\8\\shopp\\vendor\\pestphp\\pest\\src\\Kernel.php(117): PHPUnit\\TextUI\\Application->run(Array)\n#92 D:\\project\\client\\8\\shopp\\vendor\\pestphp\\pest\\bin\\pest(207): Pest\\Kernel->handle(Array, Array)\n#93 D:\\project\\client\\8\\shopp\\vendor\\pestphp\\pest\\bin\\pest(215): {closure:D:\\project\\client\\8\\shopp\\vendor\\pestphp\\pest\\bin\\pest:21}()\n#94 D:\\project\\client\\8\\shopp\\vendor\\bin\\pest(119): include('D:\\\\project\\\\clie...')\n#95 {main}\n\n----------------------------------------------------------------------------------\n\nVite manifest not found at: D:\\project\\client\\8\\shopp\\public\\build/manifest.json (View: D:\\project\\client\\8\\shopp\\resources\\views\\app.blade.php)"},{"test":"P\\Tests\\Feature\\Auth\\EmailVerificationTest::__pest_evaluable_email_verification_screen_can_be_rendered","file":"\\project\\client\\8\\shopp\\vendor\\laravel\\framework\\src\\Illuminate\\Testing\\TestResponseAssert.php","line":45,"message":"Expected response status code [200] but received 500.\nFailed asserting that 500 is identical to 200.\r\n\r\nThe following exception occurred during the last request:\n\nIlluminate\\Foundation\\ViteManifestNotFoundException: Vite manifest not found at: D:\\project\\client\\8\\shopp\\public\\build/manifest.json in D:\\project\\client\\8\\shopp\\vendor\\laravel\\framework\\src\\Illuminate\\Foundation\\Vite.php:960\nStack trace:\n#0 D:\\project\\client\\8\\shopp\\vendor\\laravel\\framework\\src\\Illuminate\\Foundation\\Vite.php(398): Illuminate\\Foundation\\Vite->manifest('build')\n#1 D:\\project\\client\\8\\shopp\\storage\\framework\\views\\b2bf0ef3f019cc794fda0830c3cbb8c3.php(40): Illuminate\\Foundation\\Vite->__invoke(Object(Illuminate\\Support\\Collection))\n#2 D:\\project\\client\\8\\shopp\\vendor\\laravel\\framework\\src\\Illuminate\\Filesystem\\Filesystem.php(123): require('D:\\\\project\\\\clie...')\n#3 D:\\project\\client\\8\\shopp\\vendor\\laravel\\framework\\src\\Illuminate\\Filesystem\\Filesystem.php(124): Illuminate\\Filesystem\\Filesystem::{closure:Illuminate\\Filesystem\\Filesystem::getRequire():120}()\n#4 D:\\project\\client\\8\\shopp\\vendor\\laravel\\framework\\src\\Illuminate\\View\\Engines\\PhpEngine.php(57): Illuminate\\Filesystem\\Filesystem->getRequire('D:\\\\project\\\\clie...', Array)\n#5 D:\\project\\client\\8\\shopp\\vendor\\livewire\\livewire\\src\\Mechanisms\\ExtendBlade\\ExtendedCompilerEngine.php(22): Illuminate\\View\\Engines\\PhpEngine->evaluatePath('D:\\\\project\\\\clie...', Array)\n#6 D:\\project\\client\\8\\shopp\\vendor\\laravel\\framework\\src\\Illuminate\\View\\Engines\\CompilerEngine.php(76): Livewire\\Mechanisms\\ExtendBlade\\ExtendedCompilerEngine->evaluatePath('D:\\\\project\\\\clie...', Array)\n#7 D:\\project\\client\\8\\shopp\\vendor\\livewire\\livewire\\src\\Mechanisms\\ExtendBlade\\ExtendedCompilerEngine.php(10): Illuminate\\View\\Engines\\CompilerEngine->get('D:\\\\project\\\\clie...', Array)\n#8 D:\\project\\client\\8\\shopp\\vendor\\laravel\\framework\\src\\Illuminate\\View\\View.php(208): Livewire\\Mechanisms\\ExtendBlade\\ExtendedCompilerEngine->get('D:\\\\project\\\\clie...', Array)\n#9 D:\\project\\client\\8\\shopp\\vendor\\laravel\\framework\\src\\Illuminate\\View\\View.php(191): Illuminate\\View\\View->getContents()\n#10 D:\\project\\client\\8\\shopp\\vendor\\laravel\\framework\\src\\Illuminate\\View\\View.php(160): Illuminate\\View\\View->renderContents()\n#11 D:\\project\\client\\8\\shopp\\vendor\\laravel\\framework\\src\\Illuminate\\Http\\Response.php(78): Illuminate\\View\\View->render()\n#12 D:\\project\\client\\8\\shopp\\vendor\\laravel\\framework\\src\\Illuminate\\Http\\Response.php(34): Illuminate\\Http\\Response->setContent(Object(Illuminate\\View\\View))\n#13 D:\\project\\client\\8\\shopp\\vendor\\laravel\\framework\\src\\Illuminate\\Routing\\ResponseFactory.php(61): Illuminate\\Http\\Response->__construct(Object(Illuminate\\View\\View), 200, Array)\n#14 D:\\project\\client\\8\\shopp\\vendor\\laravel\\framework\\src\\Illuminate\\Routing\\ResponseFactory.php(91): Illuminate\\Routing\\ResponseFactory->make(Object(Illuminate\\View\\View), 200, Array)\n#15 D:\\project\\client\\8\\shopp\\vendor\\laravel\\framework\\src\\Illuminate\\Support\\Facades\\Facade.php(363): Illuminate\\Routing\\ResponseFactory->view('app', Array)\n#16 D:\\project\\client\\8\\shopp\\vendor\\inertiajs\\inertia-laravel\\src\\Response.php(211): Illuminate\\Support\\Facades\\Facade::__callStatic('view', Array)\n#17 D:\\project\\client\\8\\shopp\\vendor\\laravel\\fortify\\src\\Http\\Responses\\SimpleViewResponse.php(56): Inertia\\Response->toResponse(Object(Illuminate\\Http\\Request))\n#18 D:\\project\\client\\8\\shopp\\vendor\\laravel\\framework\\src\\Illuminate\\Routing\\Router.php(921): Laravel\\Fortify\\Http\\Responses\\SimpleViewResponse->toResponse(Object(Illuminate\\Http\\Request))\n#19 D:\\project\\client\\8\\shopp\\vendor\\laravel\\framework\\src\\Illuminate\\Routing\\Router.php(906): Illuminate\\Routing\\Router::toResponse(Object(Illuminate\\Http\\Request), Object(Laravel\\Fortify\\Http\\Responses\\SimpleViewResponse))\n#20 D:\\project\\client\\8\\shopp\\vendor\\laravel\\framework\\src\\Illuminate\\Routing\\Router.php(821): Illuminate\\Routing\\Router->prepareResponse(Object(Illuminate\\Http\\Request), Object(Laravel\\Fortify\\Http\\Responses\\SimpleViewResponse))\n#21 D:\\project\\client\\8\\shopp\\vendor\\laravel\\framework\\src\\Illuminate\\Pipeline\\Pipeline.php(180): Illuminate\\Routing\\Router->{closure:Illuminate\\Routing\\Router::runRouteWithinStack():821}(Object(Illuminate\\Http\\Request))\n#22 D:\\project\\client\\8\\shopp\\vendor\\laravel\\framework\\src\\Illuminate\\Http\\Middleware\\AddLinkHeadersForPreloadedAssets.php(32): Illuminate\\Pipeline\\Pipeline->{closure:Illuminate\\Pipeline\\Pipeline::prepareDestination():178}(Object(Illuminate\\Http\\Request))\n#23 D:\\project\\client\\8\\shopp\\vendor\\laravel\\framework\\src\\Illuminate\\Pipeline\\Pipeline.php(219): Illuminate\\Http\\Middleware\\AddLinkHeadersForPreloadedAssets->handle(Object(Illuminate\\Http\\Request), Object(Closure))\n#24 D:\\project\\client\\8\\shopp\\vendor\\inertiajs\\inertia-laravel\\src\\Middleware.php(138): Illuminate\\Pipeline\\Pipeline->{closure:{closure:Illuminate\\Pipeline\\Pipeline::carry():194}:195}(Object(Illuminate\\Http\\Request))\n#25 D:\\project\\client\\8\\shopp\\vendor\\laravel\\framework\\src\\Illuminate\\Pipeline\\Pipeline.php(219): Inertia\\Middleware->handle(Object(Illuminate\\Http\\Request), Object(Closure))\n#26 D:\\project\\client\\8\\shopp\\app\\Http\\Middleware\\HandleAppearance.php(21): Illuminate\\Pipeline\\Pipeline->{closure:{closure:Illuminate\\Pipeline\\Pipeline::carry():194}:195}(Object(Illuminate\\Http\\Request))\n#27 D:\\project\\client\\8\\shopp\\vendor\\laravel\\framework\\src\\Illuminate\\Pipeline\\Pipeline.php(219): App\\Http\\Middleware\\HandleAppearance->handle(Object(Illuminate\\Http\\Request), Object(Closure))\n#28 D:\\project\\client\\8\\shopp\\vendor\\laravel\\framework\\src\\Illuminate\\Routing\\Middleware\\SubstituteBindings.php(52): Illuminate\\Pipeline\\Pipeline->{closure:{closure:Illuminate\\Pipeline\\Pipeline::carry():194}:195}(Object(Illuminate\\Http\\Request))\n#29 D:\\project\\client\\8\\shopp\\vendor\\laravel\\framework\\src\\Illuminate\\Pipeline\\Pipeline.php(219): Illuminate\\Routing\\Middleware\\SubstituteBindings->handle(Object(Illuminate\\Http\\Request), Object(Closure))\n#30 D:\\project\\client\\8\\shopp\\vendor\\laravel\\framework\\src\\Illuminate\\Auth\\Middleware\\Authenticate.php(63): Illuminate\\Pipeline\\Pipeline->{closure:{closure:Illuminate\\Pipeline\\Pipeline::carry():194}:195}(Object(Illuminate\\Http\\Request))\n#31 D:\\project\\client\\8\\shopp\\vendor\\laravel\\framework\\src\\Illuminate\\Pipeline\\Pipeline.php(219): Illuminate\\Auth\\Middleware\\Authenticate->handle(Object(Illuminate\\Http\\Request), Object(Closure), 'web')\n#32 D:\\project\\client\\8\\shopp\\vendor\\laravel\\framework\\src\\Illuminate\\Foundation\\Http\\Middleware\\PreventRequestForgery.php(104): Illuminate\\Pipeline\\Pipeline->{closure:{closure:Illuminate\\Pipeline\\Pipeline::carry():194}:195}(Object(Illuminate\\Http\\Request))\n#33 D:\\project\\client\\8\\shopp\\vendor\\laravel\\framework\\src\\Illuminate\\Pipeline\\Pipeline.php(219): Illuminate\\Foundation\\Http\\Middleware\\PreventRequestForgery->handle(Object(Illuminate\\Http\\Request), Object(Closure))\n#34 D:\\project\\client\\8\\shopp\\vendor\\laravel\\framework\\src\\Illuminate\\View\\Middleware\\ShareErrorsFromSession.php(48): Illuminate\\Pipeline\\Pipeline->{closure:{closure:Illuminate\\Pipeline\\Pipeline::carry():194}:195}(Object(Illuminate\\Http\\Request))\n#35 D:\\project\\client\\8\\shopp\\vendor\\laravel\\framework\\src\\Illuminate\\Pipeline\\Pipeline.php(219): Illuminate\\View\\Middleware\\ShareErrorsFromSession->handle(Object(Illuminate\\Http\\Request), Object(Closure))\n#36 D:\\project\\client\\8\\shopp\\vendor\\laravel\\framework\\src\\Illuminate\\Session\\Middleware\\StartSession.php(120): Illuminate\\Pipeline\\Pipeline->{closure:{closure:Illuminate\\Pipeline\\Pipeline::carry():194}:195}(Object(Illuminate\\Http\\Request))\n#37 D:\\project\\client\\8\\shopp\\vendor\\laravel\\framework\\src\\Illuminate\\Session\\Middleware\\StartSession.php(63): Illuminate\\Session\\Middleware\\StartSession->handleStatefulRequest(Object(Illuminate\\Http\\Request), Object(Illuminate\\Session\\Store), Object(Closure))\n#38 D:\\project\\client\\8\\shopp\\vendor\\laravel\\framework\\src\\Illuminate\\Pipeline\\Pipeline.php(219): Illuminate\\Session\\Middleware\\StartSession->handle(Object(Illuminate\\Http\\Request), Object(Closure))\n#39 D:\\project\\client\\8\\shopp\\vendor\\laravel\\framework\\src\\Illuminate\\Cookie\\Middleware\\AddQueuedCookiesToResponse.php(36): Illuminate\\Pipeline\\Pipeline->{closure:{closure:Illuminate\\Pipeline\\Pipeline::carry():194}:195}(Object(Illuminate\\Http\\Request))\n#40 D:\\project\\client\\8\\shopp\\vendor\\laravel\\framework\\src\\Illuminate\\Pipeline\\Pipeline.php(219): Illuminate\\Cookie\\Middleware\\AddQueuedCookiesToResponse->handle(Object(Illuminate\\Http\\Request), Object(Closure))\n#41 D:\\project\\client\\8\\shopp\\vendor\\laravel\\framework\\src\\Illuminate\\Cookie\\Middleware\\EncryptCookies.php(74): Illuminate\\Pipeline\\Pipeline->{closure:{closure:Illuminate\\Pipeline\\Pipeline::carry():194}:195}(Object(Illuminate\\Http\\Request))\n#42 D:\\project\\client\\8\\shopp\\vendor\\laravel\\framework\\src\\Illuminate\\Pipeline\\Pipeline.php(219): Illuminate\\Cookie\\Middleware\\EncryptCookies->handle(Object(Illuminate\\Http\\Request), Object(Closure))\n#43 D:\\project\\client\\8\\shopp\\vendor\\laravel\\framework\\src\\Illuminate\\Pipeline\\Pipeline.php(137): Illuminate\\Pipeline\\Pipeline->{closure:{closure:Illuminate\\Pipeline\\Pipeline::carry():194}:195}(Object(Illuminate\\Http\\Request))\n#44 D:\\project\\client\\8\\shopp\\vendor\\laravel\\framework\\src\\Illuminate\\Routing\\Router.php(821): Illuminate\\Pipeline\\Pipeline->then(Object(Closure))\n#45 D:\\project\\client\\8\\shopp\\vendor\\laravel\\framework\\src\\Illuminate\\Routing\\Router.php(800): Illuminate\\Routing\\Router->runRouteWithinStack(Object(Illuminate\\Routing\\Route), Object(Illuminate\\Http\\Request))\n#46 D:\\project\\client\\8\\shopp\\vendor\\laravel\\framework\\src\\Illuminate\\Routing\\Router.php(764): Illuminate\\Routing\\Router->runRoute(Object(Illuminate\\Http\\Request), Object(Illuminate\\Routing\\Route))\n#47 D:\\project\\client\\8\\shopp\\vendor\\laravel\\framework\\src\\Illuminate\\Routing\\Router.php(753): Illuminate\\Routing\\Router->dispatchToRoute(Object(Illuminate\\Http\\Request))\n#48 D:\\project\\client\\8\\shopp\\vendor\\laravel\\framework\\src\\Illuminate\\Foundation\\Http\\Kernel.php(200): Illuminate\\Routing\\Router->dispatch(Object(Illuminate\\Http\\Request))\n#49 D:\\project\\client\\8\\shopp\\vendor\\laravel\\framework\\src\\Illuminate\\Pipeline\\Pipeline.php(180): Illuminate\\Foundation\\Http\\Kernel->{closure:Illuminate\\Foundation\\Http\\Kernel::dispatchToRouter():197}(Object(Illuminate\\Http\\Request))\n#50 D:\\project\\client\\8\\shopp\\vendor\\livewire\\livewire\\src\\Features\\SupportDisablingBackButtonCache\\DisableBackButtonCacheMiddleware.php(19): Illuminate\\Pipeline\\Pipeline->{closure:Illuminate\\Pipeline\\Pipeline::prepareDestination():178}(Object(Illuminate\\Http\\Request))\n#51 D:\\project\\client\\8\\shopp\\vendor\\laravel\\framework\\src\\Illuminate\\Pipeline\\Pipeline.php(219): Livewire\\Features\\SupportDisablingBackButtonCache\\DisableBackButtonCacheMiddleware->handle(Object(Illuminate\\Http\\Request), Object(Closure))\n#52 D:\\project\\client\\8\\shopp\\vendor\\inertiajs\\inertia-laravel\\src\\Middleware\\EnsureGetOnRedirect.php(19): Illuminate\\Pipeline\\Pipeline->{closure:{closure:Illuminate\\Pipeline\\Pipeline::carry():194}:195}(Object(Illuminate\\Http\\Request))\n#53 D:\\project\\client\\8\\shopp\\vendor\\laravel\\framework\\src\\Illuminate\\Pipeline\\Pipeline.php(219): Inertia\\Middleware\\EnsureGetOnRedirect->handle(Object(Illuminate\\Http\\Request), Object(Closure))\n#54 D:\\project\\client\\8\\shopp\\vendor\\laravel\\framework\\src\\Illuminate\\Foundation\\Http\\Middleware\\TransformsRequest.php(21): Illuminate\\Pipeline\\Pipeline->{closure:{closure:Illuminate\\Pipeline\\Pipeline::carry():194}:195}(Object(Illuminate\\Http\\Request))\n#55 D:\\project\\client\\8\\shopp\\vendor\\laravel\\framework\\src\\Illuminate\\Foundation\\Http\\Middleware\\ConvertEmptyStringsToNull.php(31): Illuminate\\Foundation\\Http\\Middleware\\TransformsRequest->handle(Object(Illuminate\\Http\\Request), Object(Closure))\n#56 D:\\project\\client\\8\\shopp\\vendor\\laravel\\framework\\src\\Illuminate\\Pipeline\\Pipeline.php(219): Illuminate\\Foundation\\Http\\Middleware\\ConvertEmptyStringsToNull->handle(Object(Illuminate\\Http\\Request), Object(Closure))\n#57 D:\\project\\client\\8\\shopp\\vendor\\laravel\\framework\\src\\Illuminate\\Foundation\\Http\\Middleware\\TransformsRequest.php(21): Illuminate\\Pipeline\\Pipeline->{closure:{closure:Illuminate\\Pipeline\\Pipeline::carry():194}:195}(Object(Illuminate\\Http\\Request))\n#58 D:\\project\\client\\8\\shopp\\vendor\\laravel\\framework\\src\\Illuminate\\Foundation\\Http\\Middleware\\TrimStrings.php(51): Illuminate\\Foundation\\Http\\Middleware\\TransformsRequest->handle(Object(Illuminate\\Http\\Request), Object(Closure))\n#59 D:\\project\\client\\8\\shopp\\vendor\\laravel\\framework\\src\\Illuminate\\Pipeline\\Pipeline.php(219): Illuminate\\Foundation\\Http\\Middleware\\TrimStrings->handle(Object(Illuminate\\Http\\Request), Object(Closure))\n#60 D:\\project\\client\\8\\shopp\\vendor\\laravel\\framework\\src\\Illuminate\\Http\\Middleware\\ValidatePostSize.php(27): Illuminate\\Pipeline\\Pipeline->{closure:{closure:Illuminate\\Pipeline\\Pipeline::carry():194}:195}(Object(Illuminate\\Http\\Request))\n#61 D:\\project\\client\\8\\shopp\\vendor\\laravel\\framework\\src\\Illuminate\\Pipeline\\Pipeline.php(219): Illuminate\\Http\\Middleware\\ValidatePostSize->handle(Object(Illuminate\\Http\\Request), Object(Closure))\n#62 D:\\project\\client\\8\\shopp\\vendor\\laravel\\framework\\src\\Illuminate\\Foundation\\Http\\Middleware\\PreventRequestsDuringMaintenance.php(109): Illuminate\\Pipeline\\Pipeline->{closure:{closure:Illuminate\\Pipeline\\Pipeline::carry():194}:195}(Object(Illuminate\\Http\\Request))\n#63 D:\\project\\client\\8\\shopp\\vendor\\laravel\\framework\\src\\Illuminate\\Pipeline\\Pipeline.php(219): Illuminate\\Foundation\\Http\\Middleware\\PreventRequestsDuringMaintenance->handle(Object(Illuminate\\Http\\Request), Object(Closure))\n#64 D:\\project\\client\\8\\shopp\\vendor\\laravel\\framework\\src\\Illuminate\\Http\\Middleware\\HandleCors.php(61): Illuminate\\Pipeline\\Pipeline->{closure:{closure:Illuminate\\Pipeline\\Pipeline::carry():194}:195}(Object(Illuminate\\Http\\Request))\n#65 D:\\project\\client\\8\\shopp\\vendor\\laravel\\framework\\src\\Illuminate\\Pipeline\\Pipeline.php(219): Illuminate\\Http\\Middleware\\HandleCors->handle(Object(Illuminate\\Http\\Request), Object(Closure))\n#66 D:\\project\\client\\8\\shopp\\vendor\\laravel\\framework\\src\\Illuminate\\Http\\Middleware\\TrustProxies.php(58): Illuminate\\Pipeline\\Pipeline->{closure:{closure:Illuminate\\Pipeline\\Pipeline::carry():194}:195}(Object(Illuminate\\Http\\Request))\n#67 D:\\project\\client\\8\\shopp\\vendor\\laravel\\framework\\src\\Illuminate\\Pipeline\\Pipeline.php(219): Illuminate\\Http\\Middleware\\TrustProxies->handle(Object(Illuminate\\Http\\Request), Object(Closure))\n#68 D:\\project\\client\\8\\shopp\\vendor\\laravel\\framework\\src\\Illuminate\\Foundation\\Http\\Middleware\\InvokeDeferredCallbacks.php(22): Illuminate\\Pipeline\\Pipeline->{closure:{closure:Illuminate\\Pipeline\\Pipeline::carry():194}:195}(Object(Illuminate\\Http\\Request))\n#69 D:\\project\\client\\8\\shopp\\vendor\\laravel\\framework\\src\\Illuminate\\Pipeline\\Pipeline.php(219): Illuminate\\Foundation\\Http\\Middleware\\InvokeDeferredCallbacks->handle(Object(Illuminate\\Http\\Request), Object(Closure))\n#70 D:\\project\\client\\8\\shopp\\vendor\\laravel\\framework\\src\\Illuminate\\Http\\Middleware\\ValidatePathEncoding.php(28): Illuminate\\Pipeline\\Pipeline->{closure:{closure:Illuminate\\Pipeline\\Pipeline::carry():194}:195}(Object(Illuminate\\Http\\Request))\n#71 D:\\project\\client\\8\\shopp\\vendor\\laravel\\framework\\src\\Illuminate\\Pipeline\\Pipeline.php(219): Illuminate\\Http\\Middleware\\ValidatePathEncoding->handle(Object(Illuminate\\Http\\Request), Object(Closure))\n#72 D:\\project\\client\\8\\shopp\\vendor\\laravel\\framework\\src\\Illuminate\\Pipeline\\Pipeline.php(137): Illuminate\\Pipeline\\Pipeline->{closure:{closure:Illuminate\\Pipeline\\Pipeline::carry():194}:195}(Object(Illuminate\\Http\\Request))\n#73 D:\\project\\client\\8\\shopp\\vendor\\laravel\\framework\\src\\Illuminate\\Foundation\\Http\\Kernel.php(175): Illuminate\\Pipeline\\Pipeline->then(Object(Closure))\n#74 D:\\project\\client\\8\\shopp\\vendor\\laravel\\framework\\src\\Illuminate\\Foundation\\Http\\Kernel.php(144): Illuminate\\Foundation\\Http\\Kernel->sendRequestThroughRouter(Object(Illuminate\\Http\\Request))\n#75 D:\\project\\client\\8\\shopp\\vendor\\laravel\\framework\\src\\Illuminate\\Foundation\\Testing\\Concerns\\MakesHttpRequests.php(607): Illuminate\\Foundation\\Http\\Kernel->handle(Object(Illuminate\\Http\\Request))\n#76 D:\\project\\client\\8\\shopp\\vendor\\laravel\\framework\\src\\Illuminate\\Foundation\\Testing\\Concerns\\MakesHttpRequests.php(368): Illuminate\\Foundation\\Testing\\TestCase->call('GET', 'http://shop.tes...', Array, Array, Array, Array)\n#77 D:\\project\\client\\8\\shopp\\tests\\Feature\\Auth\\EmailVerificationTest.php(16): Illuminate\\Foundation\\Testing\\TestCase->get('http://shop.tes...')\n#78 D:\\project\\client\\8\\shopp\\vendor\\pestphp\\pest\\src\\Factories\\TestCaseMethodFactory.php(177): P\\Tests\\Feature\\Auth\\EmailVerificationTest->{closure:D:\\project\\client\\8\\shopp\\tests\\Feature\\Auth\\EmailVerificationTest.php:13}()\n#79 [internal function]: P\\Tests\\Feature\\Auth\\EmailVerificationTest->{closure:Pest\\Factories\\TestCaseMethodFactory::getClosure():167}()\n#80 D:\\project\\client\\8\\shopp\\vendor\\pestphp\\pest\\src\\Concerns\\Testable.php(576): call_user_func_array(Object(Closure), Array)\n#81 D:\\project\\client\\8\\shopp\\vendor\\pestphp\\pest\\src\\Support\\ExceptionTrace.php(26): P\\Tests\\Feature\\Auth\\EmailVerificationTest->{closure:Pest\\Concerns\\Testable::__callClosure():576}()\n#82 D:\\project\\client\\8\\shopp\\vendor\\pestphp\\pest\\src\\Concerns\\Testable.php(576): Pest\\Support\\ExceptionTrace::ensure(Object(Closure))\n#83 D:\\project\\client\\8\\shopp\\vendor\\pestphp\\pest\\src\\Concerns\\Testable.php(403): P\\Tests\\Feature\\Auth\\EmailVerificationTest->__callClosure(Object(Closure), Array)\n#84 D:\\project\\client\\8\\shopp\\vendor\\pestphp\\pest\\src\\Factories\\TestCaseFactory.php(175) : eval()'d code(17): P\\Tests\\Feature\\Auth\\EmailVerificationTest->__runTest(Object(Closure))\n#85 D:\\project\\client\\8\\shopp\\vendor\\phpunit\\phpunit\\src\\Framework\\TestCase.php(1310): P\\Tests\\Feature\\Auth\\EmailVerificationTest->__pest_evaluable_email_verification_screen_can_be_rendered()\n#86 D:\\project\\client\\8\\shopp\\vendor\\phpunit\\phpunit\\src\\Framework\\TestCase.php(1344): PHPUnit\\Framework\\TestCase->invokeTestMethod('__pest_evaluabl...', Array)\n#87 D:\\project\\client\\8\\shopp\\vendor\\phpunit\\phpunit\\src\\Framework\\TestCase.php(520): PHPUnit\\Framework\\TestCase->runTest()\n#88 D:\\project\\client\\8\\shopp\\vendor\\phpunit\\phpunit\\src\\Framework\\TestRunner\\TestRunner.php(99): PHPUnit\\Framework\\TestCase->runBare()\n#89 D:\\project\\client\\8\\shopp\\vendor\\phpunit\\phpunit\\src\\Framework\\TestCase.php(360): PHPUnit\\Framework\\TestRunner->run(Object(P\\Tests\\Feature\\Auth\\EmailVerificationTest))\n#90 D:\\project\\client\\8\\shopp\\vendor\\phpunit\\phpunit\\src\\Framework\\TestSuite.php(374): PHPUnit\\Framework\\TestCase->run()\n#91 D:\\project\\client\\8\\shopp\\vendor\\phpunit\\phpunit\\src\\Framework\\TestSuite.php(374): PHPUnit\\Framework\\TestSuite->run()\n#92 D:\\project\\client\\8\\shopp\\vendor\\phpunit\\phpunit\\src\\TextUI\\TestRunner.php(64): PHPUnit\\Framework\\TestSuite->run()\n#93 D:\\project\\client\\8\\shopp\\vendor\\phpunit\\phpunit\\src\\TextUI\\Application.php(229): PHPUnit\\TextUI\\TestRunner->run(Object(PHPUnit\\TextUI\\Configuration\\Configuration), Object(PHPUnit\\Runner\\ResultCache\\DefaultResultCache), Object(PHPUnit\\Framework\\TestSuite))\n#94 D:\\project\\client\\8\\shopp\\vendor\\pestphp\\pest\\src\\Kernel.php(117): PHPUnit\\TextUI\\Application->run(Array)\n#95 D:\\project\\client\\8\\shopp\\vendor\\pestphp\\pest\\bin\\pest(207): Pest\\Kernel->handle(Array, Array)\n#96 D:\\project\\client\\8\\shopp\\vendor\\pestphp\\pest\\bin\\pest(215): {closure:D:\\project\\client\\8\\shopp\\vendor\\pestphp\\pest\\bin\\pest:21}()\n#97 D:\\project\\client\\8\\shopp\\vendor\\bin\\pest(119): include('D:\\\\project\\\\clie...')\n#98 {main}\n\nNext Illuminate\\View\\ViewException: Vite manifest not found at: D:\\project\\client\\8\\shopp\\public\\build/manifest.json (View: D:\\project\\client\\8\\shopp\\resources\\views\\app.blade.php) in D:\\project\\client\\8\\shopp\\vendor\\laravel\\framework\\src\\Illuminate\\Foundation\\Vite.php:960\nStack trace:\n#0 D:\\project\\client\\8\\shopp\\vendor\\livewire\\livewire\\src\\Mechanisms\\ExtendBlade\\ExtendedCompilerEngine.php(58): Illuminate\\View\\Engines\\CompilerEngine->handleViewException(Object(Illuminate\\Foundation\\ViteManifestNotFoundException), 2)\n#1 D:\\project\\client\\8\\shopp\\vendor\\laravel\\framework\\src\\Illuminate\\View\\Engines\\PhpEngine.php(59): Livewire\\Mechanisms\\ExtendBlade\\ExtendedCompilerEngine->handleViewException(Object(Illuminate\\Foundation\\ViteManifestNotFoundException), 2)\n#2 D:\\project\\client\\8\\shopp\\vendor\\livewire\\livewire\\src\\Mechanisms\\ExtendBlade\\ExtendedCompilerEngine.php(22): Illuminate\\View\\Engines\\PhpEngine->evaluatePath('D:\\\\project\\\\clie...', Array)\n#3 D:\\project\\client\\8\\shopp\\vendor\\laravel\\framework\\src\\Illuminate\\View\\Engines\\CompilerEngine.php(76): Livewire\\Mechanisms\\ExtendBlade\\ExtendedCompilerEngine->evaluatePath('D:\\\\project\\\\clie...', Array)\n#4 D:\\project\\client\\8\\shopp\\vendor\\livewire\\livewire\\src\\Mechanisms\\ExtendBlade\\ExtendedCompilerEngine.php(10): Illuminate\\View\\Engines\\CompilerEngine->get('D:\\\\project\\\\clie...', Array)\n#5 D:\\project\\client\\8\\shopp\\vendor\\laravel\\framework\\src\\Illuminate\\View\\View.php(208): Livewire\\Mechanisms\\ExtendBlade\\ExtendedCompilerEngine->get('D:\\\\project\\\\clie...', Array)\n#6 D:\\project\\client\\8\\shopp\\vendor\\laravel\\framework\\src\\Illuminate\\View\\View.php(191): Illuminate\\View\\View->getContents()\n#7 D:\\project\\client\\8\\shopp\\vendor\\laravel\\framework\\src\\Illuminate\\View\\View.php(160): Illuminate\\View\\View->renderContents()\n#8 D:\\project\\client\\8\\shopp\\vendor\\laravel\\framework\\src\\Illuminate\\Http\\Response.php(78): Illuminate\\View\\View->render()\n#9 D:\\project\\client\\8\\shopp\\vendor\\laravel\\framework\\src\\Illuminate\\Http\\Response.php(34): Illuminate\\Http\\Response->setContent(Object(Illuminate\\View\\View))\n#10 D:\\project\\client\\8\\shopp\\vendor\\laravel\\framework\\src\\Illuminate\\Routing\\ResponseFactory.php(61): Illuminate\\Http\\Response->__construct(Object(Illuminate\\View\\View), 200, Array)\n#11 D:\\project\\client\\8\\shopp\\vendor\\laravel\\framework\\src\\Illuminate\\Routing\\ResponseFactory.php(91): Illuminate\\Routing\\ResponseFactory->make(Object(Illuminate\\View\\View), 200, Array)\n#12 D:\\project\\client\\8\\shopp\\vendor\\laravel\\framework\\src\\Illuminate\\Support\\Facades\\Facade.php(363): Illuminate\\Routing\\ResponseFactory->view('app', Array)\n#13 D:\\project\\client\\8\\shopp\\vendor\\inertiajs\\inertia-laravel\\src\\Response.php(211): Illuminate\\Support\\Facades\\Facade::__callStatic('view', Array)\n#14 D:\\project\\client\\8\\shopp\\vendor\\laravel\\fortify\\src\\Http\\Responses\\SimpleViewResponse.php(56): Inertia\\Response->toResponse(Object(Illuminate\\Http\\Request))\n#15 D:\\project\\client\\8\\shopp\\vendor\\laravel\\framework\\src\\Illuminate\\Routing\\Router.php(921): Laravel\\Fortify\\Http\\Responses\\SimpleViewResponse->toResponse(Object(Illuminate\\Http\\Request))\n#16 D:\\project\\client\\8\\shopp\\vendor\\laravel\\framework\\src\\Illuminate\\Routing\\Router.php(906): Illuminate\\Routing\\Router::toResponse(Object(Illuminate\\Http\\Request), Object(Laravel\\Fortify\\Http\\Responses\\SimpleViewResponse))\n#17 D:\\project\\client\\8\\shopp\\vendor\\laravel\\framework\\src\\Illuminate\\Routing\\Router.php(821): Illuminate\\Routing\\Router->prepareResponse(Object(Illuminate\\Http\\Request), Object(Laravel\\Fortify\\Http\\Responses\\SimpleViewResponse))\n#18 D:\\project\\client\\8\\shopp\\vendor\\laravel\\framework\\src\\Illuminate\\Pipeline\\Pipeline.php(180): Illuminate\\Routing\\Router->{closure:Illuminate\\Routing\\Router::runRouteWithinStack():821}(Object(Illuminate\\Http\\Request))\n#19 D:\\project\\client\\8\\shopp\\vendor\\laravel\\framework\\src\\Illuminate\\Http\\Middleware\\AddLinkHeadersForPreloadedAssets.php(32): Illuminate\\Pipeline\\Pipeline->{closure:Illuminate\\Pipeline\\Pipeline::prepareDestination():178}(Object(Illuminate\\Http\\Request))\n#20 D:\\project\\client\\8\\shopp\\vendor\\laravel\\framework\\src\\Illuminate\\Pipeline\\Pipeline.php(219): Illuminate\\Http\\Middleware\\AddLinkHeadersForPreloadedAssets->handle(Object(Illuminate\\Http\\Request), Object(Closure))\n#21 D:\\project\\client\\8\\shopp\\vendor\\inertiajs\\inertia-laravel\\src\\Middleware.php(138): Illuminate\\Pipeline\\Pipeline->{closure:{closure:Illuminate\\Pipeline\\Pipeline::carry():194}:195}(Object(Illuminate\\Http\\Request))\n#22 D:\\project\\client\\8\\shopp\\vendor\\laravel\\framework\\src\\Illuminate\\Pipeline\\Pipeline.php(219): Inertia\\Middleware->handle(Object(Illuminate\\Http\\Request), Object(Closure))\n#23 D:\\project\\client\\8\\shopp\\app\\Http\\Middleware\\HandleAppearance.php(21): Illuminate\\Pipeline\\Pipeline->{closure:{closure:Illuminate\\Pipeline\\Pipeline::carry():194}:195}(Object(Illuminate\\Http\\Request))\n#24 D:\\project\\client\\8\\shopp\\vendor\\laravel\\framework\\src\\Illuminate\\Pipeline\\Pipeline.php(219): App\\Http\\Middleware\\HandleAppearance->handle(Object(Illuminate\\Http\\Request), Object(Closure))\n#25 D:\\project\\client\\8\\shopp\\vendor\\laravel\\framework\\src\\Illuminate\\Routing\\Middleware\\SubstituteBindings.php(52): Illuminate\\Pipeline\\Pipeline->{closure:{closure:Illuminate\\Pipeline\\Pipeline::carry():194}:195}(Object(Illuminate\\Http\\Request))\n#26 D:\\project\\client\\8\\shopp\\vendor\\laravel\\framework\\src\\Illuminate\\Pipeline\\Pipeline.php(219): Illuminate\\Routing\\Middleware\\SubstituteBindings->handle(Object(Illuminate\\Http\\Request), Object(Closure))\n#27 D:\\project\\client\\8\\shopp\\vendor\\laravel\\framework\\src\\Illuminate\\Auth\\Middleware\\Authenticate.php(63): Illuminate\\Pipeline\\Pipeline->{closure:{closure:Illuminate\\Pipeline\\Pipeline::carry():194}:195}(Object(Illuminate\\Http\\Request))\n#28 D:\\project\\client\\8\\shopp\\vendor\\laravel\\framework\\src\\Illuminate\\Pipeline\\Pipeline.php(219): Illuminate\\Auth\\Middleware\\Authenticate->handle(Object(Illuminate\\Http\\Request), Object(Closure), 'web')\n#29 D:\\project\\client\\8\\shopp\\vendor\\laravel\\framework\\src\\Illuminate\\Foundation\\Http\\Middleware\\PreventRequestForgery.php(104): Illuminate\\Pipeline\\Pipeline->{closure:{closure:Illuminate\\Pipeline\\Pipeline::carry():194}:195}(Object(Illuminate\\Http\\Request))\n#30 D:\\project\\client\\8\\shopp\\vendor\\laravel\\framework\\src\\Illuminate\\Pipeline\\Pipeline.php(219): Illuminate\\Foundation\\Http\\Middleware\\PreventRequestForgery->handle(Object(Illuminate\\Http\\Request), Object(Closure))\n#31 D:\\project\\client\\8\\shopp\\vendor\\laravel\\framework\\src\\Illuminate\\View\\Middleware\\ShareErrorsFromSession.php(48): Illuminate\\Pipeline\\Pipeline->{closure:{closure:Illuminate\\Pipeline\\Pipeline::carry():194}:195}(Object(Illuminate\\Http\\Request))\n#32 D:\\project\\client\\8\\shopp\\vendor\\laravel\\framework\\src\\Illuminate\\Pipeline\\Pipeline.php(219): Illuminate\\View\\Middleware\\ShareErrorsFromSession->handle(Object(Illuminate\\Http\\Request), Object(Closure))\n#33 D:\\project\\client\\8\\shopp\\vendor\\laravel\\framework\\src\\Illuminate\\Session\\Middleware\\StartSession.php(120): Illuminate\\Pipeline\\Pipeline->{closure:{closure:Illuminate\\Pipeline\\Pipeline::carry():194}:195}(Object(Illuminate\\Http\\Request))\n#34 D:\\project\\client\\8\\shopp\\vendor\\laravel\\framework\\src\\Illuminate\\Session\\Middleware\\StartSession.php(63): Illuminate\\Session\\Middleware\\StartSession->handleStatefulRequest(Object(Illuminate\\Http\\Request), Object(Illuminate\\Session\\Store), Object(Closure))\n#35 D:\\project\\client\\8\\shopp\\vendor\\laravel\\framework\\src\\Illuminate\\Pipeline\\Pipeline.php(219): Illuminate\\Session\\Middleware\\StartSession->handle(Object(Illuminate\\Http\\Request), Object(Closure))\n#36 D:\\project\\client\\8\\shopp\\vendor\\laravel\\framework\\src\\Illuminate\\Cookie\\Middleware\\AddQueuedCookiesToResponse.php(36): Illuminate\\Pipeline\\Pipeline->{closure:{closure:Illuminate\\Pipeline\\Pipeline::carry():194}:195}(Object(Illuminate\\Http\\Request))\n#37 D:\\project\\client\\8\\shopp\\vendor\\laravel\\framework\\src\\Illuminate\\Pipeline\\Pipeline.php(219): Illuminate\\Cookie\\Middleware\\AddQueuedCookiesToResponse->handle(Object(Illuminate\\Http\\Request), Object(Closure))\n#38 D:\\project\\client\\8\\shopp\\vendor\\laravel\\framework\\src\\Illuminate\\Cookie\\Middleware\\EncryptCookies.php(74): Illuminate\\Pipeline\\Pipeline->{closure:{closure:Illuminate\\Pipeline\\Pipeline::carry():194}:195}(Object(Illuminate\\Http\\Request))\n#39 D:\\project\\client\\8\\shopp\\vendor\\laravel\\framework\\src\\Illuminate\\Pipeline\\Pipeline.php(219): Illuminate\\Cookie\\Middleware\\EncryptCookies->handle(Object(Illuminate\\Http\\Request), Object(Closure))\n#40 D:\\project\\client\\8\\shopp\\vendor\\laravel\\framework\\src\\Illuminate\\Pipeline\\Pipeline.php(137): Illuminate\\Pipeline\\Pipeline->{closure:{closure:Illuminate\\Pipeline\\Pipeline::carry():194}:195}(Object(Illuminate\\Http\\Request))\n#41 D:\\project\\client\\8\\shopp\\vendor\\laravel\\framework\\src\\Illuminate\\Routing\\Router.php(821): Illuminate\\Pipeline\\Pipeline->then(Object(Closure))\n#42 D:\\project\\client\\8\\shopp\\vendor\\laravel\\framework\\src\\Illuminate\\Routing\\Router.php(800): Illuminate\\Routing\\Router->runRouteWithinStack(Object(Illuminate\\Routing\\Route), Object(Illuminate\\Http\\Request))\n#43 D:\\project\\client\\8\\shopp\\vendor\\laravel\\framework\\src\\Illuminate\\Routing\\Router.php(764): Illuminate\\Routing\\Router->runRoute(Object(Illuminate\\Http\\Request), Object(Illuminate\\Routing\\Route))\n#44 D:\\project\\client\\8\\shopp\\vendor\\laravel\\framework\\src\\Illuminate\\Routing\\Router.php(753): Illuminate\\Routing\\Router->dispatchToRoute(Object(Illuminate\\Http\\Request))\n#45 D:\\project\\client\\8\\shopp\\vendor\\laravel\\framework\\src\\Illuminate\\Foundation\\Http\\Kernel.php(200): Illuminate\\Routing\\Router->dispatch(Object(Illuminate\\Http\\Request))\n#46 D:\\project\\client\\8\\shopp\\vendor\\laravel\\framework\\src\\Illuminate\\Pipeline\\Pipeline.php(180): Illuminate\\Foundation\\Http\\Kernel->{closure:Illuminate\\Foundation\\Http\\Kernel::dispatchToRouter():197}(Object(Illuminate\\Http\\Request))\n#47 D:\\project\\client\\8\\shopp\\vendor\\livewire\\livewire\\src\\Features\\SupportDisablingBackButtonCache\\DisableBackButtonCacheMiddleware.php(19): Illuminate\\Pipeline\\Pipeline->{closure:Illuminate\\Pipeline\\Pipeline::prepareDestination():178}(Object(Illuminate\\Http\\Request))\n#48 D:\\project\\client\\8\\shopp\\vendor\\laravel\\framework\\src\\Illuminate\\Pipeline\\Pipeline.php(219): Livewire\\Features\\SupportDisablingBackButtonCache\\DisableBackButtonCacheMiddleware->handle(Object(Illuminate\\Http\\Request), Object(Closure))\n#49 D:\\project\\client\\8\\shopp\\vendor\\inertiajs\\inertia-laravel\\src\\Middleware\\EnsureGetOnRedirect.php(19): Illuminate\\Pipeline\\Pipeline->{closure:{closure:Illuminate\\Pipeline\\Pipeline::carry():194}:195}(Object(Illuminate\\Http\\Request))\n#50 D:\\project\\client\\8\\shopp\\vendor\\laravel\\framework\\src\\Illuminate\\Pipeline\\Pipeline.php(219): Inertia\\Middleware\\EnsureGetOnRedirect->handle(Object(Illuminate\\Http\\Request), Object(Closure))\n#51 D:\\project\\client\\8\\shopp\\vendor\\laravel\\framework\\src\\Illuminate\\Foundation\\Http\\Middleware\\TransformsRequest.php(21): Illuminate\\Pipeline\\Pipeline->{closure:{closure:Illuminate\\Pipeline\\Pipeline::carry():194}:195}(Object(Illuminate\\Http\\Request))\n#52 D:\\project\\client\\8\\shopp\\vendor\\laravel\\framework\\src\\Illuminate\\Foundation\\Http\\Middleware\\ConvertEmptyStringsToNull.php(31): Illuminate\\Foundation\\Http\\Middleware\\TransformsRequest->handle(Object(Illuminate\\Http\\Request), Object(Closure))\n#53 D:\\project\\client\\8\\shopp\\vendor\\laravel\\framework\\src\\Illuminate\\Pipeline\\Pipeline.php(219): Illuminate\\Foundation\\Http\\Middleware\\ConvertEmptyStringsToNull->handle(Object(Illuminate\\Http\\Request), Object(Closure))\n#54 D:\\project\\client\\8\\shopp\\vendor\\laravel\\framework\\src\\Illuminate\\Foundation\\Http\\Middleware\\TransformsRequest.php(21): Illuminate\\Pipeline\\Pipeline->{closure:{closure:Illuminate\\Pipeline\\Pipeline::carry():194}:195}(Object(Illuminate\\Http\\Request))\n#55 D:\\project\\client\\8\\shopp\\vendor\\laravel\\framework\\src\\Illuminate\\Foundation\\Http\\Middleware\\TrimStrings.php(51): Illuminate\\Foundation\\Http\\Middleware\\TransformsRequest->handle(Object(Illuminate\\Http\\Request), Object(Closure))\n#56 D:\\project\\client\\8\\shopp\\vendor\\laravel\\framework\\src\\Illuminate\\Pipeline\\Pipeline.php(219): Illuminate\\Foundation\\Http\\Middleware\\TrimStrings->handle(Object(Illuminate\\Http\\Request), Object(Closure))\n#57 D:\\project\\client\\8\\shopp\\vendor\\laravel\\framework\\src\\Illuminate\\Http\\Middleware\\ValidatePostSize.php(27): Illuminate\\Pipeline\\Pipeline->{closure:{closure:Illuminate\\Pipeline\\Pipeline::carry():194}:195}(Object(Illuminate\\Http\\Request))\n#58 D:\\project\\client\\8\\shopp\\vendor\\laravel\\framework\\src\\Illuminate\\Pipeline\\Pipeline.php(219): Illuminate\\Http\\Middleware\\ValidatePostSize->handle(Object(Illuminate\\Http\\Request), Object(Closure))\n#59 D:\\project\\client\\8\\shopp\\vendor\\laravel\\framework\\src\\Illuminate\\Foundation\\Http\\Middleware\\PreventRequestsDuringMaintenance.php(109): Illuminate\\Pipeline\\Pipeline->{closure:{closure:Illuminate\\Pipeline\\Pipeline::carry():194}:195}(Object(Illuminate\\Http\\Request))\n#60 D:\\project\\client\\8\\shopp\\vendor\\laravel\\framework\\src\\Illuminate\\Pipeline\\Pipeline.php(219): Illuminate\\Foundation\\Http\\Middleware\\PreventRequestsDuringMaintenance->handle(Object(Illuminate\\Http\\Request), Object(Closure))\n#61 D:\\project\\client\\8\\shopp\\vendor\\laravel\\framework\\src\\Illuminate\\Http\\Middleware\\HandleCors.php(61): Illuminate\\Pipeline\\Pipeline->{closure:{closure:Illuminate\\Pipeline\\Pipeline::carry():194}:195}(Object(Illuminate\\Http\\Request))\n#62 D:\\project\\client\\8\\shopp\\vendor\\laravel\\framework\\src\\Illuminate\\Pipeline\\Pipeline.php(219): Illuminate\\Http\\Middleware\\HandleCors->handle(Object(Illuminate\\Http\\Request), Object(Closure))\n#63 D:\\project\\client\\8\\shopp\\vendor\\laravel\\framework\\src\\Illuminate\\Http\\Middleware\\TrustProxies.php(58): Illuminate\\Pipeline\\Pipeline->{closure:{closure:Illuminate\\Pipeline\\Pipeline::carry():194}:195}(Object(Illuminate\\Http\\Request))\n#64 D:\\project\\client\\8\\shopp\\vendor\\laravel\\framework\\src\\Illuminate\\Pipeline\\Pipeline.php(219): Illuminate\\Http\\Middleware\\TrustProxies->handle(Object(Illuminate\\Http\\Request), Object(Closure))\n#65 D:\\project\\client\\8\\shopp\\vendor\\laravel\\framework\\src\\Illuminate\\Foundation\\Http\\Middleware\\InvokeDeferredCallbacks.php(22): Illuminate\\Pipeline\\Pipeline->{closure:{closure:Illuminate\\Pipeline\\Pipeline::carry():194}:195}(Object(Illuminate\\Http\\Request))\n#66 D:\\project\\client\\8\\shopp\\vendor\\laravel\\framework\\src\\Illuminate\\Pipeline\\Pipeline.php(219): Illuminate\\Foundation\\Http\\Middleware\\InvokeDeferredCallbacks->handle(Object(Illuminate\\Http\\Request), Object(Closure))\n#67 D:\\project\\client\\8\\shopp\\vendor\\laravel\\framework\\src\\Illuminate\\Http\\Middleware\\ValidatePathEncoding.php(28): Illuminate\\Pipeline\\Pipeline->{closure:{closure:Illuminate\\Pipeline\\Pipeline::carry():194}:195}(Object(Illuminate\\Http\\Request))\n#68 D:\\project\\client\\8\\shopp\\vendor\\laravel\\framework\\src\\Illuminate\\Pipeline\\Pipeline.php(219): Illuminate\\Http\\Middleware\\ValidatePathEncoding->handle(Object(Illuminate\\Http\\Request), Object(Closure))\n#69 D:\\project\\client\\8\\shopp\\vendor\\laravel\\framework\\src\\Illuminate\\Pipeline\\Pipeline.php(137): Illuminate\\Pipeline\\Pipeline->{closure:{closure:Illuminate\\Pipeline\\Pipeline::carry():194}:195}(Object(Illuminate\\Http\\Request))\n#70 D:\\project\\client\\8\\shopp\\vendor\\laravel\\framework\\src\\Illuminate\\Foundation\\Http\\Kernel.php(175): Illuminate\\Pipeline\\Pipeline->then(Object(Closure))\n#71 D:\\project\\client\\8\\shopp\\vendor\\laravel\\framework\\src\\Illuminate\\Foundation\\Http\\Kernel.php(144): Illuminate\\Foundation\\Http\\Kernel->sendRequestThroughRouter(Object(Illuminate\\Http\\Request))\n#72 D:\\project\\client\\8\\shopp\\vendor\\laravel\\framework\\src\\Illuminate\\Foundation\\Testing\\Concerns\\MakesHttpRequests.php(607): Illuminate\\Foundation\\Http\\Kernel->handle(Object(Illuminate\\Http\\Request))\n#73 D:\\project\\client\\8\\shopp\\vendor\\laravel\\framework\\src\\Illuminate\\Foundation\\Testing\\Concerns\\MakesHttpRequests.php(368): Illuminate\\Foundation\\Testing\\TestCase->call('GET', 'http://shop.tes...', Array, Array, Array, Array)\n#74 D:\\project\\client\\8\\shopp\\tests\\Feature\\Auth\\EmailVerificationTest.php(16): Illuminate\\Foundation\\Testing\\TestCase->get('http://shop.tes...')\n#75 D:\\project\\client\\8\\shopp\\vendor\\pestphp\\pest\\src\\Factories\\TestCaseMethodFactory.php(177): P\\Tests\\Feature\\Auth\\EmailVerificationTest->{closure:D:\\project\\client\\8\\shopp\\tests\\Feature\\Auth\\EmailVerificationTest.php:13}()\n#76 [internal function]: P\\Tests\\Feature\\Auth\\EmailVerificationTest->{closure:Pest\\Factories\\TestCaseMethodFactory::getClosure():167}()\n#77 D:\\project\\client\\8\\shopp\\vendor\\pestphp\\pest\\src\\Concerns\\Testable.php(576): call_user_func_array(Object(Closure), Array)\n#78 D:\\project\\client\\8\\shopp\\vendor\\pestphp\\pest\\src\\Support\\ExceptionTrace.php(26): P\\Tests\\Feature\\Auth\\EmailVerificationTest->{closure:Pest\\Concerns\\Testable::__callClosure():576}()\n#79 D:\\project\\client\\8\\shopp\\vendor\\pestphp\\pest\\src\\Concerns\\Testable.php(576): Pest\\Support\\ExceptionTrace::ensure(Object(Closure))\n#80 D:\\project\\client\\8\\shopp\\vendor\\pestphp\\pest\\src\\Concerns\\Testable.php(403): P\\Tests\\Feature\\Auth\\EmailVerificationTest->__callClosure(Object(Closure), Array)\n#81 D:\\project\\client\\8\\shopp\\vendor\\pestphp\\pest\\src\\Factories\\TestCaseFactory.php(175) : eval()'d code(17): P\\Tests\\Feature\\Auth\\EmailVerificationTest->__runTest(Object(Closure))\n#82 D:\\project\\client\\8\\shopp\\vendor\\phpunit\\phpunit\\src\\Framework\\TestCase.php(1310): P\\Tests\\Feature\\Auth\\EmailVerificationTest->__pest_evaluable_email_verification_screen_can_be_rendered()\n#83 D:\\project\\client\\8\\shopp\\vendor\\phpunit\\phpunit\\src\\Framework\\TestCase.php(1344): PHPUnit\\Framework\\TestCase->invokeTestMethod('__pest_evaluabl...', Array)\n#84 D:\\project\\client\\8\\shopp\\vendor\\phpunit\\phpunit\\src\\Framework\\TestCase.php(520): PHPUnit\\Framework\\TestCase->runTest()\n#85 D:\\project\\client\\8\\shopp\\vendor\\phpunit\\phpunit\\src\\Framework\\TestRunner\\TestRunner.php(99): PHPUnit\\Framework\\TestCase->runBare()\n#86 D:\\project\\client\\8\\shopp\\vendor\\phpunit\\phpunit\\src\\Framework\\TestCase.php(360): PHPUnit\\Framework\\TestRunner->run(Object(P\\Tests\\Feature\\Auth\\EmailVerificationTest))\n#87 D:\\project\\client\\8\\shopp\\vendor\\phpunit\\phpunit\\src\\Framework\\TestSuite.php(374): PHPUnit\\Framework\\TestCase->run()\n#88 D:\\project\\client\\8\\shopp\\vendor\\phpunit\\phpunit\\src\\Framework\\TestSuite.php(374): PHPUnit\\Framework\\TestSuite->run()\n#89 D:\\project\\client\\8\\shopp\\vendor\\phpunit\\phpunit\\src\\TextUI\\TestRunner.php(64): PHPUnit\\Framework\\TestSuite->run()\n#90 D:\\project\\client\\8\\shopp\\vendor\\phpunit\\phpunit\\src\\TextUI\\Application.php(229): PHPUnit\\TextUI\\TestRunner->run(Object(PHPUnit\\TextUI\\Configuration\\Configuration), Object(PHPUnit\\Runner\\ResultCache\\DefaultResultCache), Object(PHPUnit\\Framework\\TestSuite))\n#91 D:\\project\\client\\8\\shopp\\vendor\\pestphp\\pest\\src\\Kernel.php(117): PHPUnit\\TextUI\\Application->run(Array)\n#92 D:\\project\\client\\8\\shopp\\vendor\\pestphp\\pest\\bin\\pest(207): Pest\\Kernel->handle(Array, Array)\n#93 D:\\project\\client\\8\\shopp\\vendor\\pestphp\\pest\\bin\\pest(215): {closure:D:\\project\\client\\8\\shopp\\vendor\\pestphp\\pest\\bin\\pest:21}()\n#94 D:\\project\\client\\8\\shopp\\vendor\\bin\\pest(119): include('D:\\\\project\\\\clie...')\n#95 {main}\n\n----------------------------------------------------------------------------------\n\nVite manifest not found at: D:\\project\\client\\8\\shopp\\public\\build/manifest.json (View: D:\\project\\client\\8\\shopp\\resources\\views\\app.blade.php)"},{"test":"P\\Tests\\Feature\\Auth\\PasswordConfirmationTest::__pest_evaluable_confirm_password_screen_can_be_rendered","file":"\\project\\client\\8\\shopp\\vendor\\laravel\\framework\\src\\Illuminate\\Testing\\TestResponseAssert.php","line":45,"message":"Expected response status code [200] but received 500.\nFailed asserting that 500 is identical to 200.\r\n\r\nThe following exception occurred during the last request:\n\nIlluminate\\Foundation\\ViteManifestNotFoundException: Vite manifest not found at: D:\\project\\client\\8\\shopp\\public\\build/manifest.json in D:\\project\\client\\8\\shopp\\vendor\\laravel\\framework\\src\\Illuminate\\Foundation\\Vite.php:960\nStack trace:\n#0 D:\\project\\client\\8\\shopp\\vendor\\laravel\\framework\\src\\Illuminate\\Foundation\\Vite.php(398): Illuminate\\Foundation\\Vite->manifest('build')\n#1 D:\\project\\client\\8\\shopp\\storage\\framework\\views\\b2bf0ef3f019cc794fda0830c3cbb8c3.php(40): Illuminate\\Foundation\\Vite->__invoke(Object(Illuminate\\Support\\Collection))\n#2 D:\\project\\client\\8\\shopp\\vendor\\laravel\\framework\\src\\Illuminate\\Filesystem\\Filesystem.php(123): require('D:\\\\project\\\\clie...')\n#3 D:\\project\\client\\8\\shopp\\vendor\\laravel\\framework\\src\\Illuminate\\Filesystem\\Filesystem.php(124): Illuminate\\Filesystem\\Filesystem::{closure:Illuminate\\Filesystem\\Filesystem::getRequire():120}()\n#4 D:\\project\\client\\8\\shopp\\vendor\\laravel\\framework\\src\\Illuminate\\View\\Engines\\PhpEngine.php(57): Illuminate\\Filesystem\\Filesystem->getRequire('D:\\\\project\\\\clie...', Array)\n#5 D:\\project\\client\\8\\shopp\\vendor\\livewire\\livewire\\src\\Mechanisms\\ExtendBlade\\ExtendedCompilerEngine.php(22): Illuminate\\View\\Engines\\PhpEngine->evaluatePath('D:\\\\project\\\\clie...', Array)\n#6 D:\\project\\client\\8\\shopp\\vendor\\laravel\\framework\\src\\Illuminate\\View\\Engines\\CompilerEngine.php(76): Livewire\\Mechanisms\\ExtendBlade\\ExtendedCompilerEngine->evaluatePath('D:\\\\project\\\\clie...', Array)\n#7 D:\\project\\client\\8\\shopp\\vendor\\livewire\\livewire\\src\\Mechanisms\\ExtendBlade\\ExtendedCompilerEngine.php(10): Illuminate\\View\\Engines\\CompilerEngine->get('D:\\\\project\\\\clie...', Array)\n#8 D:\\project\\client\\8\\shopp\\vendor\\laravel\\framework\\src\\Illuminate\\View\\View.php(208): Livewire\\Mechanisms\\ExtendBlade\\ExtendedCompilerEngine->get('D:\\\\project\\\\clie...', Array)\n#9 D:\\project\\client\\8\\shopp\\vendor\\laravel\\framework\\src\\Illuminate\\View\\View.php(191): Illuminate\\View\\View->getContents()\n#10 D:\\project\\client\\8\\shopp\\vendor\\laravel\\framework\\src\\Illuminate\\View\\View.php(160): Illuminate\\View\\View->renderContents()\n#11 D:\\project\\client\\8\\shopp\\vendor\\laravel\\framework\\src\\Illuminate\\Http\\Response.php(78): Illuminate\\View\\View->render()\n#12 D:\\project\\client\\8\\shopp\\vendor\\laravel\\framework\\src\\Illuminate\\Http\\Response.php(34): Illuminate\\Http\\Response->setContent(Object(Illuminate\\View\\View))\n#13 D:\\project\\client\\8\\shopp\\vendor\\laravel\\framework\\src\\Illuminate\\Routing\\ResponseFactory.php(61): Illuminate\\Http\\Response->__construct(Object(Illuminate\\View\\View), 200, Array)\n#14 D:\\project\\client\\8\\shopp\\vendor\\laravel\\framework\\src\\Illuminate\\Routing\\ResponseFactory.php(91): Illuminate\\Routing\\ResponseFactory->make(Object(Illuminate\\View\\View), 200, Array)\n#15 D:\\project\\client\\8\\shopp\\vendor\\laravel\\framework\\src\\Illuminate\\Support\\Facades\\Facade.php(363): Illuminate\\Routing\\ResponseFactory->view('app', Array)\n#16 D:\\project\\client\\8\\shopp\\vendor\\inertiajs\\inertia-laravel\\src\\Response.php(211): Illuminate\\Support\\Facades\\Facade::__callStatic('view', Array)\n#17 D:\\project\\client\\8\\shopp\\vendor\\laravel\\fortify\\src\\Http\\Responses\\SimpleViewResponse.php(56): Inertia\\Response->toResponse(Object(Illuminate\\Http\\Request))\n#18 D:\\project\\client\\8\\shopp\\vendor\\laravel\\framework\\src\\Illuminate\\Routing\\Router.php(921): Laravel\\Fortify\\Http\\Responses\\SimpleViewResponse->toResponse(Object(Illuminate\\Http\\Request))\n#19 D:\\project\\client\\8\\shopp\\vendor\\laravel\\framework\\src\\Illuminate\\Routing\\Router.php(906): Illuminate\\Routing\\Router::toResponse(Object(Illuminate\\Http\\Request), Object(Laravel\\Fortify\\Http\\Responses\\SimpleViewResponse))\n#20 D:\\project\\client\\8\\shopp\\vendor\\laravel\\framework\\src\\Illuminate\\Routing\\Router.php(821): Illuminate\\Routing\\Router->prepareResponse(Object(Illuminate\\Http\\Request), Object(Laravel\\Fortify\\Http\\Responses\\SimpleViewResponse))\n#21 D:\\project\\client\\8\\shopp\\vendor\\laravel\\framework\\src\\Illuminate\\Pipeline\\Pipeline.php(180): Illuminate\\Routing\\Router->{closure:Illuminate\\Routing\\Router::runRouteWithinStack():821}(Object(Illuminate\\Http\\Request))\n#22 D:\\project\\client\\8\\shopp\\vendor\\laravel\\framework\\src\\Illuminate\\Http\\Middleware\\AddLinkHeadersForPreloadedAssets.php(32): Illuminate\\Pipeline\\Pipeline->{closure:Illuminate\\Pipeline\\Pipeline::prepareDestination():178}(Object(Illuminate\\Http\\Request))\n#23 D:\\project\\client\\8\\shopp\\vendor\\laravel\\framework\\src\\Illuminate\\Pipeline\\Pipeline.php(219): Illuminate\\Http\\Middleware\\AddLinkHeadersForPreloadedAssets->handle(Object(Illuminate\\Http\\Request), Object(Closure))\n#24 D:\\project\\client\\8\\shopp\\vendor\\inertiajs\\inertia-laravel\\src\\Middleware.php(138): Illuminate\\Pipeline\\Pipeline->{closure:{closure:Illuminate\\Pipeline\\Pipeline::carry():194}:195}(Object(Illuminate\\Http\\Request))\n#25 D:\\project\\client\\8\\shopp\\vendor\\laravel\\framework\\src\\Illuminate\\Pipeline\\Pipeline.php(219): Inertia\\Middleware->handle(Object(Illuminate\\Http\\Request), Object(Closure))\n#26 D:\\project\\client\\8\\shopp\\app\\Http\\Middleware\\HandleAppearance.php(21): Illuminate\\Pipeline\\Pipeline->{closure:{closure:Illuminate\\Pipeline\\Pipeline::carry():194}:195}(Object(Illuminate\\Http\\Request))\n#27 D:\\project\\client\\8\\shopp\\vendor\\laravel\\framework\\src\\Illuminate\\Pipeline\\Pipeline.php(219): App\\Http\\Middleware\\HandleAppearance->handle(Object(Illuminate\\Http\\Request), Object(Closure))\n#28 D:\\project\\client\\8\\shopp\\vendor\\laravel\\framework\\src\\Illuminate\\Routing\\Middleware\\SubstituteBindings.php(52): Illuminate\\Pipeline\\Pipeline->{closure:{closure:Illuminate\\Pipeline\\Pipeline::carry():194}:195}(Object(Illuminate\\Http\\Request))\n#29 D:\\project\\client\\8\\shopp\\vendor\\laravel\\framework\\src\\Illuminate\\Pipeline\\Pipeline.php(219): Illuminate\\Routing\\Middleware\\SubstituteBindings->handle(Object(Illuminate\\Http\\Request), Object(Closure))\n#30 D:\\project\\client\\8\\shopp\\vendor\\laravel\\framework\\src\\Illuminate\\Auth\\Middleware\\Authenticate.php(63): Illuminate\\Pipeline\\Pipeline->{closure:{closure:Illuminate\\Pipeline\\Pipeline::carry():194}:195}(Object(Illuminate\\Http\\Request))\n#31 D:\\project\\client\\8\\shopp\\vendor\\laravel\\framework\\src\\Illuminate\\Pipeline\\Pipeline.php(219): Illuminate\\Auth\\Middleware\\Authenticate->handle(Object(Illuminate\\Http\\Request), Object(Closure), 'web')\n#32 D:\\project\\client\\8\\shopp\\vendor\\laravel\\framework\\src\\Illuminate\\Foundation\\Http\\Middleware\\PreventRequestForgery.php(104): Illuminate\\Pipeline\\Pipeline->{closure:{closure:Illuminate\\Pipeline\\Pipeline::carry():194}:195}(Object(Illuminate\\Http\\Request))\n#33 D:\\project\\client\\8\\shopp\\vendor\\laravel\\framework\\src\\Illuminate\\Pipeline\\Pipeline.php(219): Illuminate\\Foundation\\Http\\Middleware\\PreventRequestForgery->handle(Object(Illuminate\\Http\\Request), Object(Closure))\n#34 D:\\project\\client\\8\\shopp\\vendor\\laravel\\framework\\src\\Illuminate\\View\\Middleware\\ShareErrorsFromSession.php(48): Illuminate\\Pipeline\\Pipeline->{closure:{closure:Illuminate\\Pipeline\\Pipeline::carry():194}:195}(Object(Illuminate\\Http\\Request))\n#35 D:\\project\\client\\8\\shopp\\vendor\\laravel\\framework\\src\\Illuminate\\Pipeline\\Pipeline.php(219): Illuminate\\View\\Middleware\\ShareErrorsFromSession->handle(Object(Illuminate\\Http\\Request), Object(Closure))\n#36 D:\\project\\client\\8\\shopp\\vendor\\laravel\\framework\\src\\Illuminate\\Session\\Middleware\\StartSession.php(120): Illuminate\\Pipeline\\Pipeline->{closure:{closure:Illuminate\\Pipeline\\Pipeline::carry():194}:195}(Object(Illuminate\\Http\\Request))\n#37 D:\\project\\client\\8\\shopp\\vendor\\laravel\\framework\\src\\Illuminate\\Session\\Middleware\\StartSession.php(63): Illuminate\\Session\\Middleware\\StartSession->handleStatefulRequest(Object(Illuminate\\Http\\Request), Object(Illuminate\\Session\\Store), Object(Closure))\n#38 D:\\project\\client\\8\\shopp\\vendor\\laravel\\framework\\src\\Illuminate\\Pipeline\\Pipeline.php(219): Illuminate\\Session\\Middleware\\StartSession->handle(Object(Illuminate\\Http\\Request), Object(Closure))\n#39 D:\\project\\client\\8\\shopp\\vendor\\laravel\\framework\\src\\Illuminate\\Cookie\\Middleware\\AddQueuedCookiesToResponse.php(36): Illuminate\\Pipeline\\Pipeline->{closure:{closure:Illuminate\\Pipeline\\Pipeline::carry():194}:195}(Object(Illuminate\\Http\\Request))\n#40 D:\\project\\client\\8\\shopp\\vendor\\laravel\\framework\\src\\Illuminate\\Pipeline\\Pipeline.php(219): Illuminate\\Cookie\\Middleware\\AddQueuedCookiesToResponse->handle(Object(Illuminate\\Http\\Request), Object(Closure))\n#41 D:\\project\\client\\8\\shopp\\vendor\\laravel\\framework\\src\\Illuminate\\Cookie\\Middleware\\EncryptCookies.php(74): Illuminate\\Pipeline\\Pipeline->{closure:{closure:Illuminate\\Pipeline\\Pipeline::carry():194}:195}(Object(Illuminate\\Http\\Request))\n#42 D:\\project\\client\\8\\shopp\\vendor\\laravel\\framework\\src\\Illuminate\\Pipeline\\Pipeline.php(219): Illuminate\\Cookie\\Middleware\\EncryptCookies->handle(Object(Illuminate\\Http\\Request), Object(Closure))\n#43 D:\\project\\client\\8\\shopp\\vendor\\laravel\\framework\\src\\Illuminate\\Pipeline\\Pipeline.php(137): Illuminate\\Pipeline\\Pipeline->{closure:{closure:Illuminate\\Pipeline\\Pipeline::carry():194}:195}(Object(Illuminate\\Http\\Request))\n#44 D:\\project\\client\\8\\shopp\\vendor\\laravel\\framework\\src\\Illuminate\\Routing\\Router.php(821): Illuminate\\Pipeline\\Pipeline->then(Object(Closure))\n#45 D:\\project\\client\\8\\shopp\\vendor\\laravel\\framework\\src\\Illuminate\\Routing\\Router.php(800): Illuminate\\Routing\\Router->runRouteWithinStack(Object(Illuminate\\Routing\\Route), Object(Illuminate\\Http\\Request))\n#46 D:\\project\\client\\8\\shopp\\vendor\\laravel\\framework\\src\\Illuminate\\Routing\\Router.php(764): Illuminate\\Routing\\Router->runRoute(Object(Illuminate\\Http\\Request), Object(Illuminate\\Routing\\Route))\n#47 D:\\project\\client\\8\\shopp\\vendor\\laravel\\framework\\src\\Illuminate\\Routing\\Router.php(753): Illuminate\\Routing\\Router->dispatchToRoute(Object(Illuminate\\Http\\Request))\n#48 D:\\project\\client\\8\\shopp\\vendor\\laravel\\framework\\src\\Illuminate\\Foundation\\Http\\Kernel.php(200): Illuminate\\Routing\\Router->dispatch(Object(Illuminate\\Http\\Request))\n#49 D:\\project\\client\\8\\shopp\\vendor\\laravel\\framework\\src\\Illuminate\\Pipeline\\Pipeline.php(180): Illuminate\\Foundation\\Http\\Kernel->{closure:Illuminate\\Foundation\\Http\\Kernel::dispatchToRouter():197}(Object(Illuminate\\Http\\Request))\n#50 D:\\project\\client\\8\\shopp\\vendor\\livewire\\livewire\\src\\Features\\SupportDisablingBackButtonCache\\DisableBackButtonCacheMiddleware.php(19): Illuminate\\Pipeline\\Pipeline->{closure:Illuminate\\Pipeline\\Pipeline::prepareDestination():178}(Object(Illuminate\\Http\\Request))\n#51 D:\\project\\client\\8\\shopp\\vendor\\laravel\\framework\\src\\Illuminate\\Pipeline\\Pipeline.php(219): Livewire\\Features\\SupportDisablingBackButtonCache\\DisableBackButtonCacheMiddleware->handle(Object(Illuminate\\Http\\Request), Object(Closure))\n#52 D:\\project\\client\\8\\shopp\\vendor\\inertiajs\\inertia-laravel\\src\\Middleware\\EnsureGetOnRedirect.php(19): Illuminate\\Pipeline\\Pipeline->{closure:{closure:Illuminate\\Pipeline\\Pipeline::carry():194}:195}(Object(Illuminate\\Http\\Request))\n#53 D:\\project\\client\\8\\shopp\\vendor\\laravel\\framework\\src\\Illuminate\\Pipeline\\Pipeline.php(219): Inertia\\Middleware\\EnsureGetOnRedirect->handle(Object(Illuminate\\Http\\Request), Object(Closure))\n#54 D:\\project\\client\\8\\shopp\\vendor\\laravel\\framework\\src\\Illuminate\\Foundation\\Http\\Middleware\\TransformsRequest.php(21): Illuminate\\Pipeline\\Pipeline->{closure:{closure:Illuminate\\Pipeline\\Pipeline::carry():194}:195}(Object(Illuminate\\Http\\Request))\n#55 D:\\project\\client\\8\\shopp\\vendor\\laravel\\framework\\src\\Illuminate\\Foundation\\Http\\Middleware\\ConvertEmptyStringsToNull.php(31): Illuminate\\Foundation\\Http\\Middleware\\TransformsRequest->handle(Object(Illuminate\\Http\\Request), Object(Closure))\n#56 D:\\project\\client\\8\\shopp\\vendor\\laravel\\framework\\src\\Illuminate\\Pipeline\\Pipeline.php(219): Illuminate\\Foundation\\Http\\Middleware\\ConvertEmptyStringsToNull->handle(Object(Illuminate\\Http\\Request), Object(Closure))\n#57 D:\\project\\client\\8\\shopp\\vendor\\laravel\\framework\\src\\Illuminate\\Foundation\\Http\\Middleware\\TransformsRequest.php(21): Illuminate\\Pipeline\\Pipeline->{closure:{closure:Illuminate\\Pipeline\\Pipeline::carry():194}:195}(Object(Illuminate\\Http\\Request))\n#58 D:\\project\\client\\8\\shopp\\vendor\\laravel\\framework\\src\\Illuminate\\Foundation\\Http\\Middleware\\TrimStrings.php(51): Illuminate\\Foundation\\Http\\Middleware\\TransformsRequest->handle(Object(Illuminate\\Http\\Request), Object(Closure))\n#59 D:\\project\\client\\8\\shopp\\vendor\\laravel\\framework\\src\\Illuminate\\Pipeline\\Pipeline.php(219): Illuminate\\Foundation\\Http\\Middleware\\TrimStrings->handle(Object(Illuminate\\Http\\Request), Object(Closure))\n#60 D:\\project\\client\\8\\shopp\\vendor\\laravel\\framework\\src\\Illuminate\\Http\\Middleware\\ValidatePostSize.php(27): Illuminate\\Pipeline\\Pipeline->{closure:{closure:Illuminate\\Pipeline\\Pipeline::carry():194}:195}(Object(Illuminate\\Http\\Request))\n#61 D:\\project\\client\\8\\shopp\\vendor\\laravel\\framework\\src\\Illuminate\\Pipeline\\Pipeline.php(219): Illuminate\\Http\\Middleware\\ValidatePostSize->handle(Object(Illuminate\\Http\\Request), Object(Closure))\n#62 D:\\project\\client\\8\\shopp\\vendor\\laravel\\framework\\src\\Illuminate\\Foundation\\Http\\Middleware\\PreventRequestsDuringMaintenance.php(109): Illuminate\\Pipeline\\Pipeline->{closure:{closure:Illuminate\\Pipeline\\Pipeline::carry():194}:195}(Object(Illuminate\\Http\\Request))\n#63 D:\\project\\client\\8\\shopp\\vendor\\laravel\\framework\\src\\Illuminate\\Pipeline\\Pipeline.php(219): Illuminate\\Foundation\\Http\\Middleware\\PreventRequestsDuringMaintenance->handle(Object(Illuminate\\Http\\Request), Object(Closure))\n#64 D:\\project\\client\\8\\shopp\\vendor\\laravel\\framework\\src\\Illuminate\\Http\\Middleware\\HandleCors.php(61): Illuminate\\Pipeline\\Pipeline->{closure:{closure:Illuminate\\Pipeline\\Pipeline::carry():194}:195}(Object(Illuminate\\Http\\Request))\n#65 D:\\project\\client\\8\\shopp\\vendor\\laravel\\framework\\src\\Illuminate\\Pipeline\\Pipeline.php(219): Illuminate\\Http\\Middleware\\HandleCors->handle(Object(Illuminate\\Http\\Request), Object(Closure))\n#66 D:\\project\\client\\8\\shopp\\vendor\\laravel\\framework\\src\\Illuminate\\Http\\Middleware\\TrustProxies.php(58): Illuminate\\Pipeline\\Pipeline->{closure:{closure:Illuminate\\Pipeline\\Pipeline::carry():194}:195}(Object(Illuminate\\Http\\Request))\n#67 D:\\project\\client\\8\\shopp\\vendor\\laravel\\framework\\src\\Illuminate\\Pipeline\\Pipeline.php(219): Illuminate\\Http\\Middleware\\TrustProxies->handle(Object(Illuminate\\Http\\Request), Object(Closure))\n#68 D:\\project\\client\\8\\shopp\\vendor\\laravel\\framework\\src\\Illuminate\\Foundation\\Http\\Middleware\\InvokeDeferredCallbacks.php(22): Illuminate\\Pipeline\\Pipeline->{closure:{closure:Illuminate\\Pipeline\\Pipeline::carry():194}:195}(Object(Illuminate\\Http\\Request))\n#69 D:\\project\\client\\8\\shopp\\vendor\\laravel\\framework\\src\\Illuminate\\Pipeline\\Pipeline.php(219): Illuminate\\Foundation\\Http\\Middleware\\InvokeDeferredCallbacks->handle(Object(Illuminate\\Http\\Request), Object(Closure))\n#70 D:\\project\\client\\8\\shopp\\vendor\\laravel\\framework\\src\\Illuminate\\Http\\Middleware\\ValidatePathEncoding.php(28): Illuminate\\Pipeline\\Pipeline->{closure:{closure:Illuminate\\Pipeline\\Pipeline::carry():194}:195}(Object(Illuminate\\Http\\Request))\n#71 D:\\project\\client\\8\\shopp\\vendor\\laravel\\framework\\src\\Illuminate\\Pipeline\\Pipeline.php(219): Illuminate\\Http\\Middleware\\ValidatePathEncoding->handle(Object(Illuminate\\Http\\Request), Object(Closure))\n#72 D:\\project\\client\\8\\shopp\\vendor\\laravel\\framework\\src\\Illuminate\\Pipeline\\Pipeline.php(137): Illuminate\\Pipeline\\Pipeline->{closure:{closure:Illuminate\\Pipeline\\Pipeline::carry():194}:195}(Object(Illuminate\\Http\\Request))\n#73 D:\\project\\client\\8\\shopp\\vendor\\laravel\\framework\\src\\Illuminate\\Foundation\\Http\\Kernel.php(175): Illuminate\\Pipeline\\Pipeline->then(Object(Closure))\n#74 D:\\project\\client\\8\\shopp\\vendor\\laravel\\framework\\src\\Illuminate\\Foundation\\Http\\Kernel.php(144): Illuminate\\Foundation\\Http\\Kernel->sendRequestThroughRouter(Object(Illuminate\\Http\\Request))\n#75 D:\\project\\client\\8\\shopp\\vendor\\laravel\\framework\\src\\Illuminate\\Foundation\\Testing\\Concerns\\MakesHttpRequests.php(607): Illuminate\\Foundation\\Http\\Kernel->handle(Object(Illuminate\\Http\\Request))\n#76 D:\\project\\client\\8\\shopp\\vendor\\laravel\\framework\\src\\Illuminate\\Foundation\\Testing\\Concerns\\MakesHttpRequests.php(368): Illuminate\\Foundation\\Testing\\TestCase->call('GET', 'http://shop.tes...', Array, Array, Array, Array)\n#77 D:\\project\\client\\8\\shopp\\tests\\Feature\\Auth\\PasswordConfirmationTest.php(9): Illuminate\\Foundation\\Testing\\TestCase->get('http://shop.tes...')\n#78 D:\\project\\client\\8\\shopp\\vendor\\pestphp\\pest\\src\\Factories\\TestCaseMethodFactory.php(177): P\\Tests\\Feature\\Auth\\PasswordConfirmationTest->{closure:D:\\project\\client\\8\\shopp\\tests\\Feature\\Auth\\PasswordConfirmationTest.php:6}()\n#79 [internal function]: P\\Tests\\Feature\\Auth\\PasswordConfirmationTest->{closure:Pest\\Factories\\TestCaseMethodFactory::getClosure():167}()\n#80 D:\\project\\client\\8\\shopp\\vendor\\pestphp\\pest\\src\\Concerns\\Testable.php(576): call_user_func_array(Object(Closure), Array)\n#81 D:\\project\\client\\8\\shopp\\vendor\\pestphp\\pest\\src\\Support\\ExceptionTrace.php(26): P\\Tests\\Feature\\Auth\\PasswordConfirmationTest->{closure:Pest\\Concerns\\Testable::__callClosure():576}()\n#82 D:\\project\\client\\8\\shopp\\vendor\\pestphp\\pest\\src\\Concerns\\Testable.php(576): Pest\\Support\\ExceptionTrace::ensure(Object(Closure))\n#83 D:\\project\\client\\8\\shopp\\vendor\\pestphp\\pest\\src\\Concerns\\Testable.php(403): P\\Tests\\Feature\\Auth\\PasswordConfirmationTest->__callClosure(Object(Closure), Array)\n#84 D:\\project\\client\\8\\shopp\\vendor\\pestphp\\pest\\src\\Factories\\TestCaseFactory.php(175) : eval()'d code(17): P\\Tests\\Feature\\Auth\\PasswordConfirmationTest->__runTest(Object(Closure))\n#85 D:\\project\\client\\8\\shopp\\vendor\\phpunit\\phpunit\\src\\Framework\\TestCase.php(1310): P\\Tests\\Feature\\Auth\\PasswordConfirmationTest->__pest_evaluable_confirm_password_screen_can_be_rendered()\n#86 D:\\project\\client\\8\\shopp\\vendor\\phpunit\\phpunit\\src\\Framework\\TestCase.php(1344): PHPUnit\\Framework\\TestCase->invokeTestMethod('__pest_evaluabl...', Array)\n#87 D:\\project\\client\\8\\shopp\\vendor\\phpunit\\phpunit\\src\\Framework\\TestCase.php(520): PHPUnit\\Framework\\TestCase->runTest()\n#88 D:\\project\\client\\8\\shopp\\vendor\\phpunit\\phpunit\\src\\Framework\\TestRunner\\TestRunner.php(99): PHPUnit\\Framework\\TestCase->runBare()\n#89 D:\\project\\client\\8\\shopp\\vendor\\phpunit\\phpunit\\src\\Framework\\TestCase.php(360): PHPUnit\\Framework\\TestRunner->run(Object(P\\Tests\\Feature\\Auth\\PasswordConfirmationTest))\n#90 D:\\project\\client\\8\\shopp\\vendor\\phpunit\\phpunit\\src\\Framework\\TestSuite.php(374): PHPUnit\\Framework\\TestCase->run()\n#91 D:\\project\\client\\8\\shopp\\vendor\\phpunit\\phpunit\\src\\Framework\\TestSuite.php(374): PHPUnit\\Framework\\TestSuite->run()\n#92 D:\\project\\client\\8\\shopp\\vendor\\phpunit\\phpunit\\src\\TextUI\\TestRunner.php(64): PHPUnit\\Framework\\TestSuite->run()\n#93 D:\\project\\client\\8\\shopp\\vendor\\phpunit\\phpunit\\src\\TextUI\\Application.php(229): PHPUnit\\TextUI\\TestRunner->run(Object(PHPUnit\\TextUI\\Configuration\\Configuration), Object(PHPUnit\\Runner\\ResultCache\\DefaultResultCache), Object(PHPUnit\\Framework\\TestSuite))\n#94 D:\\project\\client\\8\\shopp\\vendor\\pestphp\\pest\\src\\Kernel.php(117): PHPUnit\\TextUI\\Application->run(Array)\n#95 D:\\project\\client\\8\\shopp\\vendor\\pestphp\\pest\\bin\\pest(207): Pest\\Kernel->handle(Array, Array)\n#96 D:\\project\\client\\8\\shopp\\vendor\\pestphp\\pest\\bin\\pest(215): {closure:D:\\project\\client\\8\\shopp\\vendor\\pestphp\\pest\\bin\\pest:21}()\n#97 D:\\project\\client\\8\\shopp\\vendor\\bin\\pest(119): include('D:\\\\project\\\\clie...')\n#98 {main}\n\nNext Illuminate\\View\\ViewException: Vite manifest not found at: D:\\project\\client\\8\\shopp\\public\\build/manifest.json (View: D:\\project\\client\\8\\shopp\\resources\\views\\app.blade.php) in D:\\project\\client\\8\\shopp\\vendor\\laravel\\framework\\src\\Illuminate\\Foundation\\Vite.php:960\nStack trace:\n#0 D:\\project\\client\\8\\shopp\\vendor\\livewire\\livewire\\src\\Mechanisms\\ExtendBlade\\ExtendedCompilerEngine.php(58): Illuminate\\View\\Engines\\CompilerEngine->handleViewException(Object(Illuminate\\Foundation\\ViteManifestNotFoundException), 2)\n#1 D:\\project\\client\\8\\shopp\\vendor\\laravel\\framework\\src\\Illuminate\\View\\Engines\\PhpEngine.php(59): Livewire\\Mechanisms\\ExtendBlade\\ExtendedCompilerEngine->handleViewException(Object(Illuminate\\Foundation\\ViteManifestNotFoundException), 2)\n#2 D:\\project\\client\\8\\shopp\\vendor\\livewire\\livewire\\src\\Mechanisms\\ExtendBlade\\ExtendedCompilerEngine.php(22): Illuminate\\View\\Engines\\PhpEngine->evaluatePath('D:\\\\project\\\\clie...', Array)\n#3 D:\\project\\client\\8\\shopp\\vendor\\laravel\\framework\\src\\Illuminate\\View\\Engines\\CompilerEngine.php(76): Livewire\\Mechanisms\\ExtendBlade\\ExtendedCompilerEngine->evaluatePath('D:\\\\project\\\\clie...', Array)\n#4 D:\\project\\client\\8\\shopp\\vendor\\livewire\\livewire\\src\\Mechanisms\\ExtendBlade\\ExtendedCompilerEngine.php(10): Illuminate\\View\\Engines\\CompilerEngine->get('D:\\\\project\\\\clie...', Array)\n#5 D:\\project\\client\\8\\shopp\\vendor\\laravel\\framework\\src\\Illuminate\\View\\View.php(208): Livewire\\Mechanisms\\ExtendBlade\\ExtendedCompilerEngine->get('D:\\\\project\\\\clie...', Array)\n#6 D:\\project\\client\\8\\shopp\\vendor\\laravel\\framework\\src\\Illuminate\\View\\View.php(191): Illuminate\\View\\View->getContents()\n#7 D:\\project\\client\\8\\shopp\\vendor\\laravel\\framework\\src\\Illuminate\\View\\View.php(160): Illuminate\\View\\View->renderContents()\n#8 D:\\project\\client\\8\\shopp\\vendor\\laravel\\framework\\src\\Illuminate\\Http\\Response.php(78): Illuminate\\View\\View->render()\n#9 D:\\project\\client\\8\\shopp\\vendor\\laravel\\framework\\src\\Illuminate\\Http\\Response.php(34): Illuminate\\Http\\Response->setContent(Object(Illuminate\\View\\View))\n#10 D:\\project\\client\\8\\shopp\\vendor\\laravel\\framework\\src\\Illuminate\\Routing\\ResponseFactory.php(61): Illuminate\\Http\\Response->__construct(Object(Illuminate\\View\\View), 200, Array)\n#11 D:\\project\\client\\8\\shopp\\vendor\\laravel\\framework\\src\\Illuminate\\Routing\\ResponseFactory.php(91): Illuminate\\Routing\\ResponseFactory->make(Object(Illuminate\\View\\View), 200, Array)\n#12 D:\\project\\client\\8\\shopp\\vendor\\laravel\\framework\\src\\Illuminate\\Support\\Facades\\Facade.php(363): Illuminate\\Routing\\ResponseFactory->view('app', Array)\n#13 D:\\project\\client\\8\\shopp\\vendor\\inertiajs\\inertia-laravel\\src\\Response.php(211): Illuminate\\Support\\Facades\\Facade::__callStatic('view', Array)\n#14 D:\\project\\client\\8\\shopp\\vendor\\laravel\\fortify\\src\\Http\\Responses\\SimpleViewResponse.php(56): Inertia\\Response->toResponse(Object(Illuminate\\Http\\Request))\n#15 D:\\project\\client\\8\\shopp\\vendor\\laravel\\framework\\src\\Illuminate\\Routing\\Router.php(921): Laravel\\Fortify\\Http\\Responses\\SimpleViewResponse->toResponse(Object(Illuminate\\Http\\Request))\n#16 D:\\project\\client\\8\\shopp\\vendor\\laravel\\framework\\src\\Illuminate\\Routing\\Router.php(906): Illuminate\\Routing\\Router::toResponse(Object(Illuminate\\Http\\Request), Object(Laravel\\Fortify\\Http\\Responses\\SimpleViewResponse))\n#17 D:\\project\\client\\8\\shopp\\vendor\\laravel\\framework\\src\\Illuminate\\Routing\\Router.php(821): Illuminate\\Routing\\Router->prepareResponse(Object(Illuminate\\Http\\Request), Object(Laravel\\Fortify\\Http\\Responses\\SimpleViewResponse))\n#18 D:\\project\\client\\8\\shopp\\vendor\\laravel\\framework\\src\\Illuminate\\Pipeline\\Pipeline.php(180): Illuminate\\Routing\\Router->{closure:Illuminate\\Routing\\Router::runRouteWithinStack():821}(Object(Illuminate\\Http\\Request))\n#19 D:\\project\\client\\8\\shopp\\vendor\\laravel\\framework\\src\\Illuminate\\Http\\Middleware\\AddLinkHeadersForPreloadedAssets.php(32): Illuminate\\Pipeline\\Pipeline->{closure:Illuminate\\Pipeline\\Pipeline::prepareDestination():178}(Object(Illuminate\\Http\\Request))\n#20 D:\\project\\client\\8\\shopp\\vendor\\laravel\\framework\\src\\Illuminate\\Pipeline\\Pipeline.php(219): Illuminate\\Http\\Middleware\\AddLinkHeadersForPreloadedAssets->handle(Object(Illuminate\\Http\\Request), Object(Closure))\n#21 D:\\project\\client\\8\\shopp\\vendor\\inertiajs\\inertia-laravel\\src\\Middleware.php(138): Illuminate\\Pipeline\\Pipeline->{closure:{closure:Illuminate\\Pipeline\\Pipeline::carry():194}:195}(Object(Illuminate\\Http\\Request))\n#22 D:\\project\\client\\8\\shopp\\vendor\\laravel\\framework\\src\\Illuminate\\Pipeline\\Pipeline.php(219): Inertia\\Middleware->handle(Object(Illuminate\\Http\\Request), Object(Closure))\n#23 D:\\project\\client\\8\\shopp\\app\\Http\\Middleware\\HandleAppearance.php(21): Illuminate\\Pipeline\\Pipeline->{closure:{closure:Illuminate\\Pipeline\\Pipeline::carry():194}:195}(Object(Illuminate\\Http\\Request))\n#24 D:\\project\\client\\8\\shopp\\vendor\\laravel\\framework\\src\\Illuminate\\Pipeline\\Pipeline.php(219): App\\Http\\Middleware\\HandleAppearance->handle(Object(Illuminate\\Http\\Request), Object(Closure))\n#25 D:\\project\\client\\8\\shopp\\vendor\\laravel\\framework\\src\\Illuminate\\Routing\\Middleware\\SubstituteBindings.php(52): Illuminate\\Pipeline\\Pipeline->{closure:{closure:Illuminate\\Pipeline\\Pipeline::carry():194}:195}(Object(Illuminate\\Http\\Request))\n#26 D:\\project\\client\\8\\shopp\\vendor\\laravel\\framework\\src\\Illuminate\\Pipeline\\Pipeline.php(219): Illuminate\\Routing\\Middleware\\SubstituteBindings->handle(Object(Illuminate\\Http\\Request), Object(Closure))\n#27 D:\\project\\client\\8\\shopp\\vendor\\laravel\\framework\\src\\Illuminate\\Auth\\Middleware\\Authenticate.php(63): Illuminate\\Pipeline\\Pipeline->{closure:{closure:Illuminate\\Pipeline\\Pipeline::carry():194}:195}(Object(Illuminate\\Http\\Request))\n#28 D:\\project\\client\\8\\shopp\\vendor\\laravel\\framework\\src\\Illuminate\\Pipeline\\Pipeline.php(219): Illuminate\\Auth\\Middleware\\Authenticate->handle(Object(Illuminate\\Http\\Request), Object(Closure), 'web')\n#29 D:\\project\\client\\8\\shopp\\vendor\\laravel\\framework\\src\\Illuminate\\Foundation\\Http\\Middleware\\PreventRequestForgery.php(104): Illuminate\\Pipeline\\Pipeline->{closure:{closure:Illuminate\\Pipeline\\Pipeline::carry():194}:195}(Object(Illuminate\\Http\\Request))\n#30 D:\\project\\client\\8\\shopp\\vendor\\laravel\\framework\\src\\Illuminate\\Pipeline\\Pipeline.php(219): Illuminate\\Foundation\\Http\\Middleware\\PreventRequestForgery->handle(Object(Illuminate\\Http\\Request), Object(Closure))\n#31 D:\\project\\client\\8\\shopp\\vendor\\laravel\\framework\\src\\Illuminate\\View\\Middleware\\ShareErrorsFromSession.php(48): Illuminate\\Pipeline\\Pipeline->{closure:{closure:Illuminate\\Pipeline\\Pipeline::carry():194}:195}(Object(Illuminate\\Http\\Request))\n#32 D:\\project\\client\\8\\shopp\\vendor\\laravel\\framework\\src\\Illuminate\\Pipeline\\Pipeline.php(219): Illuminate\\View\\Middleware\\ShareErrorsFromSession->handle(Object(Illuminate\\Http\\Request), Object(Closure))\n#33 D:\\project\\client\\8\\shopp\\vendor\\laravel\\framework\\src\\Illuminate\\Session\\Middleware\\StartSession.php(120): Illuminate\\Pipeline\\Pipeline->{closure:{closure:Illuminate\\Pipeline\\Pipeline::carry():194}:195}(Object(Illuminate\\Http\\Request))\n#34 D:\\project\\client\\8\\shopp\\vendor\\laravel\\framework\\src\\Illuminate\\Session\\Middleware\\StartSession.php(63): Illuminate\\Session\\Middleware\\StartSession->handleStatefulRequest(Object(Illuminate\\Http\\Request), Object(Illuminate\\Session\\Store), Object(Closure))\n#35 D:\\project\\client\\8\\shopp\\vendor\\laravel\\framework\\src\\Illuminate\\Pipeline\\Pipeline.php(219): Illuminate\\Session\\Middleware\\StartSession->handle(Object(Illuminate\\Http\\Request), Object(Closure))\n#36 D:\\project\\client\\8\\shopp\\vendor\\laravel\\framework\\src\\Illuminate\\Cookie\\Middleware\\AddQueuedCookiesToResponse.php(36): Illuminate\\Pipeline\\Pipeline->{closure:{closure:Illuminate\\Pipeline\\Pipeline::carry():194}:195}(Object(Illuminate\\Http\\Request))\n#37 D:\\project\\client\\8\\shopp\\vendor\\laravel\\framework\\src\\Illuminate\\Pipeline\\Pipeline.php(219): Illuminate\\Cookie\\Middleware\\AddQueuedCookiesToResponse->handle(Object(Illuminate\\Http\\Request), Object(Closure))\n#38 D:\\project\\client\\8\\shopp\\vendor\\laravel\\framework\\src\\Illuminate\\Cookie\\Middleware\\EncryptCookies.php(74): Illuminate\\Pipeline\\Pipeline->{closure:{closure:Illuminate\\Pipeline\\Pipeline::carry():194}:195}(Object(Illuminate\\Http\\Request))\n#39 D:\\project\\client\\8\\shopp\\vendor\\laravel\\framework\\src\\Illuminate\\Pipeline\\Pipeline.php(219): Illuminate\\Cookie\\Middleware\\EncryptCookies->handle(Object(Illuminate\\Http\\Request), Object(Closure))\n#40 D:\\project\\client\\8\\shopp\\vendor\\laravel\\framework\\src\\Illuminate\\Pipeline\\Pipeline.php(137): Illuminate\\Pipeline\\Pipeline->{closure:{closure:Illuminate\\Pipeline\\Pipeline::carry():194}:195}(Object(Illuminate\\Http\\Request))\n#41 D:\\project\\client\\8\\shopp\\vendor\\laravel\\framework\\src\\Illuminate\\Routing\\Router.php(821): Illuminate\\Pipeline\\Pipeline->then(Object(Closure))\n#42 D:\\project\\client\\8\\shopp\\vendor\\laravel\\framework\\src\\Illuminate\\Routing\\Router.php(800): Illuminate\\Routing\\Router->runRouteWithinStack(Object(Illuminate\\Routing\\Route), Object(Illuminate\\Http\\Request))\n#43 D:\\project\\client\\8\\shopp\\vendor\\laravel\\framework\\src\\Illuminate\\Routing\\Router.php(764): Illuminate\\Routing\\Router->runRoute(Object(Illuminate\\Http\\Request), Object(Illuminate\\Routing\\Route))\n#44 D:\\project\\client\\8\\shopp\\vendor\\laravel\\framework\\src\\Illuminate\\Routing\\Router.php(753): Illuminate\\Routing\\Router->dispatchToRoute(Object(Illuminate\\Http\\Request))\n#45 D:\\project\\client\\8\\shopp\\vendor\\laravel\\framework\\src\\Illuminate\\Foundation\\Http\\Kernel.php(200): Illuminate\\Routing\\Router->dispatch(Object(Illuminate\\Http\\Request))\n#46 D:\\project\\client\\8\\shopp\\vendor\\laravel\\framework\\src\\Illuminate\\Pipeline\\Pipeline.php(180): Illuminate\\Foundation\\Http\\Kernel->{closure:Illuminate\\Foundation\\Http\\Kernel::dispatchToRouter():197}(Object(Illuminate\\Http\\Request))\n#47 D:\\project\\client\\8\\shopp\\vendor\\livewire\\livewire\\src\\Features\\SupportDisablingBackButtonCache\\DisableBackButtonCacheMiddleware.php(19): Illuminate\\Pipeline\\Pipeline->{closure:Illuminate\\Pipeline\\Pipeline::prepareDestination():178}(Object(Illuminate\\Http\\Request))\n#48 D:\\project\\client\\8\\shopp\\vendor\\laravel\\framework\\src\\Illuminate\\Pipeline\\Pipeline.php(219): Livewire\\Features\\SupportDisablingBackButtonCache\\DisableBackButtonCacheMiddleware->handle(Object(Illuminate\\Http\\Request), Object(Closure))\n#49 D:\\project\\client\\8\\shopp\\vendor\\inertiajs\\inertia-laravel\\src\\Middleware\\EnsureGetOnRedirect.php(19): Illuminate\\Pipeline\\Pipeline->{closure:{closure:Illuminate\\Pipeline\\Pipeline::carry():194}:195}(Object(Illuminate\\Http\\Request))\n#50 D:\\project\\client\\8\\shopp\\vendor\\laravel\\framework\\src\\Illuminate\\Pipeline\\Pipeline.php(219): Inertia\\Middleware\\EnsureGetOnRedirect->handle(Object(Illuminate\\Http\\Request), Object(Closure))\n#51 D:\\project\\client\\8\\shopp\\vendor\\laravel\\framework\\src\\Illuminate\\Foundation\\Http\\Middleware\\TransformsRequest.php(21): Illuminate\\Pipeline\\Pipeline->{closure:{closure:Illuminate\\Pipeline\\Pipeline::carry():194}:195}(Object(Illuminate\\Http\\Request))\n#52 D:\\project\\client\\8\\shopp\\vendor\\laravel\\framework\\src\\Illuminate\\Foundation\\Http\\Middleware\\ConvertEmptyStringsToNull.php(31): Illuminate\\Foundation\\Http\\Middleware\\TransformsRequest->handle(Object(Illuminate\\Http\\Request), Object(Closure))\n#53 D:\\project\\client\\8\\shopp\\vendor\\laravel\\framework\\src\\Illuminate\\Pipeline\\Pipeline.php(219): Illuminate\\Foundation\\Http\\Middleware\\ConvertEmptyStringsToNull->handle(Object(Illuminate\\Http\\Request), Object(Closure))\n#54 D:\\project\\client\\8\\shopp\\vendor\\laravel\\framework\\src\\Illuminate\\Foundation\\Http\\Middleware\\TransformsRequest.php(21): Illuminate\\Pipeline\\Pipeline->{closure:{closure:Illuminate\\Pipeline\\Pipeline::carry():194}:195}(Object(Illuminate\\Http\\Request))\n#55 D:\\project\\client\\8\\shopp\\vendor\\laravel\\framework\\src\\Illuminate\\Foundation\\Http\\Middleware\\TrimStrings.php(51): Illuminate\\Foundation\\Http\\Middleware\\TransformsRequest->handle(Object(Illuminate\\Http\\Request), Object(Closure))\n#56 D:\\project\\client\\8\\shopp\\vendor\\laravel\\framework\\src\\Illuminate\\Pipeline\\Pipeline.php(219): Illuminate\\Foundation\\Http\\Middleware\\TrimStrings->handle(Object(Illuminate\\Http\\Request), Object(Closure))\n#57 D:\\project\\client\\8\\shopp\\vendor\\laravel\\framework\\src\\Illuminate\\Http\\Middleware\\ValidatePostSize.php(27): Illuminate\\Pipeline\\Pipeline->{closure:{closure:Illuminate\\Pipeline\\Pipeline::carry():194}:195}(Object(Illuminate\\Http\\Request))\n#58 D:\\project\\client\\8\\shopp\\vendor\\laravel\\framework\\src\\Illuminate\\Pipeline\\Pipeline.php(219): Illuminate\\Http\\Middleware\\ValidatePostSize->handle(Object(Illuminate\\Http\\Request), Object(Closure))\n#59 D:\\project\\client\\8\\shopp\\vendor\\laravel\\framework\\src\\Illuminate\\Foundation\\Http\\Middleware\\PreventRequestsDuringMaintenance.php(109): Illuminate\\Pipeline\\Pipeline->{closure:{closure:Illuminate\\Pipeline\\Pipeline::carry():194}:195}(Object(Illuminate\\Http\\Request))\n#60 D:\\project\\client\\8\\shopp\\vendor\\laravel\\framework\\src\\Illuminate\\Pipeline\\Pipeline.php(219): Illuminate\\Foundation\\Http\\Middleware\\PreventRequestsDuringMaintenance->handle(Object(Illuminate\\Http\\Request), Object(Closure))\n#61 D:\\project\\client\\8\\shopp\\vendor\\laravel\\framework\\src\\Illuminate\\Http\\Middleware\\HandleCors.php(61): Illuminate\\Pipeline\\Pipeline->{closure:{closure:Illuminate\\Pipeline\\Pipeline::carry():194}:195}(Object(Illuminate\\Http\\Request))\n#62 D:\\project\\client\\8\\shopp\\vendor\\laravel\\framework\\src\\Illuminate\\Pipeline\\Pipeline.php(219): Illuminate\\Http\\Middleware\\HandleCors->handle(Object(Illuminate\\Http\\Request), Object(Closure))\n#63 D:\\project\\client\\8\\shopp\\vendor\\laravel\\framework\\src\\Illuminate\\Http\\Middleware\\TrustProxies.php(58): Illuminate\\Pipeline\\Pipeline->{closure:{closure:Illuminate\\Pipeline\\Pipeline::carry():194}:195}(Object(Illuminate\\Http\\Request))\n#64 D:\\project\\client\\8\\shopp\\vendor\\laravel\\framework\\src\\Illuminate\\Pipeline\\Pipeline.php(219): Illuminate\\Http\\Middleware\\TrustProxies->handle(Object(Illuminate\\Http\\Request), Object(Closure))\n#65 D:\\project\\client\\8\\shopp\\vendor\\laravel\\framework\\src\\Illuminate\\Foundation\\Http\\Middleware\\InvokeDeferredCallbacks.php(22): Illuminate\\Pipeline\\Pipeline->{closure:{closure:Illuminate\\Pipeline\\Pipeline::carry():194}:195}(Object(Illuminate\\Http\\Request))\n#66 D:\\project\\client\\8\\shopp\\vendor\\laravel\\framework\\src\\Illuminate\\Pipeline\\Pipeline.php(219): Illuminate\\Foundation\\Http\\Middleware\\InvokeDeferredCallbacks->handle(Object(Illuminate\\Http\\Request), Object(Closure))\n#67 D:\\project\\client\\8\\shopp\\vendor\\laravel\\framework\\src\\Illuminate\\Http\\Middleware\\ValidatePathEncoding.php(28): Illuminate\\Pipeline\\Pipeline->{closure:{closure:Illuminate\\Pipeline\\Pipeline::carry():194}:195}(Object(Illuminate\\Http\\Request))\n#68 D:\\project\\client\\8\\shopp\\vendor\\laravel\\framework\\src\\Illuminate\\Pipeline\\Pipeline.php(219): Illuminate\\Http\\Middleware\\ValidatePathEncoding->handle(Object(Illuminate\\Http\\Request), Object(Closure))\n#69 D:\\project\\client\\8\\shopp\\vendor\\laravel\\framework\\src\\Illuminate\\Pipeline\\Pipeline.php(137): Illuminate\\Pipeline\\Pipeline->{closure:{closure:Illuminate\\Pipeline\\Pipeline::carry():194}:195}(Object(Illuminate\\Http\\Request))\n#70 D:\\project\\client\\8\\shopp\\vendor\\laravel\\framework\\src\\Illuminate\\Foundation\\Http\\Kernel.php(175): Illuminate\\Pipeline\\Pipeline->then(Object(Closure))\n#71 D:\\project\\client\\8\\shopp\\vendor\\laravel\\framework\\src\\Illuminate\\Foundation\\Http\\Kernel.php(144): Illuminate\\Foundation\\Http\\Kernel->sendRequestThroughRouter(Object(Illuminate\\Http\\Request))\n#72 D:\\project\\client\\8\\shopp\\vendor\\laravel\\framework\\src\\Illuminate\\Foundation\\Testing\\Concerns\\MakesHttpRequests.php(607): Illuminate\\Foundation\\Http\\Kernel->handle(Object(Illuminate\\Http\\Request))\n#73 D:\\project\\client\\8\\shopp\\vendor\\laravel\\framework\\src\\Illuminate\\Foundation\\Testing\\Concerns\\MakesHttpRequests.php(368): Illuminate\\Foundation\\Testing\\TestCase->call('GET', 'http://shop.tes...', Array, Array, Array, Array)\n#74 D:\\project\\client\\8\\shopp\\tests\\Feature\\Auth\\PasswordConfirmationTest.php(9): Illuminate\\Foundation\\Testing\\TestCase->get('http://shop.tes...')\n#75 D:\\project\\client\\8\\shopp\\vendor\\pestphp\\pest\\src\\Factories\\TestCaseMethodFactory.php(177): P\\Tests\\Feature\\Auth\\PasswordConfirmationTest->{closure:D:\\project\\client\\8\\shopp\\tests\\Feature\\Auth\\PasswordConfirmationTest.php:6}()\n#76 [internal function]: P\\Tests\\Feature\\Auth\\PasswordConfirmationTest->{closure:Pest\\Factories\\TestCaseMethodFactory::getClosure():167}()\n#77 D:\\project\\client\\8\\shopp\\vendor\\pestphp\\pest\\src\\Concerns\\Testable.php(576): call_user_func_array(Object(Closure), Array)\n#78 D:\\project\\client\\8\\shopp\\vendor\\pestphp\\pest\\src\\Support\\ExceptionTrace.php(26): P\\Tests\\Feature\\Auth\\PasswordConfirmationTest->{closure:Pest\\Concerns\\Testable::__callClosure():576}()\n#79 D:\\project\\client\\8\\shopp\\vendor\\pestphp\\pest\\src\\Concerns\\Testable.php(576): Pest\\Support\\ExceptionTrace::ensure(Object(Closure))\n#80 D:\\project\\client\\8\\shopp\\vendor\\pestphp\\pest\\src\\Concerns\\Testable.php(403): P\\Tests\\Feature\\Auth\\PasswordConfirmationTest->__callClosure(Object(Closure), Array)\n#81 D:\\project\\client\\8\\shopp\\vendor\\pestphp\\pest\\src\\Factories\\TestCaseFactory.php(175) : eval()'d code(17): P\\Tests\\Feature\\Auth\\PasswordConfirmationTest->__runTest(Object(Closure))\n#82 D:\\project\\client\\8\\shopp\\vendor\\phpunit\\phpunit\\src\\Framework\\TestCase.php(1310): P\\Tests\\Feature\\Auth\\PasswordConfirmationTest->__pest_evaluable_confirm_password_screen_can_be_rendered()\n#83 D:\\project\\client\\8\\shopp\\vendor\\phpunit\\phpunit\\src\\Framework\\TestCase.php(1344): PHPUnit\\Framework\\TestCase->invokeTestMethod('__pest_evaluabl...', Array)\n#84 D:\\project\\client\\8\\shopp\\vendor\\phpunit\\phpunit\\src\\Framework\\TestCase.php(520): PHPUnit\\Framework\\TestCase->runTest()\n#85 D:\\project\\client\\8\\shopp\\vendor\\phpunit\\phpunit\\src\\Framework\\TestRunner\\TestRunner.php(99): PHPUnit\\Framework\\TestCase->runBare()\n#86 D:\\project\\client\\8\\shopp\\vendor\\phpunit\\phpunit\\src\\Framework\\TestCase.php(360): PHPUnit\\Framework\\TestRunner->run(Object(P\\Tests\\Feature\\Auth\\PasswordConfirmationTest))\n#87 D:\\project\\client\\8\\shopp\\vendor\\phpunit\\phpunit\\src\\Framework\\TestSuite.php(374): PHPUnit\\Framework\\TestCase->run()\n#88 D:\\project\\client\\8\\shopp\\vendor\\phpunit\\phpunit\\src\\Framework\\TestSuite.php(374): PHPUnit\\Framework\\TestSuite->run()\n#89 D:\\project\\client\\8\\shopp\\vendor\\phpunit\\phpunit\\src\\TextUI\\TestRunner.php(64): PHPUnit\\Framework\\TestSuite->run()\n#90 D:\\project\\client\\8\\shopp\\vendor\\phpunit\\phpunit\\src\\TextUI\\Application.php(229): PHPUnit\\TextUI\\TestRunner->run(Object(PHPUnit\\TextUI\\Configuration\\Configuration), Object(PHPUnit\\Runner\\ResultCache\\DefaultResultCache), Object(PHPUnit\\Framework\\TestSuite))\n#91 D:\\project\\client\\8\\shopp\\vendor\\pestphp\\pest\\src\\Kernel.php(117): PHPUnit\\TextUI\\Application->run(Array)\n#92 D:\\project\\client\\8\\shopp\\vendor\\pestphp\\pest\\bin\\pest(207): Pest\\Kernel->handle(Array, Array)\n#93 D:\\project\\client\\8\\shopp\\vendor\\pestphp\\pest\\bin\\pest(215): {closure:D:\\project\\client\\8\\shopp\\vendor\\pestphp\\pest\\bin\\pest:21}()\n#94 D:\\project\\client\\8\\shopp\\vendor\\bin\\pest(119): include('D:\\\\project\\\\clie...')\n#95 {main}\n\n----------------------------------------------------------------------------------\n\nVite manifest not found at: D:\\project\\client\\8\\shopp\\public\\build/manifest.json (View: D:\\project\\client\\8\\shopp\\resources\\views\\app.blade.php)"},{"test":"P\\Tests\\Feature\\Auth\\PasswordResetTest::__pest_evaluable_reset_password_link_screen_can_be_rendered","file":"\\project\\client\\8\\shopp\\vendor\\laravel\\framework\\src\\Illuminate\\Testing\\TestResponseAssert.php","line":45,"message":"Expected response status code [200] but received 500.\nFailed asserting that 500 is identical to 200.\r\n\r\nThe following exception occurred during the last request:\n\nIlluminate\\Foundation\\ViteManifestNotFoundException: Vite manifest not found at: D:\\project\\client\\8\\shopp\\public\\build/manifest.json in D:\\project\\client\\8\\shopp\\vendor\\laravel\\framework\\src\\Illuminate\\Foundation\\Vite.php:960\nStack trace:\n#0 D:\\project\\client\\8\\shopp\\vendor\\laravel\\framework\\src\\Illuminate\\Foundation\\Vite.php(398): Illuminate\\Foundation\\Vite->manifest('build')\n#1 D:\\project\\client\\8\\shopp\\storage\\framework\\views\\b2bf0ef3f019cc794fda0830c3cbb8c3.php(40): Illuminate\\Foundation\\Vite->__invoke(Object(Illuminate\\Support\\Collection))\n#2 D:\\project\\client\\8\\shopp\\vendor\\laravel\\framework\\src\\Illuminate\\Filesystem\\Filesystem.php(123): require('D:\\\\project\\\\clie...')\n#3 D:\\project\\client\\8\\shopp\\vendor\\laravel\\framework\\src\\Illuminate\\Filesystem\\Filesystem.php(124): Illuminate\\Filesystem\\Filesystem::{closure:Illuminate\\Filesystem\\Filesystem::getRequire():120}()\n#4 D:\\project\\client\\8\\shopp\\vendor\\laravel\\framework\\src\\Illuminate\\View\\Engines\\PhpEngine.php(57): Illuminate\\Filesystem\\Filesystem->getRequire('D:\\\\project\\\\clie...', Array)\n#5 D:\\project\\client\\8\\shopp\\vendor\\livewire\\livewire\\src\\Mechanisms\\ExtendBlade\\ExtendedCompilerEngine.php(22): Illuminate\\View\\Engines\\PhpEngine->evaluatePath('D:\\\\project\\\\clie...', Array)\n#6 D:\\project\\client\\8\\shopp\\vendor\\laravel\\framework\\src\\Illuminate\\View\\Engines\\CompilerEngine.php(76): Livewire\\Mechanisms\\ExtendBlade\\ExtendedCompilerEngine->evaluatePath('D:\\\\project\\\\clie...', Array)\n#7 D:\\project\\client\\8\\shopp\\vendor\\livewire\\livewire\\src\\Mechanisms\\ExtendBlade\\ExtendedCompilerEngine.php(10): Illuminate\\View\\Engines\\CompilerEngine->get('D:\\\\project\\\\clie...', Array)\n#8 D:\\project\\client\\8\\shopp\\vendor\\laravel\\framework\\src\\Illuminate\\View\\View.php(208): Livewire\\Mechanisms\\ExtendBlade\\ExtendedCompilerEngine->get('D:\\\\project\\\\clie...', Array)\n#9 D:\\project\\client\\8\\shopp\\vendor\\laravel\\framework\\src\\Illuminate\\View\\View.php(191): Illuminate\\View\\View->getContents()\n#10 D:\\project\\client\\8\\shopp\\vendor\\laravel\\framework\\src\\Illuminate\\View\\View.php(160): Illuminate\\View\\View->renderContents()\n#11 D:\\project\\client\\8\\shopp\\vendor\\laravel\\framework\\src\\Illuminate\\Http\\Response.php(78): Illuminate\\View\\View->render()\n#12 D:\\project\\client\\8\\shopp\\vendor\\laravel\\framework\\src\\Illuminate\\Http\\Response.php(34): Illuminate\\Http\\Response->setContent(Object(Illuminate\\View\\View))\n#13 D:\\project\\client\\8\\shopp\\vendor\\laravel\\framework\\src\\Illuminate\\Routing\\ResponseFactory.php(61): Illuminate\\Http\\Response->__construct(Object(Illuminate\\View\\View), 200, Array)\n#14 D:\\project\\client\\8\\shopp\\vendor\\laravel\\framework\\src\\Illuminate\\Routing\\ResponseFactory.php(91): Illuminate\\Routing\\ResponseFactory->make(Object(Illuminate\\View\\View), 200, Array)\n#15 D:\\project\\client\\8\\shopp\\vendor\\laravel\\framework\\src\\Illuminate\\Support\\Facades\\Facade.php(363): Illuminate\\Routing\\ResponseFactory->view('app', Array)\n#16 D:\\project\\client\\8\\shopp\\vendor\\inertiajs\\inertia-laravel\\src\\Response.php(211): Illuminate\\Support\\Facades\\Facade::__callStatic('view', Array)\n#17 D:\\project\\client\\8\\shopp\\vendor\\laravel\\fortify\\src\\Http\\Responses\\SimpleViewResponse.php(56): Inertia\\Response->toResponse(Object(Illuminate\\Http\\Request))\n#18 D:\\project\\client\\8\\shopp\\vendor\\laravel\\framework\\src\\Illuminate\\Routing\\Router.php(921): Laravel\\Fortify\\Http\\Responses\\SimpleViewResponse->toResponse(Object(Illuminate\\Http\\Request))\n#19 D:\\project\\client\\8\\shopp\\vendor\\laravel\\framework\\src\\Illuminate\\Routing\\Router.php(906): Illuminate\\Routing\\Router::toResponse(Object(Illuminate\\Http\\Request), Object(Laravel\\Fortify\\Http\\Responses\\SimpleViewResponse))\n#20 D:\\project\\client\\8\\shopp\\vendor\\laravel\\framework\\src\\Illuminate\\Routing\\Router.php(821): Illuminate\\Routing\\Router->prepareResponse(Object(Illuminate\\Http\\Request), Object(Laravel\\Fortify\\Http\\Responses\\SimpleViewResponse))\n#21 D:\\project\\client\\8\\shopp\\vendor\\laravel\\framework\\src\\Illuminate\\Pipeline\\Pipeline.php(180): Illuminate\\Routing\\Router->{closure:Illuminate\\Routing\\Router::runRouteWithinStack():821}(Object(Illuminate\\Http\\Request))\n#22 D:\\project\\client\\8\\shopp\\vendor\\laravel\\framework\\src\\Illuminate\\Auth\\Middleware\\RedirectIfAuthenticated.php(47): Illuminate\\Pipeline\\Pipeline->{closure:Illuminate\\Pipeline\\Pipeline::prepareDestination():178}(Object(Illuminate\\Http\\Request))\n#23 D:\\project\\client\\8\\shopp\\vendor\\laravel\\framework\\src\\Illuminate\\Pipeline\\Pipeline.php(219): Illuminate\\Auth\\Middleware\\RedirectIfAuthenticated->handle(Object(Illuminate\\Http\\Request), Object(Closure), 'web')\n#24 D:\\project\\client\\8\\shopp\\vendor\\laravel\\framework\\src\\Illuminate\\Http\\Middleware\\AddLinkHeadersForPreloadedAssets.php(32): Illuminate\\Pipeline\\Pipeline->{closure:{closure:Illuminate\\Pipeline\\Pipeline::carry():194}:195}(Object(Illuminate\\Http\\Request))\n#25 D:\\project\\client\\8\\shopp\\vendor\\laravel\\framework\\src\\Illuminate\\Pipeline\\Pipeline.php(219): Illuminate\\Http\\Middleware\\AddLinkHeadersForPreloadedAssets->handle(Object(Illuminate\\Http\\Request), Object(Closure))\n#26 D:\\project\\client\\8\\shopp\\vendor\\inertiajs\\inertia-laravel\\src\\Middleware.php(138): Illuminate\\Pipeline\\Pipeline->{closure:{closure:Illuminate\\Pipeline\\Pipeline::carry():194}:195}(Object(Illuminate\\Http\\Request))\n#27 D:\\project\\client\\8\\shopp\\vendor\\laravel\\framework\\src\\Illuminate\\Pipeline\\Pipeline.php(219): Inertia\\Middleware->handle(Object(Illuminate\\Http\\Request), Object(Closure))\n#28 D:\\project\\client\\8\\shopp\\app\\Http\\Middleware\\HandleAppearance.php(21): Illuminate\\Pipeline\\Pipeline->{closure:{closure:Illuminate\\Pipeline\\Pipeline::carry():194}:195}(Object(Illuminate\\Http\\Request))\n#29 D:\\project\\client\\8\\shopp\\vendor\\laravel\\framework\\src\\Illuminate\\Pipeline\\Pipeline.php(219): App\\Http\\Middleware\\HandleAppearance->handle(Object(Illuminate\\Http\\Request), Object(Closure))\n#30 D:\\project\\client\\8\\shopp\\vendor\\laravel\\framework\\src\\Illuminate\\Routing\\Middleware\\SubstituteBindings.php(52): Illuminate\\Pipeline\\Pipeline->{closure:{closure:Illuminate\\Pipeline\\Pipeline::carry():194}:195}(Object(Illuminate\\Http\\Request))\n#31 D:\\project\\client\\8\\shopp\\vendor\\laravel\\framework\\src\\Illuminate\\Pipeline\\Pipeline.php(219): Illuminate\\Routing\\Middleware\\SubstituteBindings->handle(Object(Illuminate\\Http\\Request), Object(Closure))\n#32 D:\\project\\client\\8\\shopp\\vendor\\laravel\\framework\\src\\Illuminate\\Foundation\\Http\\Middleware\\PreventRequestForgery.php(104): Illuminate\\Pipeline\\Pipeline->{closure:{closure:Illuminate\\Pipeline\\Pipeline::carry():194}:195}(Object(Illuminate\\Http\\Request))\n#33 D:\\project\\client\\8\\shopp\\vendor\\laravel\\framework\\src\\Illuminate\\Pipeline\\Pipeline.php(219): Illuminate\\Foundation\\Http\\Middleware\\PreventRequestForgery->handle(Object(Illuminate\\Http\\Request), Object(Closure))\n#34 D:\\project\\client\\8\\shopp\\vendor\\laravel\\framework\\src\\Illuminate\\View\\Middleware\\ShareErrorsFromSession.php(48): Illuminate\\Pipeline\\Pipeline->{closure:{closure:Illuminate\\Pipeline\\Pipeline::carry():194}:195}(Object(Illuminate\\Http\\Request))\n#35 D:\\project\\client\\8\\shopp\\vendor\\laravel\\framework\\src\\Illuminate\\Pipeline\\Pipeline.php(219): Illuminate\\View\\Middleware\\ShareErrorsFromSession->handle(Object(Illuminate\\Http\\Request), Object(Closure))\n#36 D:\\project\\client\\8\\shopp\\vendor\\laravel\\framework\\src\\Illuminate\\Session\\Middleware\\StartSession.php(120): Illuminate\\Pipeline\\Pipeline->{closure:{closure:Illuminate\\Pipeline\\Pipeline::carry():194}:195}(Object(Illuminate\\Http\\Request))\n#37 D:\\project\\client\\8\\shopp\\vendor\\laravel\\framework\\src\\Illuminate\\Session\\Middleware\\StartSession.php(63): Illuminate\\Session\\Middleware\\StartSession->handleStatefulRequest(Object(Illuminate\\Http\\Request), Object(Illuminate\\Session\\Store), Object(Closure))\n#38 D:\\project\\client\\8\\shopp\\vendor\\laravel\\framework\\src\\Illuminate\\Pipeline\\Pipeline.php(219): Illuminate\\Session\\Middleware\\StartSession->handle(Object(Illuminate\\Http\\Request), Object(Closure))\n#39 D:\\project\\client\\8\\shopp\\vendor\\laravel\\framework\\src\\Illuminate\\Cookie\\Middleware\\AddQueuedCookiesToResponse.php(36): Illuminate\\Pipeline\\Pipeline->{closure:{closure:Illuminate\\Pipeline\\Pipeline::carry():194}:195}(Object(Illuminate\\Http\\Request))\n#40 D:\\project\\client\\8\\shopp\\vendor\\laravel\\framework\\src\\Illuminate\\Pipeline\\Pipeline.php(219): Illuminate\\Cookie\\Middleware\\AddQueuedCookiesToResponse->handle(Object(Illuminate\\Http\\Request), Object(Closure))\n#41 D:\\project\\client\\8\\shopp\\vendor\\laravel\\framework\\src\\Illuminate\\Cookie\\Middleware\\EncryptCookies.php(74): Illuminate\\Pipeline\\Pipeline->{closure:{closure:Illuminate\\Pipeline\\Pipeline::carry():194}:195}(Object(Illuminate\\Http\\Request))\n#42 D:\\project\\client\\8\\shopp\\vendor\\laravel\\framework\\src\\Illuminate\\Pipeline\\Pipeline.php(219): Illuminate\\Cookie\\Middleware\\EncryptCookies->handle(Object(Illuminate\\Http\\Request), Object(Closure))\n#43 D:\\project\\client\\8\\shopp\\vendor\\laravel\\framework\\src\\Illuminate\\Pipeline\\Pipeline.php(137): Illuminate\\Pipeline\\Pipeline->{closure:{closure:Illuminate\\Pipeline\\Pipeline::carry():194}:195}(Object(Illuminate\\Http\\Request))\n#44 D:\\project\\client\\8\\shopp\\vendor\\laravel\\framework\\src\\Illuminate\\Routing\\Router.php(821): Illuminate\\Pipeline\\Pipeline->then(Object(Closure))\n#45 D:\\project\\client\\8\\shopp\\vendor\\laravel\\framework\\src\\Illuminate\\Routing\\Router.php(800): Illuminate\\Routing\\Router->runRouteWithinStack(Object(Illuminate\\Routing\\Route), Object(Illuminate\\Http\\Request))\n#46 D:\\project\\client\\8\\shopp\\vendor\\laravel\\framework\\src\\Illuminate\\Routing\\Router.php(764): Illuminate\\Routing\\Router->runRoute(Object(Illuminate\\Http\\Request), Object(Illuminate\\Routing\\Route))\n#47 D:\\project\\client\\8\\shopp\\vendor\\laravel\\framework\\src\\Illuminate\\Routing\\Router.php(753): Illuminate\\Routing\\Router->dispatchToRoute(Object(Illuminate\\Http\\Request))\n#48 D:\\project\\client\\8\\shopp\\vendor\\laravel\\framework\\src\\Illuminate\\Foundation\\Http\\Kernel.php(200): Illuminate\\Routing\\Router->dispatch(Object(Illuminate\\Http\\Request))\n#49 D:\\project\\client\\8\\shopp\\vendor\\laravel\\framework\\src\\Illuminate\\Pipeline\\Pipeline.php(180): Illuminate\\Foundation\\Http\\Kernel->{closure:Illuminate\\Foundation\\Http\\Kernel::dispatchToRouter():197}(Object(Illuminate\\Http\\Request))\n#50 D:\\project\\client\\8\\shopp\\vendor\\livewire\\livewire\\src\\Features\\SupportDisablingBackButtonCache\\DisableBackButtonCacheMiddleware.php(19): Illuminate\\Pipeline\\Pipeline->{closure:Illuminate\\Pipeline\\Pipeline::prepareDestination():178}(Object(Illuminate\\Http\\Request))\n#51 D:\\project\\client\\8\\shopp\\vendor\\laravel\\framework\\src\\Illuminate\\Pipeline\\Pipeline.php(219): Livewire\\Features\\SupportDisablingBackButtonCache\\DisableBackButtonCacheMiddleware->handle(Object(Illuminate\\Http\\Request), Object(Closure))\n#52 D:\\project\\client\\8\\shopp\\vendor\\inertiajs\\inertia-laravel\\src\\Middleware\\EnsureGetOnRedirect.php(19): Illuminate\\Pipeline\\Pipeline->{closure:{closure:Illuminate\\Pipeline\\Pipeline::carry():194}:195}(Object(Illuminate\\Http\\Request))\n#53 D:\\project\\client\\8\\shopp\\vendor\\laravel\\framework\\src\\Illuminate\\Pipeline\\Pipeline.php(219): Inertia\\Middleware\\EnsureGetOnRedirect->handle(Object(Illuminate\\Http\\Request), Object(Closure))\n#54 D:\\project\\client\\8\\shopp\\vendor\\laravel\\framework\\src\\Illuminate\\Foundation\\Http\\Middleware\\TransformsRequest.php(21): Illuminate\\Pipeline\\Pipeline->{closure:{closure:Illuminate\\Pipeline\\Pipeline::carry():194}:195}(Object(Illuminate\\Http\\Request))\n#55 D:\\project\\client\\8\\shopp\\vendor\\laravel\\framework\\src\\Illuminate\\Foundation\\Http\\Middleware\\ConvertEmptyStringsToNull.php(31): Illuminate\\Foundation\\Http\\Middleware\\TransformsRequest->handle(Object(Illuminate\\Http\\Request), Object(Closure))\n#56 D:\\project\\client\\8\\shopp\\vendor\\laravel\\framework\\src\\Illuminate\\Pipeline\\Pipeline.php(219): Illuminate\\Foundation\\Http\\Middleware\\ConvertEmptyStringsToNull->handle(Object(Illuminate\\Http\\Request), Object(Closure))\n#57 D:\\project\\client\\8\\shopp\\vendor\\laravel\\framework\\src\\Illuminate\\Foundation\\Http\\Middleware\\TransformsRequest.php(21): Illuminate\\Pipeline\\Pipeline->{closure:{closure:Illuminate\\Pipeline\\Pipeline::carry():194}:195}(Object(Illuminate\\Http\\Request))\n#58 D:\\project\\client\\8\\shopp\\vendor\\laravel\\framework\\src\\Illuminate\\Foundation\\Http\\Middleware\\TrimStrings.php(51): Illuminate\\Foundation\\Http\\Middleware\\TransformsRequest->handle(Object(Illuminate\\Http\\Request), Object(Closure))\n#59 D:\\project\\client\\8\\shopp\\vendor\\laravel\\framework\\src\\Illuminate\\Pipeline\\Pipeline.php(219): Illuminate\\Foundation\\Http\\Middleware\\TrimStrings->handle(Object(Illuminate\\Http\\Request), Object(Closure))\n#60 D:\\project\\client\\8\\shopp\\vendor\\laravel\\framework\\src\\Illuminate\\Http\\Middleware\\ValidatePostSize.php(27): Illuminate\\Pipeline\\Pipeline->{closure:{closure:Illuminate\\Pipeline\\Pipeline::carry():194}:195}(Object(Illuminate\\Http\\Request))\n#61 D:\\project\\client\\8\\shopp\\vendor\\laravel\\framework\\src\\Illuminate\\Pipeline\\Pipeline.php(219): Illuminate\\Http\\Middleware\\ValidatePostSize->handle(Object(Illuminate\\Http\\Request), Object(Closure))\n#62 D:\\project\\client\\8\\shopp\\vendor\\laravel\\framework\\src\\Illuminate\\Foundation\\Http\\Middleware\\PreventRequestsDuringMaintenance.php(109): Illuminate\\Pipeline\\Pipeline->{closure:{closure:Illuminate\\Pipeline\\Pipeline::carry():194}:195}(Object(Illuminate\\Http\\Request))\n#63 D:\\project\\client\\8\\shopp\\vendor\\laravel\\framework\\src\\Illuminate\\Pipeline\\Pipeline.php(219): Illuminate\\Foundation\\Http\\Middleware\\PreventRequestsDuringMaintenance->handle(Object(Illuminate\\Http\\Request), Object(Closure))\n#64 D:\\project\\client\\8\\shopp\\vendor\\laravel\\framework\\src\\Illuminate\\Http\\Middleware\\HandleCors.php(61): Illuminate\\Pipeline\\Pipeline->{closure:{closure:Illuminate\\Pipeline\\Pipeline::carry():194}:195}(Object(Illuminate\\Http\\Request))\n#65 D:\\project\\client\\8\\shopp\\vendor\\laravel\\framework\\src\\Illuminate\\Pipeline\\Pipeline.php(219): Illuminate\\Http\\Middleware\\HandleCors->handle(Object(Illuminate\\Http\\Request), Object(Closure))\n#66 D:\\project\\client\\8\\shopp\\vendor\\laravel\\framework\\src\\Illuminate\\Http\\Middleware\\TrustProxies.php(58): Illuminate\\Pipeline\\Pipeline->{closure:{closure:Illuminate\\Pipeline\\Pipeline::carry():194}:195}(Object(Illuminate\\Http\\Request))\n#67 D:\\project\\client\\8\\shopp\\vendor\\laravel\\framework\\src\\Illuminate\\Pipeline\\Pipeline.php(219): Illuminate\\Http\\Middleware\\TrustProxies->handle(Object(Illuminate\\Http\\Request), Object(Closure))\n#68 D:\\project\\client\\8\\shopp\\vendor\\laravel\\framework\\src\\Illuminate\\Foundation\\Http\\Middleware\\InvokeDeferredCallbacks.php(22): Illuminate\\Pipeline\\Pipeline->{closure:{closure:Illuminate\\Pipeline\\Pipeline::carry():194}:195}(Object(Illuminate\\Http\\Request))\n#69 D:\\project\\client\\8\\shopp\\vendor\\laravel\\framework\\src\\Illuminate\\Pipeline\\Pipeline.php(219): Illuminate\\Foundation\\Http\\Middleware\\InvokeDeferredCallbacks->handle(Object(Illuminate\\Http\\Request), Object(Closure))\n#70 D:\\project\\client\\8\\shopp\\vendor\\laravel\\framework\\src\\Illuminate\\Http\\Middleware\\ValidatePathEncoding.php(28): Illuminate\\Pipeline\\Pipeline->{closure:{closure:Illuminate\\Pipeline\\Pipeline::carry():194}:195}(Object(Illuminate\\Http\\Request))\n#71 D:\\project\\client\\8\\shopp\\vendor\\laravel\\framework\\src\\Illuminate\\Pipeline\\Pipeline.php(219): Illuminate\\Http\\Middleware\\ValidatePathEncoding->handle(Object(Illuminate\\Http\\Request), Object(Closure))\n#72 D:\\project\\client\\8\\shopp\\vendor\\laravel\\framework\\src\\Illuminate\\Pipeline\\Pipeline.php(137): Illuminate\\Pipeline\\Pipeline->{closure:{closure:Illuminate\\Pipeline\\Pipeline::carry():194}:195}(Object(Illuminate\\Http\\Request))\n#73 D:\\project\\client\\8\\shopp\\vendor\\laravel\\framework\\src\\Illuminate\\Foundation\\Http\\Kernel.php(175): Illuminate\\Pipeline\\Pipeline->then(Object(Closure))\n#74 D:\\project\\client\\8\\shopp\\vendor\\laravel\\framework\\src\\Illuminate\\Foundation\\Http\\Kernel.php(144): Illuminate\\Foundation\\Http\\Kernel->sendRequestThroughRouter(Object(Illuminate\\Http\\Request))\n#75 D:\\project\\client\\8\\shopp\\vendor\\laravel\\framework\\src\\Illuminate\\Foundation\\Testing\\Concerns\\MakesHttpRequests.php(607): Illuminate\\Foundation\\Http\\Kernel->handle(Object(Illuminate\\Http\\Request))\n#76 D:\\project\\client\\8\\shopp\\vendor\\laravel\\framework\\src\\Illuminate\\Foundation\\Testing\\Concerns\\MakesHttpRequests.php(368): Illuminate\\Foundation\\Testing\\TestCase->call('GET', 'http://shop.tes...', Array, Array, Array, Array)\n#77 D:\\project\\client\\8\\shopp\\tests\\Feature\\Auth\\PasswordResetTest.php(13): Illuminate\\Foundation\\Testing\\TestCase->get('http://shop.tes...')\n#78 D:\\project\\client\\8\\shopp\\vendor\\pestphp\\pest\\src\\Factories\\TestCaseMethodFactory.php(177): P\\Tests\\Feature\\Auth\\PasswordResetTest->{closure:D:\\project\\client\\8\\shopp\\tests\\Feature\\Auth\\PasswordResetTest.php:12}()\n#79 [internal function]: P\\Tests\\Feature\\Auth\\PasswordResetTest->{closure:Pest\\Factories\\TestCaseMethodFactory::getClosure():167}()\n#80 D:\\project\\client\\8\\shopp\\vendor\\pestphp\\pest\\src\\Concerns\\Testable.php(576): call_user_func_array(Object(Closure), Array)\n#81 D:\\project\\client\\8\\shopp\\vendor\\pestphp\\pest\\src\\Support\\ExceptionTrace.php(26): P\\Tests\\Feature\\Auth\\PasswordResetTest->{closure:Pest\\Concerns\\Testable::__callClosure():576}()\n#82 D:\\project\\client\\8\\shopp\\vendor\\pestphp\\pest\\src\\Concerns\\Testable.php(576): Pest\\Support\\ExceptionTrace::ensure(Object(Closure))\n#83 D:\\project\\client\\8\\shopp\\vendor\\pestphp\\pest\\src\\Concerns\\Testable.php(403): P\\Tests\\Feature\\Auth\\PasswordResetTest->__callClosure(Object(Closure), Array)\n#84 D:\\project\\client\\8\\shopp\\vendor\\pestphp\\pest\\src\\Factories\\TestCaseFactory.php(175) : eval()'d code(17): P\\Tests\\Feature\\Auth\\PasswordResetTest->__runTest(Object(Closure))\n#85 D:\\project\\client\\8\\shopp\\vendor\\phpunit\\phpunit\\src\\Framework\\TestCase.php(1310): P\\Tests\\Feature\\Auth\\PasswordResetTest->__pest_evaluable_reset_password_link_screen_can_be_rendered()\n#86 D:\\project\\client\\8\\shopp\\vendor\\phpunit\\phpunit\\src\\Framework\\TestCase.php(1344): PHPUnit\\Framework\\TestCase->invokeTestMethod('__pest_evaluabl...', Array)\n#87 D:\\project\\client\\8\\shopp\\vendor\\phpunit\\phpunit\\src\\Framework\\TestCase.php(520): PHPUnit\\Framework\\TestCase->runTest()\n#88 D:\\project\\client\\8\\shopp\\vendor\\phpunit\\phpunit\\src\\Framework\\TestRunner\\TestRunner.php(99): PHPUnit\\Framework\\TestCase->runBare()\n#89 D:\\project\\client\\8\\shopp\\vendor\\phpunit\\phpunit\\src\\Framework\\TestCase.php(360): PHPUnit\\Framework\\TestRunner->run(Object(P\\Tests\\Feature\\Auth\\PasswordResetTest))\n#90 D:\\project\\client\\8\\shopp\\vendor\\phpunit\\phpunit\\src\\Framework\\TestSuite.php(374): PHPUnit\\Framework\\TestCase->run()\n#91 D:\\project\\client\\8\\shopp\\vendor\\phpunit\\phpunit\\src\\Framework\\TestSuite.php(374): PHPUnit\\Framework\\TestSuite->run()\n#92 D:\\project\\client\\8\\shopp\\vendor\\phpunit\\phpunit\\src\\TextUI\\TestRunner.php(64): PHPUnit\\Framework\\TestSuite->run()\n#93 D:\\project\\client\\8\\shopp\\vendor\\phpunit\\phpunit\\src\\TextUI\\Application.php(229): PHPUnit\\TextUI\\TestRunner->run(Object(PHPUnit\\TextUI\\Configuration\\Configuration), Object(PHPUnit\\Runner\\ResultCache\\DefaultResultCache), Object(PHPUnit\\Framework\\TestSuite))\n#94 D:\\project\\client\\8\\shopp\\vendor\\pestphp\\pest\\src\\Kernel.php(117): PHPUnit\\TextUI\\Application->run(Array)\n#95 D:\\project\\client\\8\\shopp\\vendor\\pestphp\\pest\\bin\\pest(207): Pest\\Kernel->handle(Array, Array)\n#96 D:\\project\\client\\8\\shopp\\vendor\\pestphp\\pest\\bin\\pest(215): {closure:D:\\project\\client\\8\\shopp\\vendor\\pestphp\\pest\\bin\\pest:21}()\n#97 D:\\project\\client\\8\\shopp\\vendor\\bin\\pest(119): include('D:\\\\project\\\\clie...')\n#98 {main}\n\nNext Illuminate\\View\\ViewException: Vite manifest not found at: D:\\project\\client\\8\\shopp\\public\\build/manifest.json (View: D:\\project\\client\\8\\shopp\\resources\\views\\app.blade.php) in D:\\project\\client\\8\\shopp\\vendor\\laravel\\framework\\src\\Illuminate\\Foundation\\Vite.php:960\nStack trace:\n#0 D:\\project\\client\\8\\shopp\\vendor\\livewire\\livewire\\src\\Mechanisms\\ExtendBlade\\ExtendedCompilerEngine.php(58): Illuminate\\View\\Engines\\CompilerEngine->handleViewException(Object(Illuminate\\Foundation\\ViteManifestNotFoundException), 2)\n#1 D:\\project\\client\\8\\shopp\\vendor\\laravel\\framework\\src\\Illuminate\\View\\Engines\\PhpEngine.php(59): Livewire\\Mechanisms\\ExtendBlade\\ExtendedCompilerEngine->handleViewException(Object(Illuminate\\Foundation\\ViteManifestNotFoundException), 2)\n#2 D:\\project\\client\\8\\shopp\\vendor\\livewire\\livewire\\src\\Mechanisms\\ExtendBlade\\ExtendedCompilerEngine.php(22): Illuminate\\View\\Engines\\PhpEngine->evaluatePath('D:\\\\project\\\\clie...', Array)\n#3 D:\\project\\client\\8\\shopp\\vendor\\laravel\\framework\\src\\Illuminate\\View\\Engines\\CompilerEngine.php(76): Livewire\\Mechanisms\\ExtendBlade\\ExtendedCompilerEngine->evaluatePath('D:\\\\project\\\\clie...', Array)\n#4 D:\\project\\client\\8\\shopp\\vendor\\livewire\\livewire\\src\\Mechanisms\\ExtendBlade\\ExtendedCompilerEngine.php(10): Illuminate\\View\\Engines\\CompilerEngine->get('D:\\\\project\\\\clie...', Array)\n#5 D:\\project\\client\\8\\shopp\\vendor\\laravel\\framework\\src\\Illuminate\\View\\View.php(208): Livewire\\Mechanisms\\ExtendBlade\\ExtendedCompilerEngine->get('D:\\\\project\\\\clie...', Array)\n#6 D:\\project\\client\\8\\shopp\\vendor\\laravel\\framework\\src\\Illuminate\\View\\View.php(191): Illuminate\\View\\View->getContents()\n#7 D:\\project\\client\\8\\shopp\\vendor\\laravel\\framework\\src\\Illuminate\\View\\View.php(160): Illuminate\\View\\View->renderContents()\n#8 D:\\project\\client\\8\\shopp\\vendor\\laravel\\framework\\src\\Illuminate\\Http\\Response.php(78): Illuminate\\View\\View->render()\n#9 D:\\project\\client\\8\\shopp\\vendor\\laravel\\framework\\src\\Illuminate\\Http\\Response.php(34): Illuminate\\Http\\Response->setContent(Object(Illuminate\\View\\View))\n#10 D:\\project\\client\\8\\shopp\\vendor\\laravel\\framework\\src\\Illuminate\\Routing\\ResponseFactory.php(61): Illuminate\\Http\\Response->__construct(Object(Illuminate\\View\\View), 200, Array)\n#11 D:\\project\\client\\8\\shopp\\vendor\\laravel\\framework\\src\\Illuminate\\Routing\\ResponseFactory.php(91): Illuminate\\Routing\\ResponseFactory->make(Object(Illuminate\\View\\View), 200, Array)\n#12 D:\\project\\client\\8\\shopp\\vendor\\laravel\\framework\\src\\Illuminate\\Support\\Facades\\Facade.php(363): Illuminate\\Routing\\ResponseFactory->view('app', Array)\n#13 D:\\project\\client\\8\\shopp\\vendor\\inertiajs\\inertia-laravel\\src\\Response.php(211): Illuminate\\Support\\Facades\\Facade::__callStatic('view', Array)\n#14 D:\\project\\client\\8\\shopp\\vendor\\laravel\\fortify\\src\\Http\\Responses\\SimpleViewResponse.php(56): Inertia\\Response->toResponse(Object(Illuminate\\Http\\Request))\n#15 D:\\project\\client\\8\\shopp\\vendor\\laravel\\framework\\src\\Illuminate\\Routing\\Router.php(921): Laravel\\Fortify\\Http\\Responses\\SimpleViewResponse->toResponse(Object(Illuminate\\Http\\Request))\n#16 D:\\project\\client\\8\\shopp\\vendor\\laravel\\framework\\src\\Illuminate\\Routing\\Router.php(906): Illuminate\\Routing\\Router::toResponse(Object(Illuminate\\Http\\Request), Object(Laravel\\Fortify\\Http\\Responses\\SimpleViewResponse))\n#17 D:\\project\\client\\8\\shopp\\vendor\\laravel\\framework\\src\\Illuminate\\Routing\\Router.php(821): Illuminate\\Routing\\Router->prepareResponse(Object(Illuminate\\Http\\Request), Object(Laravel\\Fortify\\Http\\Responses\\SimpleViewResponse))\n#18 D:\\project\\client\\8\\shopp\\vendor\\laravel\\framework\\src\\Illuminate\\Pipeline\\Pipeline.php(180): Illuminate\\Routing\\Router->{closure:Illuminate\\Routing\\Router::runRouteWithinStack():821}(Object(Illuminate\\Http\\Request))\n#19 D:\\project\\client\\8\\shopp\\vendor\\laravel\\framework\\src\\Illuminate\\Auth\\Middleware\\RedirectIfAuthenticated.php(47): Illuminate\\Pipeline\\Pipeline->{closure:Illuminate\\Pipeline\\Pipeline::prepareDestination():178}(Object(Illuminate\\Http\\Request))\n#20 D:\\project\\client\\8\\shopp\\vendor\\laravel\\framework\\src\\Illuminate\\Pipeline\\Pipeline.php(219): Illuminate\\Auth\\Middleware\\RedirectIfAuthenticated->handle(Object(Illuminate\\Http\\Request), Object(Closure), 'web')\n#21 D:\\project\\client\\8\\shopp\\vendor\\laravel\\framework\\src\\Illuminate\\Http\\Middleware\\AddLinkHeadersForPreloadedAssets.php(32): Illuminate\\Pipeline\\Pipeline->{closure:{closure:Illuminate\\Pipeline\\Pipeline::carry():194}:195}(Object(Illuminate\\Http\\Request))\n#22 D:\\project\\client\\8\\shopp\\vendor\\laravel\\framework\\src\\Illuminate\\Pipeline\\Pipeline.php(219): Illuminate\\Http\\Middleware\\AddLinkHeadersForPreloadedAssets->handle(Object(Illuminate\\Http\\Request), Object(Closure))\n#23 D:\\project\\client\\8\\shopp\\vendor\\inertiajs\\inertia-laravel\\src\\Middleware.php(138): Illuminate\\Pipeline\\Pipeline->{closure:{closure:Illuminate\\Pipeline\\Pipeline::carry():194}:195}(Object(Illuminate\\Http\\Request))\n#24 D:\\project\\client\\8\\shopp\\vendor\\laravel\\framework\\src\\Illuminate\\Pipeline\\Pipeline.php(219): Inertia\\Middleware->handle(Object(Illuminate\\Http\\Request), Object(Closure))\n#25 D:\\project\\client\\8\\shopp\\app\\Http\\Middleware\\HandleAppearance.php(21): Illuminate\\Pipeline\\Pipeline->{closure:{closure:Illuminate\\Pipeline\\Pipeline::carry():194}:195}(Object(Illuminate\\Http\\Request))\n#26 D:\\project\\client\\8\\shopp\\vendor\\laravel\\framework\\src\\Illuminate\\Pipeline\\Pipeline.php(219): App\\Http\\Middleware\\HandleAppearance->handle(Object(Illuminate\\Http\\Request), Object(Closure))\n#27 D:\\project\\client\\8\\shopp\\vendor\\laravel\\framework\\src\\Illuminate\\Routing\\Middleware\\SubstituteBindings.php(52): Illuminate\\Pipeline\\Pipeline->{closure:{closure:Illuminate\\Pipeline\\Pipeline::carry():194}:195}(Object(Illuminate\\Http\\Request))\n#28 D:\\project\\client\\8\\shopp\\vendor\\laravel\\framework\\src\\Illuminate\\Pipeline\\Pipeline.php(219): Illuminate\\Routing\\Middleware\\SubstituteBindings->handle(Object(Illuminate\\Http\\Request), Object(Closure))\n#29 D:\\project\\client\\8\\shopp\\vendor\\laravel\\framework\\src\\Illuminate\\Foundation\\Http\\Middleware\\PreventRequestForgery.php(104): Illuminate\\Pipeline\\Pipeline->{closure:{closure:Illuminate\\Pipeline\\Pipeline::carry():194}:195}(Object(Illuminate\\Http\\Request))\n#30 D:\\project\\client\\8\\shopp\\vendor\\laravel\\framework\\src\\Illuminate\\Pipeline\\Pipeline.php(219): Illuminate\\Foundation\\Http\\Middleware\\PreventRequestForgery->handle(Object(Illuminate\\Http\\Request), Object(Closure))\n#31 D:\\project\\client\\8\\shopp\\vendor\\laravel\\framework\\src\\Illuminate\\View\\Middleware\\ShareErrorsFromSession.php(48): Illuminate\\Pipeline\\Pipeline->{closure:{closure:Illuminate\\Pipeline\\Pipeline::carry():194}:195}(Object(Illuminate\\Http\\Request))\n#32 D:\\project\\client\\8\\shopp\\vendor\\laravel\\framework\\src\\Illuminate\\Pipeline\\Pipeline.php(219): Illuminate\\View\\Middleware\\ShareErrorsFromSession->handle(Object(Illuminate\\Http\\Request), Object(Closure))\n#33 D:\\project\\client\\8\\shopp\\vendor\\laravel\\framework\\src\\Illuminate\\Session\\Middleware\\StartSession.php(120): Illuminate\\Pipeline\\Pipeline->{closure:{closure:Illuminate\\Pipeline\\Pipeline::carry():194}:195}(Object(Illuminate\\Http\\Request))\n#34 D:\\project\\client\\8\\shopp\\vendor\\laravel\\framework\\src\\Illuminate\\Session\\Middleware\\StartSession.php(63): Illuminate\\Session\\Middleware\\StartSession->handleStatefulRequest(Object(Illuminate\\Http\\Request), Object(Illuminate\\Session\\Store), Object(Closure))\n#35 D:\\project\\client\\8\\shopp\\vendor\\laravel\\framework\\src\\Illuminate\\Pipeline\\Pipeline.php(219): Illuminate\\Session\\Middleware\\StartSession->handle(Object(Illuminate\\Http\\Request), Object(Closure))\n#36 D:\\project\\client\\8\\shopp\\vendor\\laravel\\framework\\src\\Illuminate\\Cookie\\Middleware\\AddQueuedCookiesToResponse.php(36): Illuminate\\Pipeline\\Pipeline->{closure:{closure:Illuminate\\Pipeline\\Pipeline::carry():194}:195}(Object(Illuminate\\Http\\Request))\n#37 D:\\project\\client\\8\\shopp\\vendor\\laravel\\framework\\src\\Illuminate\\Pipeline\\Pipeline.php(219): Illuminate\\Cookie\\Middleware\\AddQueuedCookiesToResponse->handle(Object(Illuminate\\Http\\Request), Object(Closure))\n#38 D:\\project\\client\\8\\shopp\\vendor\\laravel\\framework\\src\\Illuminate\\Cookie\\Middleware\\EncryptCookies.php(74): Illuminate\\Pipeline\\Pipeline->{closure:{closure:Illuminate\\Pipeline\\Pipeline::carry():194}:195}(Object(Illuminate\\Http\\Request))\n#39 D:\\project\\client\\8\\shopp\\vendor\\laravel\\framework\\src\\Illuminate\\Pipeline\\Pipeline.php(219): Illuminate\\Cookie\\Middleware\\EncryptCookies->handle(Object(Illuminate\\Http\\Request), Object(Closure))\n#40 D:\\project\\client\\8\\shopp\\vendor\\laravel\\framework\\src\\Illuminate\\Pipeline\\Pipeline.php(137): Illuminate\\Pipeline\\Pipeline->{closure:{closure:Illuminate\\Pipeline\\Pipeline::carry():194}:195}(Object(Illuminate\\Http\\Request))\n#41 D:\\project\\client\\8\\shopp\\vendor\\laravel\\framework\\src\\Illuminate\\Routing\\Router.php(821): Illuminate\\Pipeline\\Pipeline->then(Object(Closure))\n#42 D:\\project\\client\\8\\shopp\\vendor\\laravel\\framework\\src\\Illuminate\\Routing\\Router.php(800): Illuminate\\Routing\\Router->runRouteWithinStack(Object(Illuminate\\Routing\\Route), Object(Illuminate\\Http\\Request))\n#43 D:\\project\\client\\8\\shopp\\vendor\\laravel\\framework\\src\\Illuminate\\Routing\\Router.php(764): Illuminate\\Routing\\Router->runRoute(Object(Illuminate\\Http\\Request), Object(Illuminate\\Routing\\Route))\n#44 D:\\project\\client\\8\\shopp\\vendor\\laravel\\framework\\src\\Illuminate\\Routing\\Router.php(753): Illuminate\\Routing\\Router->dispatchToRoute(Object(Illuminate\\Http\\Request))\n#45 D:\\project\\client\\8\\shopp\\vendor\\laravel\\framework\\src\\Illuminate\\Foundation\\Http\\Kernel.php(200): Illuminate\\Routing\\Router->dispatch(Object(Illuminate\\Http\\Request))\n#46 D:\\project\\client\\8\\shopp\\vendor\\laravel\\framework\\src\\Illuminate\\Pipeline\\Pipeline.php(180): Illuminate\\Foundation\\Http\\Kernel->{closure:Illuminate\\Foundation\\Http\\Kernel::dispatchToRouter():197}(Object(Illuminate\\Http\\Request))\n#47 D:\\project\\client\\8\\shopp\\vendor\\livewire\\livewire\\src\\Features\\SupportDisablingBackButtonCache\\DisableBackButtonCacheMiddleware.php(19): Illuminate\\Pipeline\\Pipeline->{closure:Illuminate\\Pipeline\\Pipeline::prepareDestination():178}(Object(Illuminate\\Http\\Request))\n#48 D:\\project\\client\\8\\shopp\\vendor\\laravel\\framework\\src\\Illuminate\\Pipeline\\Pipeline.php(219): Livewire\\Features\\SupportDisablingBackButtonCache\\DisableBackButtonCacheMiddleware->handle(Object(Illuminate\\Http\\Request), Object(Closure))\n#49 D:\\project\\client\\8\\shopp\\vendor\\inertiajs\\inertia-laravel\\src\\Middleware\\EnsureGetOnRedirect.php(19): Illuminate\\Pipeline\\Pipeline->{closure:{closure:Illuminate\\Pipeline\\Pipeline::carry():194}:195}(Object(Illuminate\\Http\\Request))\n#50 D:\\project\\client\\8\\shopp\\vendor\\laravel\\framework\\src\\Illuminate\\Pipeline\\Pipeline.php(219): Inertia\\Middleware\\EnsureGetOnRedirect->handle(Object(Illuminate\\Http\\Request), Object(Closure))\n#51 D:\\project\\client\\8\\shopp\\vendor\\laravel\\framework\\src\\Illuminate\\Foundation\\Http\\Middleware\\TransformsRequest.php(21): Illuminate\\Pipeline\\Pipeline->{closure:{closure:Illuminate\\Pipeline\\Pipeline::carry():194}:195}(Object(Illuminate\\Http\\Request))\n#52 D:\\project\\client\\8\\shopp\\vendor\\laravel\\framework\\src\\Illuminate\\Foundation\\Http\\Middleware\\ConvertEmptyStringsToNull.php(31): Illuminate\\Foundation\\Http\\Middleware\\TransformsRequest->handle(Object(Illuminate\\Http\\Request), Object(Closure))\n#53 D:\\project\\client\\8\\shopp\\vendor\\laravel\\framework\\src\\Illuminate\\Pipeline\\Pipeline.php(219): Illuminate\\Foundation\\Http\\Middleware\\ConvertEmptyStringsToNull->handle(Object(Illuminate\\Http\\Request), Object(Closure))\n#54 D:\\project\\client\\8\\shopp\\vendor\\laravel\\framework\\src\\Illuminate\\Foundation\\Http\\Middleware\\TransformsRequest.php(21): Illuminate\\Pipeline\\Pipeline->{closure:{closure:Illuminate\\Pipeline\\Pipeline::carry():194}:195}(Object(Illuminate\\Http\\Request))\n#55 D:\\project\\client\\8\\shopp\\vendor\\laravel\\framework\\src\\Illuminate\\Foundation\\Http\\Middleware\\TrimStrings.php(51): Illuminate\\Foundation\\Http\\Middleware\\TransformsRequest->handle(Object(Illuminate\\Http\\Request), Object(Closure))\n#56 D:\\project\\client\\8\\shopp\\vendor\\laravel\\framework\\src\\Illuminate\\Pipeline\\Pipeline.php(219): Illuminate\\Foundation\\Http\\Middleware\\TrimStrings->handle(Object(Illuminate\\Http\\Request), Object(Closure))\n#57 D:\\project\\client\\8\\shopp\\vendor\\laravel\\framework\\src\\Illuminate\\Http\\Middleware\\ValidatePostSize.php(27): Illuminate\\Pipeline\\Pipeline->{closure:{closure:Illuminate\\Pipeline\\Pipeline::carry():194}:195}(Object(Illuminate\\Http\\Request))\n#58 D:\\project\\client\\8\\shopp\\vendor\\laravel\\framework\\src\\Illuminate\\Pipeline\\Pipeline.php(219): Illuminate\\Http\\Middleware\\ValidatePostSize->handle(Object(Illuminate\\Http\\Request), Object(Closure))\n#59 D:\\project\\client\\8\\shopp\\vendor\\laravel\\framework\\src\\Illuminate\\Foundation\\Http\\Middleware\\PreventRequestsDuringMaintenance.php(109): Illuminate\\Pipeline\\Pipeline->{closure:{closure:Illuminate\\Pipeline\\Pipeline::carry():194}:195}(Object(Illuminate\\Http\\Request))\n#60 D:\\project\\client\\8\\shopp\\vendor\\laravel\\framework\\src\\Illuminate\\Pipeline\\Pipeline.php(219): Illuminate\\Foundation\\Http\\Middleware\\PreventRequestsDuringMaintenance->handle(Object(Illuminate\\Http\\Request), Object(Closure))\n#61 D:\\project\\client\\8\\shopp\\vendor\\laravel\\framework\\src\\Illuminate\\Http\\Middleware\\HandleCors.php(61): Illuminate\\Pipeline\\Pipeline->{closure:{closure:Illuminate\\Pipeline\\Pipeline::carry():194}:195}(Object(Illuminate\\Http\\Request))\n#62 D:\\project\\client\\8\\shopp\\vendor\\laravel\\framework\\src\\Illuminate\\Pipeline\\Pipeline.php(219): Illuminate\\Http\\Middleware\\HandleCors->handle(Object(Illuminate\\Http\\Request), Object(Closure))\n#63 D:\\project\\client\\8\\shopp\\vendor\\laravel\\framework\\src\\Illuminate\\Http\\Middleware\\TrustProxies.php(58): Illuminate\\Pipeline\\Pipeline->{closure:{closure:Illuminate\\Pipeline\\Pipeline::carry():194}:195}(Object(Illuminate\\Http\\Request))\n#64 D:\\project\\client\\8\\shopp\\vendor\\laravel\\framework\\src\\Illuminate\\Pipeline\\Pipeline.php(219): Illuminate\\Http\\Middleware\\TrustProxies->handle(Object(Illuminate\\Http\\Request), Object(Closure))\n#65 D:\\project\\client\\8\\shopp\\vendor\\laravel\\framework\\src\\Illuminate\\Foundation\\Http\\Middleware\\InvokeDeferredCallbacks.php(22): Illuminate\\Pipeline\\Pipeline->{closure:{closure:Illuminate\\Pipeline\\Pipeline::carry():194}:195}(Object(Illuminate\\Http\\Request))\n#66 D:\\project\\client\\8\\shopp\\vendor\\laravel\\framework\\src\\Illuminate\\Pipeline\\Pipeline.php(219): Illuminate\\Foundation\\Http\\Middleware\\InvokeDeferredCallbacks->handle(Object(Illuminate\\Http\\Request), Object(Closure))\n#67 D:\\project\\client\\8\\shopp\\vendor\\laravel\\framework\\src\\Illuminate\\Http\\Middleware\\ValidatePathEncoding.php(28): Illuminate\\Pipeline\\Pipeline->{closure:{closure:Illuminate\\Pipeline\\Pipeline::carry():194}:195}(Object(Illuminate\\Http\\Request))\n#68 D:\\project\\client\\8\\shopp\\vendor\\laravel\\framework\\src\\Illuminate\\Pipeline\\Pipeline.php(219): Illuminate\\Http\\Middleware\\ValidatePathEncoding->handle(Object(Illuminate\\Http\\Request), Object(Closure))\n#69 D:\\project\\client\\8\\shopp\\vendor\\laravel\\framework\\src\\Illuminate\\Pipeline\\Pipeline.php(137): Illuminate\\Pipeline\\Pipeline->{closure:{closure:Illuminate\\Pipeline\\Pipeline::carry():194}:195}(Object(Illuminate\\Http\\Request))\n#70 D:\\project\\client\\8\\shopp\\vendor\\laravel\\framework\\src\\Illuminate\\Foundation\\Http\\Kernel.php(175): Illuminate\\Pipeline\\Pipeline->then(Object(Closure))\n#71 D:\\project\\client\\8\\shopp\\vendor\\laravel\\framework\\src\\Illuminate\\Foundation\\Http\\Kernel.php(144): Illuminate\\Foundation\\Http\\Kernel->sendRequestThroughRouter(Object(Illuminate\\Http\\Request))\n#72 D:\\project\\client\\8\\shopp\\vendor\\laravel\\framework\\src\\Illuminate\\Foundation\\Testing\\Concerns\\MakesHttpRequests.php(607): Illuminate\\Foundation\\Http\\Kernel->handle(Object(Illuminate\\Http\\Request))\n#73 D:\\project\\client\\8\\shopp\\vendor\\laravel\\framework\\src\\Illuminate\\Foundation\\Testing\\Concerns\\MakesHttpRequests.php(368): Illuminate\\Foundation\\Testing\\TestCase->call('GET', 'http://shop.tes...', Array, Array, Array, Array)\n#74 D:\\project\\client\\8\\shopp\\tests\\Feature\\Auth\\PasswordResetTest.php(13): Illuminate\\Foundation\\Testing\\TestCase->get('http://shop.tes...')\n#75 D:\\project\\client\\8\\shopp\\vendor\\pestphp\\pest\\src\\Factories\\TestCaseMethodFactory.php(177): P\\Tests\\Feature\\Auth\\PasswordResetTest->{closure:D:\\project\\client\\8\\shopp\\tests\\Feature\\Auth\\PasswordResetTest.php:12}()\n#76 [internal function]: P\\Tests\\Feature\\Auth\\PasswordResetTest->{closure:Pest\\Factories\\TestCaseMethodFactory::getClosure():167}()\n#77 D:\\project\\client\\8\\shopp\\vendor\\pestphp\\pest\\src\\Concerns\\Testable.php(576): call_user_func_array(Object(Closure), Array)\n#78 D:\\project\\client\\8\\shopp\\vendor\\pestphp\\pest\\src\\Support\\ExceptionTrace.php(26): P\\Tests\\Feature\\Auth\\PasswordResetTest->{closure:Pest\\Concerns\\Testable::__callClosure():576}()\n#79 D:\\project\\client\\8\\shopp\\vendor\\pestphp\\pest\\src\\Concerns\\Testable.php(576): Pest\\Support\\ExceptionTrace::ensure(Object(Closure))\n#80 D:\\project\\client\\8\\shopp\\vendor\\pestphp\\pest\\src\\Concerns\\Testable.php(403): P\\Tests\\Feature\\Auth\\PasswordResetTest->__callClosure(Object(Closure), Array)\n#81 D:\\project\\client\\8\\shopp\\vendor\\pestphp\\pest\\src\\Factories\\TestCaseFactory.php(175) : eval()'d code(17): P\\Tests\\Feature\\Auth\\PasswordResetTest->__runTest(Object(Closure))\n#82 D:\\project\\client\\8\\shopp\\vendor\\phpunit\\phpunit\\src\\Framework\\TestCase.php(1310): P\\Tests\\Feature\\Auth\\PasswordResetTest->__pest_evaluable_reset_password_link_screen_can_be_rendered()\n#83 D:\\project\\client\\8\\shopp\\vendor\\phpunit\\phpunit\\src\\Framework\\TestCase.php(1344): PHPUnit\\Framework\\TestCase->invokeTestMethod('__pest_evaluabl...', Array)\n#84 D:\\project\\client\\8\\shopp\\vendor\\phpunit\\phpunit\\src\\Framework\\TestCase.php(520): PHPUnit\\Framework\\TestCase->runTest()\n#85 D:\\project\\client\\8\\shopp\\vendor\\phpunit\\phpunit\\src\\Framework\\TestRunner\\TestRunner.php(99): PHPUnit\\Framework\\TestCase->runBare()\n#86 D:\\project\\client\\8\\shopp\\vendor\\phpunit\\phpunit\\src\\Framework\\TestCase.php(360): PHPUnit\\Framework\\TestRunner->run(Object(P\\Tests\\Feature\\Auth\\PasswordResetTest))\n#87 D:\\project\\client\\8\\shopp\\vendor\\phpunit\\phpunit\\src\\Framework\\TestSuite.php(374): PHPUnit\\Framework\\TestCase->run()\n#88 D:\\project\\client\\8\\shopp\\vendor\\phpunit\\phpunit\\src\\Framework\\TestSuite.php(374): PHPUnit\\Framework\\TestSuite->run()\n#89 D:\\project\\client\\8\\shopp\\vendor\\phpunit\\phpunit\\src\\TextUI\\TestRunner.php(64): PHPUnit\\Framework\\TestSuite->run()\n#90 D:\\project\\client\\8\\shopp\\vendor\\phpunit\\phpunit\\src\\TextUI\\Application.php(229): PHPUnit\\TextUI\\TestRunner->run(Object(PHPUnit\\TextUI\\Configuration\\Configuration), Object(PHPUnit\\Runner\\ResultCache\\DefaultResultCache), Object(PHPUnit\\Framework\\TestSuite))\n#91 D:\\project\\client\\8\\shopp\\vendor\\pestphp\\pest\\src\\Kernel.php(117): PHPUnit\\TextUI\\Application->run(Array)\n#92 D:\\project\\client\\8\\shopp\\vendor\\pestphp\\pest\\bin\\pest(207): Pest\\Kernel->handle(Array, Array)\n#93 D:\\project\\client\\8\\shopp\\vendor\\pestphp\\pest\\bin\\pest(215): {closure:D:\\project\\client\\8\\shopp\\vendor\\pestphp\\pest\\bin\\pest:21}()\n#94 D:\\project\\client\\8\\shopp\\vendor\\bin\\pest(119): include('D:\\\\project\\\\clie...')\n#95 {main}\n\n----------------------------------------------------------------------------------\n\nVite manifest not found at: D:\\project\\client\\8\\shopp\\public\\build/manifest.json (View: D:\\project\\client\\8\\shopp\\resources\\views\\app.blade.php)"},{"test":"P\\Tests\\Feature\\Auth\\PasswordResetTest::__pest_evaluable_reset_password_screen_can_be_rendered","file":"\\project\\client\\8\\shopp\\vendor\\laravel\\framework\\src\\Illuminate\\Testing\\TestResponseAssert.php","line":45,"message":"Expected response status code [200] but received 500.\nFailed asserting that 500 is identical to 200.\r\n\r\nThe following exception occurred during the last request:\n\nIlluminate\\Foundation\\ViteManifestNotFoundException: Vite manifest not found at: D:\\project\\client\\8\\shopp\\public\\build/manifest.json in D:\\project\\client\\8\\shopp\\vendor\\laravel\\framework\\src\\Illuminate\\Foundation\\Vite.php:960\nStack trace:\n#0 D:\\project\\client\\8\\shopp\\vendor\\laravel\\framework\\src\\Illuminate\\Foundation\\Vite.php(398): Illuminate\\Foundation\\Vite->manifest('build')\n#1 D:\\project\\client\\8\\shopp\\storage\\framework\\views\\b2bf0ef3f019cc794fda0830c3cbb8c3.php(40): Illuminate\\Foundation\\Vite->__invoke(Object(Illuminate\\Support\\Collection))\n#2 D:\\project\\client\\8\\shopp\\vendor\\laravel\\framework\\src\\Illuminate\\Filesystem\\Filesystem.php(123): require('D:\\\\project\\\\clie...')\n#3 D:\\project\\client\\8\\shopp\\vendor\\laravel\\framework\\src\\Illuminate\\Filesystem\\Filesystem.php(124): Illuminate\\Filesystem\\Filesystem::{closure:Illuminate\\Filesystem\\Filesystem::getRequire():120}()\n#4 D:\\project\\client\\8\\shopp\\vendor\\laravel\\framework\\src\\Illuminate\\View\\Engines\\PhpEngine.php(57): Illuminate\\Filesystem\\Filesystem->getRequire('D:\\\\project\\\\clie...', Array)\n#5 D:\\project\\client\\8\\shopp\\vendor\\livewire\\livewire\\src\\Mechanisms\\ExtendBlade\\ExtendedCompilerEngine.php(22): Illuminate\\View\\Engines\\PhpEngine->evaluatePath('D:\\\\project\\\\clie...', Array)\n#6 D:\\project\\client\\8\\shopp\\vendor\\laravel\\framework\\src\\Illuminate\\View\\Engines\\CompilerEngine.php(76): Livewire\\Mechanisms\\ExtendBlade\\ExtendedCompilerEngine->evaluatePath('D:\\\\project\\\\clie...', Array)\n#7 D:\\project\\client\\8\\shopp\\vendor\\livewire\\livewire\\src\\Mechanisms\\ExtendBlade\\ExtendedCompilerEngine.php(10): Illuminate\\View\\Engines\\CompilerEngine->get('D:\\\\project\\\\clie...', Array)\n#8 D:\\project\\client\\8\\shopp\\vendor\\laravel\\framework\\src\\Illuminate\\View\\View.php(208): Livewire\\Mechanisms\\ExtendBlade\\ExtendedCompilerEngine->get('D:\\\\project\\\\clie...', Array)\n#9 D:\\project\\client\\8\\shopp\\vendor\\laravel\\framework\\src\\Illuminate\\View\\View.php(191): Illuminate\\View\\View->getContents()\n#10 D:\\project\\client\\8\\shopp\\vendor\\laravel\\framework\\src\\Illuminate\\View\\View.php(160): Illuminate\\View\\View->renderContents()\n#11 D:\\project\\client\\8\\shopp\\vendor\\laravel\\framework\\src\\Illuminate\\Http\\Response.php(78): Illuminate\\View\\View->render()\n#12 D:\\project\\client\\8\\shopp\\vendor\\laravel\\framework\\src\\Illuminate\\Http\\Response.php(34): Illuminate\\Http\\Response->setContent(Object(Illuminate\\View\\View))\n#13 D:\\project\\client\\8\\shopp\\vendor\\laravel\\framework\\src\\Illuminate\\Routing\\ResponseFactory.php(61): Illuminate\\Http\\Response->__construct(Object(Illuminate\\View\\View), 200, Array)\n#14 D:\\project\\client\\8\\shopp\\vendor\\laravel\\framework\\src\\Illuminate\\Routing\\ResponseFactory.php(91): Illuminate\\Routing\\ResponseFactory->make(Object(Illuminate\\View\\View), 200, Array)\n#15 D:\\project\\client\\8\\shopp\\vendor\\laravel\\framework\\src\\Illuminate\\Support\\Facades\\Facade.php(363): Illuminate\\Routing\\ResponseFactory->view('app', Array)\n#16 D:\\project\\client\\8\\shopp\\vendor\\inertiajs\\inertia-laravel\\src\\Response.php(211): Illuminate\\Support\\Facades\\Facade::__callStatic('view', Array)\n#17 D:\\project\\client\\8\\shopp\\vendor\\laravel\\fortify\\src\\Http\\Responses\\SimpleViewResponse.php(56): Inertia\\Response->toResponse(Object(Illuminate\\Http\\Request))\n#18 D:\\project\\client\\8\\shopp\\vendor\\laravel\\framework\\src\\Illuminate\\Routing\\Router.php(921): Laravel\\Fortify\\Http\\Responses\\SimpleViewResponse->toResponse(Object(Illuminate\\Http\\Request))\n#19 D:\\project\\client\\8\\shopp\\vendor\\laravel\\framework\\src\\Illuminate\\Routing\\Router.php(906): Illuminate\\Routing\\Router::toResponse(Object(Illuminate\\Http\\Request), Object(Laravel\\Fortify\\Http\\Responses\\SimpleViewResponse))\n#20 D:\\project\\client\\8\\shopp\\vendor\\laravel\\framework\\src\\Illuminate\\Routing\\Router.php(821): Illuminate\\Routing\\Router->prepareResponse(Object(Illuminate\\Http\\Request), Object(Laravel\\Fortify\\Http\\Responses\\SimpleViewResponse))\n#21 D:\\project\\client\\8\\shopp\\vendor\\laravel\\framework\\src\\Illuminate\\Pipeline\\Pipeline.php(180): Illuminate\\Routing\\Router->{closure:Illuminate\\Routing\\Router::runRouteWithinStack():821}(Object(Illuminate\\Http\\Request))\n#22 D:\\project\\client\\8\\shopp\\vendor\\laravel\\framework\\src\\Illuminate\\Auth\\Middleware\\RedirectIfAuthenticated.php(47): Illuminate\\Pipeline\\Pipeline->{closure:Illuminate\\Pipeline\\Pipeline::prepareDestination():178}(Object(Illuminate\\Http\\Request))\n#23 D:\\project\\client\\8\\shopp\\vendor\\laravel\\framework\\src\\Illuminate\\Pipeline\\Pipeline.php(219): Illuminate\\Auth\\Middleware\\RedirectIfAuthenticated->handle(Object(Illuminate\\Http\\Request), Object(Closure), 'web')\n#24 D:\\project\\client\\8\\shopp\\vendor\\laravel\\framework\\src\\Illuminate\\Http\\Middleware\\AddLinkHeadersForPreloadedAssets.php(32): Illuminate\\Pipeline\\Pipeline->{closure:{closure:Illuminate\\Pipeline\\Pipeline::carry():194}:195}(Object(Illuminate\\Http\\Request))\n#25 D:\\project\\client\\8\\shopp\\vendor\\laravel\\framework\\src\\Illuminate\\Pipeline\\Pipeline.php(219): Illuminate\\Http\\Middleware\\AddLinkHeadersForPreloadedAssets->handle(Object(Illuminate\\Http\\Request), Object(Closure))\n#26 D:\\project\\client\\8\\shopp\\vendor\\inertiajs\\inertia-laravel\\src\\Middleware.php(138): Illuminate\\Pipeline\\Pipeline->{closure:{closure:Illuminate\\Pipeline\\Pipeline::carry():194}:195}(Object(Illuminate\\Http\\Request))\n#27 D:\\project\\client\\8\\shopp\\vendor\\laravel\\framework\\src\\Illuminate\\Pipeline\\Pipeline.php(219): Inertia\\Middleware->handle(Object(Illuminate\\Http\\Request), Object(Closure))\n#28 D:\\project\\client\\8\\shopp\\app\\Http\\Middleware\\HandleAppearance.php(21): Illuminate\\Pipeline\\Pipeline->{closure:{closure:Illuminate\\Pipeline\\Pipeline::carry():194}:195}(Object(Illuminate\\Http\\Request))\n#29 D:\\project\\client\\8\\shopp\\vendor\\laravel\\framework\\src\\Illuminate\\Pipeline\\Pipeline.php(219): App\\Http\\Middleware\\HandleAppearance->handle(Object(Illuminate\\Http\\Request), Object(Closure))\n#30 D:\\project\\client\\8\\shopp\\vendor\\laravel\\framework\\src\\Illuminate\\Routing\\Middleware\\SubstituteBindings.php(52): Illuminate\\Pipeline\\Pipeline->{closure:{closure:Illuminate\\Pipeline\\Pipeline::carry():194}:195}(Object(Illuminate\\Http\\Request))\n#31 D:\\project\\client\\8\\shopp\\vendor\\laravel\\framework\\src\\Illuminate\\Pipeline\\Pipeline.php(219): Illuminate\\Routing\\Middleware\\SubstituteBindings->handle(Object(Illuminate\\Http\\Request), Object(Closure))\n#32 D:\\project\\client\\8\\shopp\\vendor\\laravel\\framework\\src\\Illuminate\\Foundation\\Http\\Middleware\\PreventRequestForgery.php(104): Illuminate\\Pipeline\\Pipeline->{closure:{closure:Illuminate\\Pipeline\\Pipeline::carry():194}:195}(Object(Illuminate\\Http\\Request))\n#33 D:\\project\\client\\8\\shopp\\vendor\\laravel\\framework\\src\\Illuminate\\Pipeline\\Pipeline.php(219): Illuminate\\Foundation\\Http\\Middleware\\PreventRequestForgery->handle(Object(Illuminate\\Http\\Request), Object(Closure))\n#34 D:\\project\\client\\8\\shopp\\vendor\\laravel\\framework\\src\\Illuminate\\View\\Middleware\\ShareErrorsFromSession.php(48): Illuminate\\Pipeline\\Pipeline->{closure:{closure:Illuminate\\Pipeline\\Pipeline::carry():194}:195}(Object(Illuminate\\Http\\Request))\n#35 D:\\project\\client\\8\\shopp\\vendor\\laravel\\framework\\src\\Illuminate\\Pipeline\\Pipeline.php(219): Illuminate\\View\\Middleware\\ShareErrorsFromSession->handle(Object(Illuminate\\Http\\Request), Object(Closure))\n#36 D:\\project\\client\\8\\shopp\\vendor\\laravel\\framework\\src\\Illuminate\\Session\\Middleware\\StartSession.php(120): Illuminate\\Pipeline\\Pipeline->{closure:{closure:Illuminate\\Pipeline\\Pipeline::carry():194}:195}(Object(Illuminate\\Http\\Request))\n#37 D:\\project\\client\\8\\shopp\\vendor\\laravel\\framework\\src\\Illuminate\\Session\\Middleware\\StartSession.php(63): Illuminate\\Session\\Middleware\\StartSession->handleStatefulRequest(Object(Illuminate\\Http\\Request), Object(Illuminate\\Session\\Store), Object(Closure))\n#38 D:\\project\\client\\8\\shopp\\vendor\\laravel\\framework\\src\\Illuminate\\Pipeline\\Pipeline.php(219): Illuminate\\Session\\Middleware\\StartSession->handle(Object(Illuminate\\Http\\Request), Object(Closure))\n#39 D:\\project\\client\\8\\shopp\\vendor\\laravel\\framework\\src\\Illuminate\\Cookie\\Middleware\\AddQueuedCookiesToResponse.php(36): Illuminate\\Pipeline\\Pipeline->{closure:{closure:Illuminate\\Pipeline\\Pipeline::carry():194}:195}(Object(Illuminate\\Http\\Request))\n#40 D:\\project\\client\\8\\shopp\\vendor\\laravel\\framework\\src\\Illuminate\\Pipeline\\Pipeline.php(219): Illuminate\\Cookie\\Middleware\\AddQueuedCookiesToResponse->handle(Object(Illuminate\\Http\\Request), Object(Closure))\n#41 D:\\project\\client\\8\\shopp\\vendor\\laravel\\framework\\src\\Illuminate\\Cookie\\Middleware\\EncryptCookies.php(74): Illuminate\\Pipeline\\Pipeline->{closure:{closure:Illuminate\\Pipeline\\Pipeline::carry():194}:195}(Object(Illuminate\\Http\\Request))\n#42 D:\\project\\client\\8\\shopp\\vendor\\laravel\\framework\\src\\Illuminate\\Pipeline\\Pipeline.php(219): Illuminate\\Cookie\\Middleware\\EncryptCookies->handle(Object(Illuminate\\Http\\Request), Object(Closure))\n#43 D:\\project\\client\\8\\shopp\\vendor\\laravel\\framework\\src\\Illuminate\\Pipeline\\Pipeline.php(137): Illuminate\\Pipeline\\Pipeline->{closure:{closure:Illuminate\\Pipeline\\Pipeline::carry():194}:195}(Object(Illuminate\\Http\\Request))\n#44 D:\\project\\client\\8\\shopp\\vendor\\laravel\\framework\\src\\Illuminate\\Routing\\Router.php(821): Illuminate\\Pipeline\\Pipeline->then(Object(Closure))\n#45 D:\\project\\client\\8\\shopp\\vendor\\laravel\\framework\\src\\Illuminate\\Routing\\Router.php(800): Illuminate\\Routing\\Router->runRouteWithinStack(Object(Illuminate\\Routing\\Route), Object(Illuminate\\Http\\Request))\n#46 D:\\project\\client\\8\\shopp\\vendor\\laravel\\framework\\src\\Illuminate\\Routing\\Router.php(764): Illuminate\\Routing\\Router->runRoute(Object(Illuminate\\Http\\Request), Object(Illuminate\\Routing\\Route))\n#47 D:\\project\\client\\8\\shopp\\vendor\\laravel\\framework\\src\\Illuminate\\Routing\\Router.php(753): Illuminate\\Routing\\Router->dispatchToRoute(Object(Illuminate\\Http\\Request))\n#48 D:\\project\\client\\8\\shopp\\vendor\\laravel\\framework\\src\\Illuminate\\Foundation\\Http\\Kernel.php(200): Illuminate\\Routing\\Router->dispatch(Object(Illuminate\\Http\\Request))\n#49 D:\\project\\client\\8\\shopp\\vendor\\laravel\\framework\\src\\Illuminate\\Pipeline\\Pipeline.php(180): Illuminate\\Foundation\\Http\\Kernel->{closure:Illuminate\\Foundation\\Http\\Kernel::dispatchToRouter():197}(Object(Illuminate\\Http\\Request))\n#50 D:\\project\\client\\8\\shopp\\vendor\\livewire\\livewire\\src\\Features\\SupportDisablingBackButtonCache\\DisableBackButtonCacheMiddleware.php(19): Illuminate\\Pipeline\\Pipeline->{closure:Illuminate\\Pipeline\\Pipeline::prepareDestination():178}(Object(Illuminate\\Http\\Request))\n#51 D:\\project\\client\\8\\shopp\\vendor\\laravel\\framework\\src\\Illuminate\\Pipeline\\Pipeline.php(219): Livewire\\Features\\SupportDisablingBackButtonCache\\DisableBackButtonCacheMiddleware->handle(Object(Illuminate\\Http\\Request), Object(Closure))\n#52 D:\\project\\client\\8\\shopp\\vendor\\inertiajs\\inertia-laravel\\src\\Middleware\\EnsureGetOnRedirect.php(19): Illuminate\\Pipeline\\Pipeline->{closure:{closure:Illuminate\\Pipeline\\Pipeline::carry():194}:195}(Object(Illuminate\\Http\\Request))\n#53 D:\\project\\client\\8\\shopp\\vendor\\laravel\\framework\\src\\Illuminate\\Pipeline\\Pipeline.php(219): Inertia\\Middleware\\EnsureGetOnRedirect->handle(Object(Illuminate\\Http\\Request), Object(Closure))\n#54 D:\\project\\client\\8\\shopp\\vendor\\laravel\\framework\\src\\Illuminate\\Foundation\\Http\\Middleware\\TransformsRequest.php(21): Illuminate\\Pipeline\\Pipeline->{closure:{closure:Illuminate\\Pipeline\\Pipeline::carry():194}:195}(Object(Illuminate\\Http\\Request))\n#55 D:\\project\\client\\8\\shopp\\vendor\\laravel\\framework\\src\\Illuminate\\Foundation\\Http\\Middleware\\ConvertEmptyStringsToNull.php(31): Illuminate\\Foundation\\Http\\Middleware\\TransformsRequest->handle(Object(Illuminate\\Http\\Request), Object(Closure))\n#56 D:\\project\\client\\8\\shopp\\vendor\\laravel\\framework\\src\\Illuminate\\Pipeline\\Pipeline.php(219): Illuminate\\Foundation\\Http\\Middleware\\ConvertEmptyStringsToNull->handle(Object(Illuminate\\Http\\Request), Object(Closure))\n#57 D:\\project\\client\\8\\shopp\\vendor\\laravel\\framework\\src\\Illuminate\\Foundation\\Http\\Middleware\\TransformsRequest.php(21): Illuminate\\Pipeline\\Pipeline->{closure:{closure:Illuminate\\Pipeline\\Pipeline::carry():194}:195}(Object(Illuminate\\Http\\Request))\n#58 D:\\project\\client\\8\\shopp\\vendor\\laravel\\framework\\src\\Illuminate\\Foundation\\Http\\Middleware\\TrimStrings.php(51): Illuminate\\Foundation\\Http\\Middleware\\TransformsRequest->handle(Object(Illuminate\\Http\\Request), Object(Closure))\n#59 D:\\project\\client\\8\\shopp\\vendor\\laravel\\framework\\src\\Illuminate\\Pipeline\\Pipeline.php(219): Illuminate\\Foundation\\Http\\Middleware\\TrimStrings->handle(Object(Illuminate\\Http\\Request), Object(Closure))\n#60 D:\\project\\client\\8\\shopp\\vendor\\laravel\\framework\\src\\Illuminate\\Http\\Middleware\\ValidatePostSize.php(27): Illuminate\\Pipeline\\Pipeline->{closure:{closure:Illuminate\\Pipeline\\Pipeline::carry():194}:195}(Object(Illuminate\\Http\\Request))\n#61 D:\\project\\client\\8\\shopp\\vendor\\laravel\\framework\\src\\Illuminate\\Pipeline\\Pipeline.php(219): Illuminate\\Http\\Middleware\\ValidatePostSize->handle(Object(Illuminate\\Http\\Request), Object(Closure))\n#62 D:\\project\\client\\8\\shopp\\vendor\\laravel\\framework\\src\\Illuminate\\Foundation\\Http\\Middleware\\PreventRequestsDuringMaintenance.php(109): Illuminate\\Pipeline\\Pipeline->{closure:{closure:Illuminate\\Pipeline\\Pipeline::carry():194}:195}(Object(Illuminate\\Http\\Request))\n#63 D:\\project\\client\\8\\shopp\\vendor\\laravel\\framework\\src\\Illuminate\\Pipeline\\Pipeline.php(219): Illuminate\\Foundation\\Http\\Middleware\\PreventRequestsDuringMaintenance->handle(Object(Illuminate\\Http\\Request), Object(Closure))\n#64 D:\\project\\client\\8\\shopp\\vendor\\laravel\\framework\\src\\Illuminate\\Http\\Middleware\\HandleCors.php(61): Illuminate\\Pipeline\\Pipeline->{closure:{closure:Illuminate\\Pipeline\\Pipeline::carry():194}:195}(Object(Illuminate\\Http\\Request))\n#65 D:\\project\\client\\8\\shopp\\vendor\\laravel\\framework\\src\\Illuminate\\Pipeline\\Pipeline.php(219): Illuminate\\Http\\Middleware\\HandleCors->handle(Object(Illuminate\\Http\\Request), Object(Closure))\n#66 D:\\project\\client\\8\\shopp\\vendor\\laravel\\framework\\src\\Illuminate\\Http\\Middleware\\TrustProxies.php(58): Illuminate\\Pipeline\\Pipeline->{closure:{closure:Illuminate\\Pipeline\\Pipeline::carry():194}:195}(Object(Illuminate\\Http\\Request))\n#67 D:\\project\\client\\8\\shopp\\vendor\\laravel\\framework\\src\\Illuminate\\Pipeline\\Pipeline.php(219): Illuminate\\Http\\Middleware\\TrustProxies->handle(Object(Illuminate\\Http\\Request), Object(Closure))\n#68 D:\\project\\client\\8\\shopp\\vendor\\laravel\\framework\\src\\Illuminate\\Foundation\\Http\\Middleware\\InvokeDeferredCallbacks.php(22): Illuminate\\Pipeline\\Pipeline->{closure:{closure:Illuminate\\Pipeline\\Pipeline::carry():194}:195}(Object(Illuminate\\Http\\Request))\n#69 D:\\project\\client\\8\\shopp\\vendor\\laravel\\framework\\src\\Illuminate\\Pipeline\\Pipeline.php(219): Illuminate\\Foundation\\Http\\Middleware\\InvokeDeferredCallbacks->handle(Object(Illuminate\\Http\\Request), Object(Closure))\n#70 D:\\project\\client\\8\\shopp\\vendor\\laravel\\framework\\src\\Illuminate\\Http\\Middleware\\ValidatePathEncoding.php(28): Illuminate\\Pipeline\\Pipeline->{closure:{closure:Illuminate\\Pipeline\\Pipeline::carry():194}:195}(Object(Illuminate\\Http\\Request))\n#71 D:\\project\\client\\8\\shopp\\vendor\\laravel\\framework\\src\\Illuminate\\Pipeline\\Pipeline.php(219): Illuminate\\Http\\Middleware\\ValidatePathEncoding->handle(Object(Illuminate\\Http\\Request), Object(Closure))\n#72 D:\\project\\client\\8\\shopp\\vendor\\laravel\\framework\\src\\Illuminate\\Pipeline\\Pipeline.php(137): Illuminate\\Pipeline\\Pipeline->{closure:{closure:Illuminate\\Pipeline\\Pipeline::carry():194}:195}(Object(Illuminate\\Http\\Request))\n#73 D:\\project\\client\\8\\shopp\\vendor\\laravel\\framework\\src\\Illuminate\\Foundation\\Http\\Kernel.php(175): Illuminate\\Pipeline\\Pipeline->then(Object(Closure))\n#74 D:\\project\\client\\8\\shopp\\vendor\\laravel\\framework\\src\\Illuminate\\Foundation\\Http\\Kernel.php(144): Illuminate\\Foundation\\Http\\Kernel->sendRequestThroughRouter(Object(Illuminate\\Http\\Request))\n#75 D:\\project\\client\\8\\shopp\\vendor\\laravel\\framework\\src\\Illuminate\\Foundation\\Testing\\Concerns\\MakesHttpRequests.php(607): Illuminate\\Foundation\\Http\\Kernel->handle(Object(Illuminate\\Http\\Request))\n#76 D:\\project\\client\\8\\shopp\\vendor\\laravel\\framework\\src\\Illuminate\\Foundation\\Testing\\Concerns\\MakesHttpRequests.php(368): Illuminate\\Foundation\\Testing\\TestCase->call('GET', 'http://shop.tes...', Array, Array, Array, Array)\n#77 D:\\project\\client\\8\\shopp\\tests\\Feature\\Auth\\PasswordResetTest.php(36): Illuminate\\Foundation\\Testing\\TestCase->get('http://shop.tes...')\n#78 D:\\project\\client\\8\\shopp\\vendor\\laravel\\framework\\src\\Illuminate\\Support\\Testing\\Fakes\\NotificationFake.php(261): P\\Tests\\Feature\\Auth\\PasswordResetTest->{closure:{closure:D:\\project\\client\\8\\shopp\\tests\\Feature\\Auth\\PasswordResetTest.php:28}:35}(Object(Illuminate\\Auth\\Notifications\\ResetPassword), Array, Object(App\\Models\\User), NULL)\n#79 [internal function]: Illuminate\\Support\\Testing\\Fakes\\NotificationFake->{closure:Illuminate\\Support\\Testing\\Fakes\\NotificationFake::sent():261}(Array, 0)\n#80 D:\\project\\client\\8\\shopp\\vendor\\laravel\\framework\\src\\Illuminate\\Collections\\Arr.php(1243): array_filter(Array, Object(Closure), 1)\n#81 D:\\project\\client\\8\\shopp\\vendor\\laravel\\framework\\src\\Illuminate\\Collections\\Collection.php(427): Illuminate\\Support\\Arr::where(Array, Object(Closure))\n#82 D:\\project\\client\\8\\shopp\\vendor\\laravel\\framework\\src\\Illuminate\\Support\\Testing\\Fakes\\NotificationFake.php(260): Illuminate\\Support\\Collection->filter(Object(Closure))\n#83 D:\\project\\client\\8\\shopp\\vendor\\laravel\\framework\\src\\Illuminate\\Support\\Testing\\Fakes\\NotificationFake.php(90): Illuminate\\Support\\Testing\\Fakes\\NotificationFake->sent(Object(App\\Models\\User), 'Illuminate\\\\Auth...', Object(Closure))\n#84 D:\\project\\client\\8\\shopp\\vendor\\laravel\\framework\\src\\Illuminate\\Support\\Facades\\Facade.php(363): Illuminate\\Support\\Testing\\Fakes\\NotificationFake->assertSentTo(Object(App\\Models\\User), 'Illuminate\\\\Auth...', Object(Closure))\n#85 D:\\project\\client\\8\\shopp\\tests\\Feature\\Auth\\PasswordResetTest.php(35): Illuminate\\Support\\Facades\\Facade::__callStatic('assertSentTo', Array)\n#86 D:\\project\\client\\8\\shopp\\vendor\\pestphp\\pest\\src\\Factories\\TestCaseMethodFactory.php(177): P\\Tests\\Feature\\Auth\\PasswordResetTest->{closure:D:\\project\\client\\8\\shopp\\tests\\Feature\\Auth\\PasswordResetTest.php:28}()\n#87 [internal function]: P\\Tests\\Feature\\Auth\\PasswordResetTest->{closure:Pest\\Factories\\TestCaseMethodFactory::getClosure():167}()\n#88 D:\\project\\client\\8\\shopp\\vendor\\pestphp\\pest\\src\\Concerns\\Testable.php(576): call_user_func_array(Object(Closure), Array)\n#89 D:\\project\\client\\8\\shopp\\vendor\\pestphp\\pest\\src\\Support\\ExceptionTrace.php(26): P\\Tests\\Feature\\Auth\\PasswordResetTest->{closure:Pest\\Concerns\\Testable::__callClosure():576}()\n#90 D:\\project\\client\\8\\shopp\\vendor\\pestphp\\pest\\src\\Concerns\\Testable.php(576): Pest\\Support\\ExceptionTrace::ensure(Object(Closure))\n#91 D:\\project\\client\\8\\shopp\\vendor\\pestphp\\pest\\src\\Concerns\\Testable.php(403): P\\Tests\\Feature\\Auth\\PasswordResetTest->__callClosure(Object(Closure), Array)\n#92 D:\\project\\client\\8\\shopp\\vendor\\pestphp\\pest\\src\\Factories\\TestCaseFactory.php(175) : eval()'d code(35): P\\Tests\\Feature\\Auth\\PasswordResetTest->__runTest(Object(Closure))\n#93 D:\\project\\client\\8\\shopp\\vendor\\phpunit\\phpunit\\src\\Framework\\TestCase.php(1310): P\\Tests\\Feature\\Auth\\PasswordResetTest->__pest_evaluable_reset_password_screen_can_be_rendered()\n#94 D:\\project\\client\\8\\shopp\\vendor\\phpunit\\phpunit\\src\\Framework\\TestCase.php(1344): PHPUnit\\Framework\\TestCase->invokeTestMethod('__pest_evaluabl...', Array)\n#95 D:\\project\\client\\8\\shopp\\vendor\\phpunit\\phpunit\\src\\Framework\\TestCase.php(520): PHPUnit\\Framework\\TestCase->runTest()\n#96 D:\\project\\client\\8\\shopp\\vendor\\phpunit\\phpunit\\src\\Framework\\TestRunner\\TestRunner.php(99): PHPUnit\\Framework\\TestCase->runBare()\n#97 D:\\project\\client\\8\\shopp\\vendor\\phpunit\\phpunit\\src\\Framework\\TestCase.php(360): PHPUnit\\Framework\\TestRunner->run(Object(P\\Tests\\Feature\\Auth\\PasswordResetTest))\n#98 D:\\project\\client\\8\\shopp\\vendor\\phpunit\\phpunit\\src\\Framework\\TestSuite.php(374): PHPUnit\\Framework\\TestCase->run()\n#99 D:\\project\\client\\8\\shopp\\vendor\\phpunit\\phpunit\\src\\Framework\\TestSuite.php(374): PHPUnit\\Framework\\TestSuite->run()\n#100 D:\\project\\client\\8\\shopp\\vendor\\phpunit\\phpunit\\src\\TextUI\\TestRunner.php(64): PHPUnit\\Framework\\TestSuite->run()\n#101 D:\\project\\client\\8\\shopp\\vendor\\phpunit\\phpunit\\src\\TextUI\\Application.php(229): PHPUnit\\TextUI\\TestRunner->run(Object(PHPUnit\\TextUI\\Configuration\\Configuration), Object(PHPUnit\\Runner\\ResultCache\\DefaultResultCache), Object(PHPUnit\\Framework\\TestSuite))\n#102 D:\\project\\client\\8\\shopp\\vendor\\pestphp\\pest\\src\\Kernel.php(117): PHPUnit\\TextUI\\Application->run(Array)\n#103 D:\\project\\client\\8\\shopp\\vendor\\pestphp\\pest\\bin\\pest(207): Pest\\Kernel->handle(Array, Array)\n#104 D:\\project\\client\\8\\shopp\\vendor\\pestphp\\pest\\bin\\pest(215): {closure:D:\\project\\client\\8\\shopp\\vendor\\pestphp\\pest\\bin\\pest:21}()\n#105 D:\\project\\client\\8\\shopp\\vendor\\bin\\pest(119): include('D:\\\\project\\\\clie...')\n#106 {main}\n\nNext Illuminate\\View\\ViewException: Vite manifest not found at: D:\\project\\client\\8\\shopp\\public\\build/manifest.json (View: D:\\project\\client\\8\\shopp\\resources\\views\\app.blade.php) in D:\\project\\client\\8\\shopp\\vendor\\laravel\\framework\\src\\Illuminate\\Foundation\\Vite.php:960\nStack trace:\n#0 D:\\project\\client\\8\\shopp\\vendor\\livewire\\livewire\\src\\Mechanisms\\ExtendBlade\\ExtendedCompilerEngine.php(58): Illuminate\\View\\Engines\\CompilerEngine->handleViewException(Object(Illuminate\\Foundation\\ViteManifestNotFoundException), 2)\n#1 D:\\project\\client\\8\\shopp\\vendor\\laravel\\framework\\src\\Illuminate\\View\\Engines\\PhpEngine.php(59): Livewire\\Mechanisms\\ExtendBlade\\ExtendedCompilerEngine->handleViewException(Object(Illuminate\\Foundation\\ViteManifestNotFoundException), 2)\n#2 D:\\project\\client\\8\\shopp\\vendor\\livewire\\livewire\\src\\Mechanisms\\ExtendBlade\\ExtendedCompilerEngine.php(22): Illuminate\\View\\Engines\\PhpEngine->evaluatePath('D:\\\\project\\\\clie...', Array)\n#3 D:\\project\\client\\8\\shopp\\vendor\\laravel\\framework\\src\\Illuminate\\View\\Engines\\CompilerEngine.php(76): Livewire\\Mechanisms\\ExtendBlade\\ExtendedCompilerEngine->evaluatePath('D:\\\\project\\\\clie...', Array)\n#4 D:\\project\\client\\8\\shopp\\vendor\\livewire\\livewire\\src\\Mechanisms\\ExtendBlade\\ExtendedCompilerEngine.php(10): Illuminate\\View\\Engines\\CompilerEngine->get('D:\\\\project\\\\clie...', Array)\n#5 D:\\project\\client\\8\\shopp\\vendor\\laravel\\framework\\src\\Illuminate\\View\\View.php(208): Livewire\\Mechanisms\\ExtendBlade\\ExtendedCompilerEngine->get('D:\\\\project\\\\clie...', Array)\n#6 D:\\project\\client\\8\\shopp\\vendor\\laravel\\framework\\src\\Illuminate\\View\\View.php(191): Illuminate\\View\\View->getContents()\n#7 D:\\project\\client\\8\\shopp\\vendor\\laravel\\framework\\src\\Illuminate\\View\\View.php(160): Illuminate\\View\\View->renderContents()\n#8 D:\\project\\client\\8\\shopp\\vendor\\laravel\\framework\\src\\Illuminate\\Http\\Response.php(78): Illuminate\\View\\View->render()\n#9 D:\\project\\client\\8\\shopp\\vendor\\laravel\\framework\\src\\Illuminate\\Http\\Response.php(34): Illuminate\\Http\\Response->setContent(Object(Illuminate\\View\\View))\n#10 D:\\project\\client\\8\\shopp\\vendor\\laravel\\framework\\src\\Illuminate\\Routing\\ResponseFactory.php(61): Illuminate\\Http\\Response->__construct(Object(Illuminate\\View\\View), 200, Array)\n#11 D:\\project\\client\\8\\shopp\\vendor\\laravel\\framework\\src\\Illuminate\\Routing\\ResponseFactory.php(91): Illuminate\\Routing\\ResponseFactory->make(Object(Illuminate\\View\\View), 200, Array)\n#12 D:\\project\\client\\8\\shopp\\vendor\\laravel\\framework\\src\\Illuminate\\Support\\Facades\\Facade.php(363): Illuminate\\Routing\\ResponseFactory->view('app', Array)\n#13 D:\\project\\client\\8\\shopp\\vendor\\inertiajs\\inertia-laravel\\src\\Response.php(211): Illuminate\\Support\\Facades\\Facade::__callStatic('view', Array)\n#14 D:\\project\\client\\8\\shopp\\vendor\\laravel\\fortify\\src\\Http\\Responses\\SimpleViewResponse.php(56): Inertia\\Response->toResponse(Object(Illuminate\\Http\\Request))\n#15 D:\\project\\client\\8\\shopp\\vendor\\laravel\\framework\\src\\Illuminate\\Routing\\Router.php(921): Laravel\\Fortify\\Http\\Responses\\SimpleViewResponse->toResponse(Object(Illuminate\\Http\\Request))\n#16 D:\\project\\client\\8\\shopp\\vendor\\laravel\\framework\\src\\Illuminate\\Routing\\Router.php(906): Illuminate\\Routing\\Router::toResponse(Object(Illuminate\\Http\\Request), Object(Laravel\\Fortify\\Http\\Responses\\SimpleViewResponse))\n#17 D:\\project\\client\\8\\shopp\\vendor\\laravel\\framework\\src\\Illuminate\\Routing\\Router.php(821): Illuminate\\Routing\\Router->prepareResponse(Object(Illuminate\\Http\\Request), Object(Laravel\\Fortify\\Http\\Responses\\SimpleViewResponse))\n#18 D:\\project\\client\\8\\shopp\\vendor\\laravel\\framework\\src\\Illuminate\\Pipeline\\Pipeline.php(180): Illuminate\\Routing\\Router->{closure:Illuminate\\Routing\\Router::runRouteWithinStack():821}(Object(Illuminate\\Http\\Request))\n#19 D:\\project\\client\\8\\shopp\\vendor\\laravel\\framework\\src\\Illuminate\\Auth\\Middleware\\RedirectIfAuthenticated.php(47): Illuminate\\Pipeline\\Pipeline->{closure:Illuminate\\Pipeline\\Pipeline::prepareDestination():178}(Object(Illuminate\\Http\\Request))\n#20 D:\\project\\client\\8\\shopp\\vendor\\laravel\\framework\\src\\Illuminate\\Pipeline\\Pipeline.php(219): Illuminate\\Auth\\Middleware\\RedirectIfAuthenticated->handle(Object(Illuminate\\Http\\Request), Object(Closure), 'web')\n#21 D:\\project\\client\\8\\shopp\\vendor\\laravel\\framework\\src\\Illuminate\\Http\\Middleware\\AddLinkHeadersForPreloadedAssets.php(32): Illuminate\\Pipeline\\Pipeline->{closure:{closure:Illuminate\\Pipeline\\Pipeline::carry():194}:195}(Object(Illuminate\\Http\\Request))\n#22 D:\\project\\client\\8\\shopp\\vendor\\laravel\\framework\\src\\Illuminate\\Pipeline\\Pipeline.php(219): Illuminate\\Http\\Middleware\\AddLinkHeadersForPreloadedAssets->handle(Object(Illuminate\\Http\\Request), Object(Closure))\n#23 D:\\project\\client\\8\\shopp\\vendor\\inertiajs\\inertia-laravel\\src\\Middleware.php(138): Illuminate\\Pipeline\\Pipeline->{closure:{closure:Illuminate\\Pipeline\\Pipeline::carry():194}:195}(Object(Illuminate\\Http\\Request))\n#24 D:\\project\\client\\8\\shopp\\vendor\\laravel\\framework\\src\\Illuminate\\Pipeline\\Pipeline.php(219): Inertia\\Middleware->handle(Object(Illuminate\\Http\\Request), Object(Closure))\n#25 D:\\project\\client\\8\\shopp\\app\\Http\\Middleware\\HandleAppearance.php(21): Illuminate\\Pipeline\\Pipeline->{closure:{closure:Illuminate\\Pipeline\\Pipeline::carry():194}:195}(Object(Illuminate\\Http\\Request))\n#26 D:\\project\\client\\8\\shopp\\vendor\\laravel\\framework\\src\\Illuminate\\Pipeline\\Pipeline.php(219): App\\Http\\Middleware\\HandleAppearance->handle(Object(Illuminate\\Http\\Request), Object(Closure))\n#27 D:\\project\\client\\8\\shopp\\vendor\\laravel\\framework\\src\\Illuminate\\Routing\\Middleware\\SubstituteBindings.php(52): Illuminate\\Pipeline\\Pipeline->{closure:{closure:Illuminate\\Pipeline\\Pipeline::carry():194}:195}(Object(Illuminate\\Http\\Request))\n#28 D:\\project\\client\\8\\shopp\\vendor\\laravel\\framework\\src\\Illuminate\\Pipeline\\Pipeline.php(219): Illuminate\\Routing\\Middleware\\SubstituteBindings->handle(Object(Illuminate\\Http\\Request), Object(Closure))\n#29 D:\\project\\client\\8\\shopp\\vendor\\laravel\\framework\\src\\Illuminate\\Foundation\\Http\\Middleware\\PreventRequestForgery.php(104): Illuminate\\Pipeline\\Pipeline->{closure:{closure:Illuminate\\Pipeline\\Pipeline::carry():194}:195}(Object(Illuminate\\Http\\Request))\n#30 D:\\project\\client\\8\\shopp\\vendor\\laravel\\framework\\src\\Illuminate\\Pipeline\\Pipeline.php(219): Illuminate\\Foundation\\Http\\Middleware\\PreventRequestForgery->handle(Object(Illuminate\\Http\\Request), Object(Closure))\n#31 D:\\project\\client\\8\\shopp\\vendor\\laravel\\framework\\src\\Illuminate\\View\\Middleware\\ShareErrorsFromSession.php(48): Illuminate\\Pipeline\\Pipeline->{closure:{closure:Illuminate\\Pipeline\\Pipeline::carry():194}:195}(Object(Illuminate\\Http\\Request))\n#32 D:\\project\\client\\8\\shopp\\vendor\\laravel\\framework\\src\\Illuminate\\Pipeline\\Pipeline.php(219): Illuminate\\View\\Middleware\\ShareErrorsFromSession->handle(Object(Illuminate\\Http\\Request), Object(Closure))\n#33 D:\\project\\client\\8\\shopp\\vendor\\laravel\\framework\\src\\Illuminate\\Session\\Middleware\\StartSession.php(120): Illuminate\\Pipeline\\Pipeline->{closure:{closure:Illuminate\\Pipeline\\Pipeline::carry():194}:195}(Object(Illuminate\\Http\\Request))\n#34 D:\\project\\client\\8\\shopp\\vendor\\laravel\\framework\\src\\Illuminate\\Session\\Middleware\\StartSession.php(63): Illuminate\\Session\\Middleware\\StartSession->handleStatefulRequest(Object(Illuminate\\Http\\Request), Object(Illuminate\\Session\\Store), Object(Closure))\n#35 D:\\project\\client\\8\\shopp\\vendor\\laravel\\framework\\src\\Illuminate\\Pipeline\\Pipeline.php(219): Illuminate\\Session\\Middleware\\StartSession->handle(Object(Illuminate\\Http\\Request), Object(Closure))\n#36 D:\\project\\client\\8\\shopp\\vendor\\laravel\\framework\\src\\Illuminate\\Cookie\\Middleware\\AddQueuedCookiesToResponse.php(36): Illuminate\\Pipeline\\Pipeline->{closure:{closure:Illuminate\\Pipeline\\Pipeline::carry():194}:195}(Object(Illuminate\\Http\\Request))\n#37 D:\\project\\client\\8\\shopp\\vendor\\laravel\\framework\\src\\Illuminate\\Pipeline\\Pipeline.php(219): Illuminate\\Cookie\\Middleware\\AddQueuedCookiesToResponse->handle(Object(Illuminate\\Http\\Request), Object(Closure))\n#38 D:\\project\\client\\8\\shopp\\vendor\\laravel\\framework\\src\\Illuminate\\Cookie\\Middleware\\EncryptCookies.php(74): Illuminate\\Pipeline\\Pipeline->{closure:{closure:Illuminate\\Pipeline\\Pipeline::carry():194}:195}(Object(Illuminate\\Http\\Request))\n#39 D:\\project\\client\\8\\shopp\\vendor\\laravel\\framework\\src\\Illuminate\\Pipeline\\Pipeline.php(219): Illuminate\\Cookie\\Middleware\\EncryptCookies->handle(Object(Illuminate\\Http\\Request), Object(Closure))\n#40 D:\\project\\client\\8\\shopp\\vendor\\laravel\\framework\\src\\Illuminate\\Pipeline\\Pipeline.php(137): Illuminate\\Pipeline\\Pipeline->{closure:{closure:Illuminate\\Pipeline\\Pipeline::carry():194}:195}(Object(Illuminate\\Http\\Request))\n#41 D:\\project\\client\\8\\shopp\\vendor\\laravel\\framework\\src\\Illuminate\\Routing\\Router.php(821): Illuminate\\Pipeline\\Pipeline->then(Object(Closure))\n#42 D:\\project\\client\\8\\shopp\\vendor\\laravel\\framework\\src\\Illuminate\\Routing\\Router.php(800): Illuminate\\Routing\\Router->runRouteWithinStack(Object(Illuminate\\Routing\\Route), Object(Illuminate\\Http\\Request))\n#43 D:\\project\\client\\8\\shopp\\vendor\\laravel\\framework\\src\\Illuminate\\Routing\\Router.php(764): Illuminate\\Routing\\Router->runRoute(Object(Illuminate\\Http\\Request), Object(Illuminate\\Routing\\Route))\n#44 D:\\project\\client\\8\\shopp\\vendor\\laravel\\framework\\src\\Illuminate\\Routing\\Router.php(753): Illuminate\\Routing\\Router->dispatchToRoute(Object(Illuminate\\Http\\Request))\n#45 D:\\project\\client\\8\\shopp\\vendor\\laravel\\framework\\src\\Illuminate\\Foundation\\Http\\Kernel.php(200): Illuminate\\Routing\\Router->dispatch(Object(Illuminate\\Http\\Request))\n#46 D:\\project\\client\\8\\shopp\\vendor\\laravel\\framework\\src\\Illuminate\\Pipeline\\Pipeline.php(180): Illuminate\\Foundation\\Http\\Kernel->{closure:Illuminate\\Foundation\\Http\\Kernel::dispatchToRouter():197}(Object(Illuminate\\Http\\Request))\n#47 D:\\project\\client\\8\\shopp\\vendor\\livewire\\livewire\\src\\Features\\SupportDisablingBackButtonCache\\DisableBackButtonCacheMiddleware.php(19): Illuminate\\Pipeline\\Pipeline->{closure:Illuminate\\Pipeline\\Pipeline::prepareDestination():178}(Object(Illuminate\\Http\\Request))\n#48 D:\\project\\client\\8\\shopp\\vendor\\laravel\\framework\\src\\Illuminate\\Pipeline\\Pipeline.php(219): Livewire\\Features\\SupportDisablingBackButtonCache\\DisableBackButtonCacheMiddleware->handle(Object(Illuminate\\Http\\Request), Object(Closure))\n#49 D:\\project\\client\\8\\shopp\\vendor\\inertiajs\\inertia-laravel\\src\\Middleware\\EnsureGetOnRedirect.php(19): Illuminate\\Pipeline\\Pipeline->{closure:{closure:Illuminate\\Pipeline\\Pipeline::carry():194}:195}(Object(Illuminate\\Http\\Request))\n#50 D:\\project\\client\\8\\shopp\\vendor\\laravel\\framework\\src\\Illuminate\\Pipeline\\Pipeline.php(219): Inertia\\Middleware\\EnsureGetOnRedirect->handle(Object(Illuminate\\Http\\Request), Object(Closure))\n#51 D:\\project\\client\\8\\shopp\\vendor\\laravel\\framework\\src\\Illuminate\\Foundation\\Http\\Middleware\\TransformsRequest.php(21): Illuminate\\Pipeline\\Pipeline->{closure:{closure:Illuminate\\Pipeline\\Pipeline::carry():194}:195}(Object(Illuminate\\Http\\Request))\n#52 D:\\project\\client\\8\\shopp\\vendor\\laravel\\framework\\src\\Illuminate\\Foundation\\Http\\Middleware\\ConvertEmptyStringsToNull.php(31): Illuminate\\Foundation\\Http\\Middleware\\TransformsRequest->handle(Object(Illuminate\\Http\\Request), Object(Closure))\n#53 D:\\project\\client\\8\\shopp\\vendor\\laravel\\framework\\src\\Illuminate\\Pipeline\\Pipeline.php(219): Illuminate\\Foundation\\Http\\Middleware\\ConvertEmptyStringsToNull->handle(Object(Illuminate\\Http\\Request), Object(Closure))\n#54 D:\\project\\client\\8\\shopp\\vendor\\laravel\\framework\\src\\Illuminate\\Foundation\\Http\\Middleware\\TransformsRequest.php(21): Illuminate\\Pipeline\\Pipeline->{closure:{closure:Illuminate\\Pipeline\\Pipeline::carry():194}:195}(Object(Illuminate\\Http\\Request))\n#55 D:\\project\\client\\8\\shopp\\vendor\\laravel\\framework\\src\\Illuminate\\Foundation\\Http\\Middleware\\TrimStrings.php(51): Illuminate\\Foundation\\Http\\Middleware\\TransformsRequest->handle(Object(Illuminate\\Http\\Request), Object(Closure))\n#56 D:\\project\\client\\8\\shopp\\vendor\\laravel\\framework\\src\\Illuminate\\Pipeline\\Pipeline.php(219): Illuminate\\Foundation\\Http\\Middleware\\TrimStrings->handle(Object(Illuminate\\Http\\Request), Object(Closure))\n#57 D:\\project\\client\\8\\shopp\\vendor\\laravel\\framework\\src\\Illuminate\\Http\\Middleware\\ValidatePostSize.php(27): Illuminate\\Pipeline\\Pipeline->{closure:{closure:Illuminate\\Pipeline\\Pipeline::carry():194}:195}(Object(Illuminate\\Http\\Request))\n#58 D:\\project\\client\\8\\shopp\\vendor\\laravel\\framework\\src\\Illuminate\\Pipeline\\Pipeline.php(219): Illuminate\\Http\\Middleware\\ValidatePostSize->handle(Object(Illuminate\\Http\\Request), Object(Closure))\n#59 D:\\project\\client\\8\\shopp\\vendor\\laravel\\framework\\src\\Illuminate\\Foundation\\Http\\Middleware\\PreventRequestsDuringMaintenance.php(109): Illuminate\\Pipeline\\Pipeline->{closure:{closure:Illuminate\\Pipeline\\Pipeline::carry():194}:195}(Object(Illuminate\\Http\\Request))\n#60 D:\\project\\client\\8\\shopp\\vendor\\laravel\\framework\\src\\Illuminate\\Pipeline\\Pipeline.php(219): Illuminate\\Foundation\\Http\\Middleware\\PreventRequestsDuringMaintenance->handle(Object(Illuminate\\Http\\Request), Object(Closure))\n#61 D:\\project\\client\\8\\shopp\\vendor\\laravel\\framework\\src\\Illuminate\\Http\\Middleware\\HandleCors.php(61): Illuminate\\Pipeline\\Pipeline->{closure:{closure:Illuminate\\Pipeline\\Pipeline::carry():194}:195}(Object(Illuminate\\Http\\Request))\n#62 D:\\project\\client\\8\\shopp\\vendor\\laravel\\framework\\src\\Illuminate\\Pipeline\\Pipeline.php(219): Illuminate\\Http\\Middleware\\HandleCors->handle(Object(Illuminate\\Http\\Request), Object(Closure))\n#63 D:\\project\\client\\8\\shopp\\vendor\\laravel\\framework\\src\\Illuminate\\Http\\Middleware\\TrustProxies.php(58): Illuminate\\Pipeline\\Pipeline->{closure:{closure:Illuminate\\Pipeline\\Pipeline::carry():194}:195}(Object(Illuminate\\Http\\Request))\n#64 D:\\project\\client\\8\\shopp\\vendor\\laravel\\framework\\src\\Illuminate\\Pipeline\\Pipeline.php(219): Illuminate\\Http\\Middleware\\TrustProxies->handle(Object(Illuminate\\Http\\Request), Object(Closure))\n#65 D:\\project\\client\\8\\shopp\\vendor\\laravel\\framework\\src\\Illuminate\\Foundation\\Http\\Middleware\\InvokeDeferredCallbacks.php(22): Illuminate\\Pipeline\\Pipeline->{closure:{closure:Illuminate\\Pipeline\\Pipeline::carry():194}:195}(Object(Illuminate\\Http\\Request))\n#66 D:\\project\\client\\8\\shopp\\vendor\\laravel\\framework\\src\\Illuminate\\Pipeline\\Pipeline.php(219): Illuminate\\Foundation\\Http\\Middleware\\InvokeDeferredCallbacks->handle(Object(Illuminate\\Http\\Request), Object(Closure))\n#67 D:\\project\\client\\8\\shopp\\vendor\\laravel\\framework\\src\\Illuminate\\Http\\Middleware\\ValidatePathEncoding.php(28): Illuminate\\Pipeline\\Pipeline->{closure:{closure:Illuminate\\Pipeline\\Pipeline::carry():194}:195}(Object(Illuminate\\Http\\Request))\n#68 D:\\project\\client\\8\\shopp\\vendor\\laravel\\framework\\src\\Illuminate\\Pipeline\\Pipeline.php(219): Illuminate\\Http\\Middleware\\ValidatePathEncoding->handle(Object(Illuminate\\Http\\Request), Object(Closure))\n#69 D:\\project\\client\\8\\shopp\\vendor\\laravel\\framework\\src\\Illuminate\\Pipeline\\Pipeline.php(137): Illuminate\\Pipeline\\Pipeline->{closure:{closure:Illuminate\\Pipeline\\Pipeline::carry():194}:195}(Object(Illuminate\\Http\\Request))\n#70 D:\\project\\client\\8\\shopp\\vendor\\laravel\\framework\\src\\Illuminate\\Foundation\\Http\\Kernel.php(175): Illuminate\\Pipeline\\Pipeline->then(Object(Closure))\n#71 D:\\project\\client\\8\\shopp\\vendor\\laravel\\framework\\src\\Illuminate\\Foundation\\Http\\Kernel.php(144): Illuminate\\Foundation\\Http\\Kernel->sendRequestThroughRouter(Object(Illuminate\\Http\\Request))\n#72 D:\\project\\client\\8\\shopp\\vendor\\laravel\\framework\\src\\Illuminate\\Foundation\\Testing\\Concerns\\MakesHttpRequests.php(607): Illuminate\\Foundation\\Http\\Kernel->handle(Object(Illuminate\\Http\\Request))\n#73 D:\\project\\client\\8\\shopp\\vendor\\laravel\\framework\\src\\Illuminate\\Foundation\\Testing\\Concerns\\MakesHttpRequests.php(368): Illuminate\\Foundation\\Testing\\TestCase->call('GET', 'http://shop.tes...', Array, Array, Array, Array)\n#74 D:\\project\\client\\8\\shopp\\tests\\Feature\\Auth\\PasswordResetTest.php(36): Illuminate\\Foundation\\Testing\\TestCase->get('http://shop.tes...')\n#75 D:\\project\\client\\8\\shopp\\vendor\\laravel\\framework\\src\\Illuminate\\Support\\Testing\\Fakes\\NotificationFake.php(261): P\\Tests\\Feature\\Auth\\PasswordResetTest->{closure:{closure:D:\\project\\client\\8\\shopp\\tests\\Feature\\Auth\\PasswordResetTest.php:28}:35}(Object(Illuminate\\Auth\\Notifications\\ResetPassword), Array, Object(App\\Models\\User), NULL)\n#76 [internal function]: Illuminate\\Support\\Testing\\Fakes\\NotificationFake->{closure:Illuminate\\Support\\Testing\\Fakes\\NotificationFake::sent():261}(Array, 0)\n#77 D:\\project\\client\\8\\shopp\\vendor\\laravel\\framework\\src\\Illuminate\\Collections\\Arr.php(1243): array_filter(Array, Object(Closure), 1)\n#78 D:\\project\\client\\8\\shopp\\vendor\\laravel\\framework\\src\\Illuminate\\Collections\\Collection.php(427): Illuminate\\Support\\Arr::where(Array, Object(Closure))\n#79 D:\\project\\client\\8\\shopp\\vendor\\laravel\\framework\\src\\Illuminate\\Support\\Testing\\Fakes\\NotificationFake.php(260): Illuminate\\Support\\Collection->filter(Object(Closure))\n#80 D:\\project\\client\\8\\shopp\\vendor\\laravel\\framework\\src\\Illuminate\\Support\\Testing\\Fakes\\NotificationFake.php(90): Illuminate\\Support\\Testing\\Fakes\\NotificationFake->sent(Object(App\\Models\\User), 'Illuminate\\\\Auth...', Object(Closure))\n#81 D:\\project\\client\\8\\shopp\\vendor\\laravel\\framework\\src\\Illuminate\\Support\\Facades\\Facade.php(363): Illuminate\\Support\\Testing\\Fakes\\NotificationFake->assertSentTo(Object(App\\Models\\User), 'Illuminate\\\\Auth...', Object(Closure))\n#82 D:\\project\\client\\8\\shopp\\tests\\Feature\\Auth\\PasswordResetTest.php(35): Illuminate\\Support\\Facades\\Facade::__callStatic('assertSentTo', Array)\n#83 D:\\project\\client\\8\\shopp\\vendor\\pestphp\\pest\\src\\Factories\\TestCaseMethodFactory.php(177): P\\Tests\\Feature\\Auth\\PasswordResetTest->{closure:D:\\project\\client\\8\\shopp\\tests\\Feature\\Auth\\PasswordResetTest.php:28}()\n#84 [internal function]: P\\Tests\\Feature\\Auth\\PasswordResetTest->{closure:Pest\\Factories\\TestCaseMethodFactory::getClosure():167}()\n#85 D:\\project\\client\\8\\shopp\\vendor\\pestphp\\pest\\src\\Concerns\\Testable.php(576): call_user_func_array(Object(Closure), Array)\n#86 D:\\project\\client\\8\\shopp\\vendor\\pestphp\\pest\\src\\Support\\ExceptionTrace.php(26): P\\Tests\\Feature\\Auth\\PasswordResetTest->{closure:Pest\\Concerns\\Testable::__callClosure():576}()\n#87 D:\\project\\client\\8\\shopp\\vendor\\pestphp\\pest\\src\\Concerns\\Testable.php(576): Pest\\Support\\ExceptionTrace::ensure(Object(Closure))\n#88 D:\\project\\client\\8\\shopp\\vendor\\pestphp\\pest\\src\\Concerns\\Testable.php(403): P\\Tests\\Feature\\Auth\\PasswordResetTest->__callClosure(Object(Closure), Array)\n#89 D:\\project\\client\\8\\shopp\\vendor\\pestphp\\pest\\src\\Factories\\TestCaseFactory.php(175) : eval()'d code(35): P\\Tests\\Feature\\Auth\\PasswordResetTest->__runTest(Object(Closure))\n#90 D:\\project\\client\\8\\shopp\\vendor\\phpunit\\phpunit\\src\\Framework\\TestCase.php(1310): P\\Tests\\Feature\\Auth\\PasswordResetTest->__pest_evaluable_reset_password_screen_can_be_rendered()\n#91 D:\\project\\client\\8\\shopp\\vendor\\phpunit\\phpunit\\src\\Framework\\TestCase.php(1344): PHPUnit\\Framework\\TestCase->invokeTestMethod('__pest_evaluabl...', Array)\n#92 D:\\project\\client\\8\\shopp\\vendor\\phpunit\\phpunit\\src\\Framework\\TestCase.php(520): PHPUnit\\Framework\\TestCase->runTest()\n#93 D:\\project\\client\\8\\shopp\\vendor\\phpunit\\phpunit\\src\\Framework\\TestRunner\\TestRunner.php(99): PHPUnit\\Framework\\TestCase->runBare()\n#94 D:\\project\\client\\8\\shopp\\vendor\\phpunit\\phpunit\\src\\Framework\\TestCase.php(360): PHPUnit\\Framework\\TestRunner->run(Object(P\\Tests\\Feature\\Auth\\PasswordResetTest))\n#95 D:\\project\\client\\8\\shopp\\vendor\\phpunit\\phpunit\\src\\Framework\\TestSuite.php(374): PHPUnit\\Framework\\TestCase->run()\n#96 D:\\project\\client\\8\\shopp\\vendor\\phpunit\\phpunit\\src\\Framework\\TestSuite.php(374): PHPUnit\\Framework\\TestSuite->run()\n#97 D:\\project\\client\\8\\shopp\\vendor\\phpunit\\phpunit\\src\\TextUI\\TestRunner.php(64): PHPUnit\\Framework\\TestSuite->run()\n#98 D:\\project\\client\\8\\shopp\\vendor\\phpunit\\phpunit\\src\\TextUI\\Application.php(229): PHPUnit\\TextUI\\TestRunner->run(Object(PHPUnit\\TextUI\\Configuration\\Configuration), Object(PHPUnit\\Runner\\ResultCache\\DefaultResultCache), Object(PHPUnit\\Framework\\TestSuite))\n#99 D:\\project\\client\\8\\shopp\\vendor\\pestphp\\pest\\src\\Kernel.php(117): PHPUnit\\TextUI\\Application->run(Array)\n#100 D:\\project\\client\\8\\shopp\\vendor\\pestphp\\pest\\bin\\pest(207): Pest\\Kernel->handle(Array, Array)\n#101 D:\\project\\client\\8\\shopp\\vendor\\pestphp\\pest\\bin\\pest(215): {closure:D:\\project\\client\\8\\shopp\\vendor\\pestphp\\pest\\bin\\pest:21}()\n#102 D:\\project\\client\\8\\shopp\\vendor\\bin\\pest(119): include('D:\\\\project\\\\clie...')\n#103 {main}\n\n----------------------------------------------------------------------------------\n\nVite manifest not found at: D:\\project\\client\\8\\shopp\\public\\build/manifest.json (View: D:\\project\\client\\8\\shopp\\resources\\views\\app.blade.php)"},{"test":"P\\Tests\\Feature\\Auth\\RegistrationTest::__pest_evaluable_registration_screen_can_be_rendered","file":"\\project\\client\\8\\shopp\\vendor\\laravel\\framework\\src\\Illuminate\\Testing\\TestResponseAssert.php","line":45,"message":"Expected response status code [200] but received 500.\nFailed asserting that 500 is identical to 200.\r\n\r\nThe following exception occurred during the last request:\n\nIlluminate\\Foundation\\ViteManifestNotFoundException: Vite manifest not found at: D:\\project\\client\\8\\shopp\\public\\build/manifest.json in D:\\project\\client\\8\\shopp\\vendor\\laravel\\framework\\src\\Illuminate\\Foundation\\Vite.php:960\nStack trace:\n#0 D:\\project\\client\\8\\shopp\\vendor\\laravel\\framework\\src\\Illuminate\\Foundation\\Vite.php(398): Illuminate\\Foundation\\Vite->manifest('build')\n#1 D:\\project\\client\\8\\shopp\\storage\\framework\\views\\b2bf0ef3f019cc794fda0830c3cbb8c3.php(40): Illuminate\\Foundation\\Vite->__invoke(Object(Illuminate\\Support\\Collection))\n#2 D:\\project\\client\\8\\shopp\\vendor\\laravel\\framework\\src\\Illuminate\\Filesystem\\Filesystem.php(123): require('D:\\\\project\\\\clie...')\n#3 D:\\project\\client\\8\\shopp\\vendor\\laravel\\framework\\src\\Illuminate\\Filesystem\\Filesystem.php(124): Illuminate\\Filesystem\\Filesystem::{closure:Illuminate\\Filesystem\\Filesystem::getRequire():120}()\n#4 D:\\project\\client\\8\\shopp\\vendor\\laravel\\framework\\src\\Illuminate\\View\\Engines\\PhpEngine.php(57): Illuminate\\Filesystem\\Filesystem->getRequire('D:\\\\project\\\\clie...', Array)\n#5 D:\\project\\client\\8\\shopp\\vendor\\livewire\\livewire\\src\\Mechanisms\\ExtendBlade\\ExtendedCompilerEngine.php(22): Illuminate\\View\\Engines\\PhpEngine->evaluatePath('D:\\\\project\\\\clie...', Array)\n#6 D:\\project\\client\\8\\shopp\\vendor\\laravel\\framework\\src\\Illuminate\\View\\Engines\\CompilerEngine.php(76): Livewire\\Mechanisms\\ExtendBlade\\ExtendedCompilerEngine->evaluatePath('D:\\\\project\\\\clie...', Array)\n#7 D:\\project\\client\\8\\shopp\\vendor\\livewire\\livewire\\src\\Mechanisms\\ExtendBlade\\ExtendedCompilerEngine.php(10): Illuminate\\View\\Engines\\CompilerEngine->get('D:\\\\project\\\\clie...', Array)\n#8 D:\\project\\client\\8\\shopp\\vendor\\laravel\\framework\\src\\Illuminate\\View\\View.php(208): Livewire\\Mechanisms\\ExtendBlade\\ExtendedCompilerEngine->get('D:\\\\project\\\\clie...', Array)\n#9 D:\\project\\client\\8\\shopp\\vendor\\laravel\\framework\\src\\Illuminate\\View\\View.php(191): Illuminate\\View\\View->getContents()\n#10 D:\\project\\client\\8\\shopp\\vendor\\laravel\\framework\\src\\Illuminate\\View\\View.php(160): Illuminate\\View\\View->renderContents()\n#11 D:\\project\\client\\8\\shopp\\vendor\\laravel\\framework\\src\\Illuminate\\Http\\Response.php(78): Illuminate\\View\\View->render()\n#12 D:\\project\\client\\8\\shopp\\vendor\\laravel\\framework\\src\\Illuminate\\Http\\Response.php(34): Illuminate\\Http\\Response->setContent(Object(Illuminate\\View\\View))\n#13 D:\\project\\client\\8\\shopp\\vendor\\laravel\\framework\\src\\Illuminate\\Routing\\ResponseFactory.php(61): Illuminate\\Http\\Response->__construct(Object(Illuminate\\View\\View), 200, Array)\n#14 D:\\project\\client\\8\\shopp\\vendor\\laravel\\framework\\src\\Illuminate\\Routing\\ResponseFactory.php(91): Illuminate\\Routing\\ResponseFactory->make(Object(Illuminate\\View\\View), 200, Array)\n#15 D:\\project\\client\\8\\shopp\\vendor\\laravel\\framework\\src\\Illuminate\\Support\\Facades\\Facade.php(363): Illuminate\\Routing\\ResponseFactory->view('app', Array)\n#16 D:\\project\\client\\8\\shopp\\vendor\\inertiajs\\inertia-laravel\\src\\Response.php(211): Illuminate\\Support\\Facades\\Facade::__callStatic('view', Array)\n#17 D:\\project\\client\\8\\shopp\\vendor\\laravel\\fortify\\src\\Http\\Responses\\SimpleViewResponse.php(56): Inertia\\Response->toResponse(Object(Illuminate\\Http\\Request))\n#18 D:\\project\\client\\8\\shopp\\vendor\\laravel\\framework\\src\\Illuminate\\Routing\\Router.php(921): Laravel\\Fortify\\Http\\Responses\\SimpleViewResponse->toResponse(Object(Illuminate\\Http\\Request))\n#19 D:\\project\\client\\8\\shopp\\vendor\\laravel\\framework\\src\\Illuminate\\Routing\\Router.php(906): Illuminate\\Routing\\Router::toResponse(Object(Illuminate\\Http\\Request), Object(Laravel\\Fortify\\Http\\Responses\\SimpleViewResponse))\n#20 D:\\project\\client\\8\\shopp\\vendor\\laravel\\framework\\src\\Illuminate\\Routing\\Router.php(821): Illuminate\\Routing\\Router->prepareResponse(Object(Illuminate\\Http\\Request), Object(Laravel\\Fortify\\Http\\Responses\\SimpleViewResponse))\n#21 D:\\project\\client\\8\\shopp\\vendor\\laravel\\framework\\src\\Illuminate\\Pipeline\\Pipeline.php(180): Illuminate\\Routing\\Router->{closure:Illuminate\\Routing\\Router::runRouteWithinStack():821}(Object(Illuminate\\Http\\Request))\n#22 D:\\project\\client\\8\\shopp\\vendor\\laravel\\framework\\src\\Illuminate\\Auth\\Middleware\\RedirectIfAuthenticated.php(47): Illuminate\\Pipeline\\Pipeline->{closure:Illuminate\\Pipeline\\Pipeline::prepareDestination():178}(Object(Illuminate\\Http\\Request))\n#23 D:\\project\\client\\8\\shopp\\vendor\\laravel\\framework\\src\\Illuminate\\Pipeline\\Pipeline.php(219): Illuminate\\Auth\\Middleware\\RedirectIfAuthenticated->handle(Object(Illuminate\\Http\\Request), Object(Closure), 'web')\n#24 D:\\project\\client\\8\\shopp\\vendor\\laravel\\framework\\src\\Illuminate\\Http\\Middleware\\AddLinkHeadersForPreloadedAssets.php(32): Illuminate\\Pipeline\\Pipeline->{closure:{closure:Illuminate\\Pipeline\\Pipeline::carry():194}:195}(Object(Illuminate\\Http\\Request))\n#25 D:\\project\\client\\8\\shopp\\vendor\\laravel\\framework\\src\\Illuminate\\Pipeline\\Pipeline.php(219): Illuminate\\Http\\Middleware\\AddLinkHeadersForPreloadedAssets->handle(Object(Illuminate\\Http\\Request), Object(Closure))\n#26 D:\\project\\client\\8\\shopp\\vendor\\inertiajs\\inertia-laravel\\src\\Middleware.php(138): Illuminate\\Pipeline\\Pipeline->{closure:{closure:Illuminate\\Pipeline\\Pipeline::carry():194}:195}(Object(Illuminate\\Http\\Request))\n#27 D:\\project\\client\\8\\shopp\\vendor\\laravel\\framework\\src\\Illuminate\\Pipeline\\Pipeline.php(219): Inertia\\Middleware->handle(Object(Illuminate\\Http\\Request), Object(Closure))\n#28 D:\\project\\client\\8\\shopp\\app\\Http\\Middleware\\HandleAppearance.php(21): Illuminate\\Pipeline\\Pipeline->{closure:{closure:Illuminate\\Pipeline\\Pipeline::carry():194}:195}(Object(Illuminate\\Http\\Request))\n#29 D:\\project\\client\\8\\shopp\\vendor\\laravel\\framework\\src\\Illuminate\\Pipeline\\Pipeline.php(219): App\\Http\\Middleware\\HandleAppearance->handle(Object(Illuminate\\Http\\Request), Object(Closure))\n#30 D:\\project\\client\\8\\shopp\\vendor\\laravel\\framework\\src\\Illuminate\\Routing\\Middleware\\SubstituteBindings.php(52): Illuminate\\Pipeline\\Pipeline->{closure:{closure:Illuminate\\Pipeline\\Pipeline::carry():194}:195}(Object(Illuminate\\Http\\Request))\n#31 D:\\project\\client\\8\\shopp\\vendor\\laravel\\framework\\src\\Illuminate\\Pipeline\\Pipeline.php(219): Illuminate\\Routing\\Middleware\\SubstituteBindings->handle(Object(Illuminate\\Http\\Request), Object(Closure))\n#32 D:\\project\\client\\8\\shopp\\vendor\\laravel\\framework\\src\\Illuminate\\Foundation\\Http\\Middleware\\PreventRequestForgery.php(104): Illuminate\\Pipeline\\Pipeline->{closure:{closure:Illuminate\\Pipeline\\Pipeline::carry():194}:195}(Object(Illuminate\\Http\\Request))\n#33 D:\\project\\client\\8\\shopp\\vendor\\laravel\\framework\\src\\Illuminate\\Pipeline\\Pipeline.php(219): Illuminate\\Foundation\\Http\\Middleware\\PreventRequestForgery->handle(Object(Illuminate\\Http\\Request), Object(Closure))\n#34 D:\\project\\client\\8\\shopp\\vendor\\laravel\\framework\\src\\Illuminate\\View\\Middleware\\ShareErrorsFromSession.php(48): Illuminate\\Pipeline\\Pipeline->{closure:{closure:Illuminate\\Pipeline\\Pipeline::carry():194}:195}(Object(Illuminate\\Http\\Request))\n#35 D:\\project\\client\\8\\shopp\\vendor\\laravel\\framework\\src\\Illuminate\\Pipeline\\Pipeline.php(219): Illuminate\\View\\Middleware\\ShareErrorsFromSession->handle(Object(Illuminate\\Http\\Request), Object(Closure))\n#36 D:\\project\\client\\8\\shopp\\vendor\\laravel\\framework\\src\\Illuminate\\Session\\Middleware\\StartSession.php(120): Illuminate\\Pipeline\\Pipeline->{closure:{closure:Illuminate\\Pipeline\\Pipeline::carry():194}:195}(Object(Illuminate\\Http\\Request))\n#37 D:\\project\\client\\8\\shopp\\vendor\\laravel\\framework\\src\\Illuminate\\Session\\Middleware\\StartSession.php(63): Illuminate\\Session\\Middleware\\StartSession->handleStatefulRequest(Object(Illuminate\\Http\\Request), Object(Illuminate\\Session\\Store), Object(Closure))\n#38 D:\\project\\client\\8\\shopp\\vendor\\laravel\\framework\\src\\Illuminate\\Pipeline\\Pipeline.php(219): Illuminate\\Session\\Middleware\\StartSession->handle(Object(Illuminate\\Http\\Request), Object(Closure))\n#39 D:\\project\\client\\8\\shopp\\vendor\\laravel\\framework\\src\\Illuminate\\Cookie\\Middleware\\AddQueuedCookiesToResponse.php(36): Illuminate\\Pipeline\\Pipeline->{closure:{closure:Illuminate\\Pipeline\\Pipeline::carry():194}:195}(Object(Illuminate\\Http\\Request))\n#40 D:\\project\\client\\8\\shopp\\vendor\\laravel\\framework\\src\\Illuminate\\Pipeline\\Pipeline.php(219): Illuminate\\Cookie\\Middleware\\AddQueuedCookiesToResponse->handle(Object(Illuminate\\Http\\Request), Object(Closure))\n#41 D:\\project\\client\\8\\shopp\\vendor\\laravel\\framework\\src\\Illuminate\\Cookie\\Middleware\\EncryptCookies.php(74): Illuminate\\Pipeline\\Pipeline->{closure:{closure:Illuminate\\Pipeline\\Pipeline::carry():194}:195}(Object(Illuminate\\Http\\Request))\n#42 D:\\project\\client\\8\\shopp\\vendor\\laravel\\framework\\src\\Illuminate\\Pipeline\\Pipeline.php(219): Illuminate\\Cookie\\Middleware\\EncryptCookies->handle(Object(Illuminate\\Http\\Request), Object(Closure))\n#43 D:\\project\\client\\8\\shopp\\vendor\\laravel\\framework\\src\\Illuminate\\Pipeline\\Pipeline.php(137): Illuminate\\Pipeline\\Pipeline->{closure:{closure:Illuminate\\Pipeline\\Pipeline::carry():194}:195}(Object(Illuminate\\Http\\Request))\n#44 D:\\project\\client\\8\\shopp\\vendor\\laravel\\framework\\src\\Illuminate\\Routing\\Router.php(821): Illuminate\\Pipeline\\Pipeline->then(Object(Closure))\n#45 D:\\project\\client\\8\\shopp\\vendor\\laravel\\framework\\src\\Illuminate\\Routing\\Router.php(800): Illuminate\\Routing\\Router->runRouteWithinStack(Object(Illuminate\\Routing\\Route), Object(Illuminate\\Http\\Request))\n#46 D:\\project\\client\\8\\shopp\\vendor\\laravel\\framework\\src\\Illuminate\\Routing\\Router.php(764): Illuminate\\Routing\\Router->runRoute(Object(Illuminate\\Http\\Request), Object(Illuminate\\Routing\\Route))\n#47 D:\\project\\client\\8\\shopp\\vendor\\laravel\\framework\\src\\Illuminate\\Routing\\Router.php(753): Illuminate\\Routing\\Router->dispatchToRoute(Object(Illuminate\\Http\\Request))\n#48 D:\\project\\client\\8\\shopp\\vendor\\laravel\\framework\\src\\Illuminate\\Foundation\\Http\\Kernel.php(200): Illuminate\\Routing\\Router->dispatch(Object(Illuminate\\Http\\Request))\n#49 D:\\project\\client\\8\\shopp\\vendor\\laravel\\framework\\src\\Illuminate\\Pipeline\\Pipeline.php(180): Illuminate\\Foundation\\Http\\Kernel->{closure:Illuminate\\Foundation\\Http\\Kernel::dispatchToRouter():197}(Object(Illuminate\\Http\\Request))\n#50 D:\\project\\client\\8\\shopp\\vendor\\livewire\\livewire\\src\\Features\\SupportDisablingBackButtonCache\\DisableBackButtonCacheMiddleware.php(19): Illuminate\\Pipeline\\Pipeline->{closure:Illuminate\\Pipeline\\Pipeline::prepareDestination():178}(Object(Illuminate\\Http\\Request))\n#51 D:\\project\\client\\8\\shopp\\vendor\\laravel\\framework\\src\\Illuminate\\Pipeline\\Pipeline.php(219): Livewire\\Features\\SupportDisablingBackButtonCache\\DisableBackButtonCacheMiddleware->handle(Object(Illuminate\\Http\\Request), Object(Closure))\n#52 D:\\project\\client\\8\\shopp\\vendor\\inertiajs\\inertia-laravel\\src\\Middleware\\EnsureGetOnRedirect.php(19): Illuminate\\Pipeline\\Pipeline->{closure:{closure:Illuminate\\Pipeline\\Pipeline::carry():194}:195}(Object(Illuminate\\Http\\Request))\n#53 D:\\project\\client\\8\\shopp\\vendor\\laravel\\framework\\src\\Illuminate\\Pipeline\\Pipeline.php(219): Inertia\\Middleware\\EnsureGetOnRedirect->handle(Object(Illuminate\\Http\\Request), Object(Closure))\n#54 D:\\project\\client\\8\\shopp\\vendor\\laravel\\framework\\src\\Illuminate\\Foundation\\Http\\Middleware\\TransformsRequest.php(21): Illuminate\\Pipeline\\Pipeline->{closure:{closure:Illuminate\\Pipeline\\Pipeline::carry():194}:195}(Object(Illuminate\\Http\\Request))\n#55 D:\\project\\client\\8\\shopp\\vendor\\laravel\\framework\\src\\Illuminate\\Foundation\\Http\\Middleware\\ConvertEmptyStringsToNull.php(31): Illuminate\\Foundation\\Http\\Middleware\\TransformsRequest->handle(Object(Illuminate\\Http\\Request), Object(Closure))\n#56 D:\\project\\client\\8\\shopp\\vendor\\laravel\\framework\\src\\Illuminate\\Pipeline\\Pipeline.php(219): Illuminate\\Foundation\\Http\\Middleware\\ConvertEmptyStringsToNull->handle(Object(Illuminate\\Http\\Request), Object(Closure))\n#57 D:\\project\\client\\8\\shopp\\vendor\\laravel\\framework\\src\\Illuminate\\Foundation\\Http\\Middleware\\TransformsRequest.php(21): Illuminate\\Pipeline\\Pipeline->{closure:{closure:Illuminate\\Pipeline\\Pipeline::carry():194}:195}(Object(Illuminate\\Http\\Request))\n#58 D:\\project\\client\\8\\shopp\\vendor\\laravel\\framework\\src\\Illuminate\\Foundation\\Http\\Middleware\\TrimStrings.php(51): Illuminate\\Foundation\\Http\\Middleware\\TransformsRequest->handle(Object(Illuminate\\Http\\Request), Object(Closure))\n#59 D:\\project\\client\\8\\shopp\\vendor\\laravel\\framework\\src\\Illuminate\\Pipeline\\Pipeline.php(219): Illuminate\\Foundation\\Http\\Middleware\\TrimStrings->handle(Object(Illuminate\\Http\\Request), Object(Closure))\n#60 D:\\project\\client\\8\\shopp\\vendor\\laravel\\framework\\src\\Illuminate\\Http\\Middleware\\ValidatePostSize.php(27): Illuminate\\Pipeline\\Pipeline->{closure:{closure:Illuminate\\Pipeline\\Pipeline::carry():194}:195}(Object(Illuminate\\Http\\Request))\n#61 D:\\project\\client\\8\\shopp\\vendor\\laravel\\framework\\src\\Illuminate\\Pipeline\\Pipeline.php(219): Illuminate\\Http\\Middleware\\ValidatePostSize->handle(Object(Illuminate\\Http\\Request), Object(Closure))\n#62 D:\\project\\client\\8\\shopp\\vendor\\laravel\\framework\\src\\Illuminate\\Foundation\\Http\\Middleware\\PreventRequestsDuringMaintenance.php(109): Illuminate\\Pipeline\\Pipeline->{closure:{closure:Illuminate\\Pipeline\\Pipeline::carry():194}:195}(Object(Illuminate\\Http\\Request))\n#63 D:\\project\\client\\8\\shopp\\vendor\\laravel\\framework\\src\\Illuminate\\Pipeline\\Pipeline.php(219): Illuminate\\Foundation\\Http\\Middleware\\PreventRequestsDuringMaintenance->handle(Object(Illuminate\\Http\\Request), Object(Closure))\n#64 D:\\project\\client\\8\\shopp\\vendor\\laravel\\framework\\src\\Illuminate\\Http\\Middleware\\HandleCors.php(61): Illuminate\\Pipeline\\Pipeline->{closure:{closure:Illuminate\\Pipeline\\Pipeline::carry():194}:195}(Object(Illuminate\\Http\\Request))\n#65 D:\\project\\client\\8\\shopp\\vendor\\laravel\\framework\\src\\Illuminate\\Pipeline\\Pipeline.php(219): Illuminate\\Http\\Middleware\\HandleCors->handle(Object(Illuminate\\Http\\Request), Object(Closure))\n#66 D:\\project\\client\\8\\shopp\\vendor\\laravel\\framework\\src\\Illuminate\\Http\\Middleware\\TrustProxies.php(58): Illuminate\\Pipeline\\Pipeline->{closure:{closure:Illuminate\\Pipeline\\Pipeline::carry():194}:195}(Object(Illuminate\\Http\\Request))\n#67 D:\\project\\client\\8\\shopp\\vendor\\laravel\\framework\\src\\Illuminate\\Pipeline\\Pipeline.php(219): Illuminate\\Http\\Middleware\\TrustProxies->handle(Object(Illuminate\\Http\\Request), Object(Closure))\n#68 D:\\project\\client\\8\\shopp\\vendor\\laravel\\framework\\src\\Illuminate\\Foundation\\Http\\Middleware\\InvokeDeferredCallbacks.php(22): Illuminate\\Pipeline\\Pipeline->{closure:{closure:Illuminate\\Pipeline\\Pipeline::carry():194}:195}(Object(Illuminate\\Http\\Request))\n#69 D:\\project\\client\\8\\shopp\\vendor\\laravel\\framework\\src\\Illuminate\\Pipeline\\Pipeline.php(219): Illuminate\\Foundation\\Http\\Middleware\\InvokeDeferredCallbacks->handle(Object(Illuminate\\Http\\Request), Object(Closure))\n#70 D:\\project\\client\\8\\shopp\\vendor\\laravel\\framework\\src\\Illuminate\\Http\\Middleware\\ValidatePathEncoding.php(28): Illuminate\\Pipeline\\Pipeline->{closure:{closure:Illuminate\\Pipeline\\Pipeline::carry():194}:195}(Object(Illuminate\\Http\\Request))\n#71 D:\\project\\client\\8\\shopp\\vendor\\laravel\\framework\\src\\Illuminate\\Pipeline\\Pipeline.php(219): Illuminate\\Http\\Middleware\\ValidatePathEncoding->handle(Object(Illuminate\\Http\\Request), Object(Closure))\n#72 D:\\project\\client\\8\\shopp\\vendor\\laravel\\framework\\src\\Illuminate\\Pipeline\\Pipeline.php(137): Illuminate\\Pipeline\\Pipeline->{closure:{closure:Illuminate\\Pipeline\\Pipeline::carry():194}:195}(Object(Illuminate\\Http\\Request))\n#73 D:\\project\\client\\8\\shopp\\vendor\\laravel\\framework\\src\\Illuminate\\Foundation\\Http\\Kernel.php(175): Illuminate\\Pipeline\\Pipeline->then(Object(Closure))\n#74 D:\\project\\client\\8\\shopp\\vendor\\laravel\\framework\\src\\Illuminate\\Foundation\\Http\\Kernel.php(144): Illuminate\\Foundation\\Http\\Kernel->sendRequestThroughRouter(Object(Illuminate\\Http\\Request))\n#75 D:\\project\\client\\8\\shopp\\vendor\\laravel\\framework\\src\\Illuminate\\Foundation\\Testing\\Concerns\\MakesHttpRequests.php(607): Illuminate\\Foundation\\Http\\Kernel->handle(Object(Illuminate\\Http\\Request))\n#76 D:\\project\\client\\8\\shopp\\vendor\\laravel\\framework\\src\\Illuminate\\Foundation\\Testing\\Concerns\\MakesHttpRequests.php(368): Illuminate\\Foundation\\Testing\\TestCase->call('GET', 'http://shop.tes...', Array, Array, Array, Array)\n#77 D:\\project\\client\\8\\shopp\\tests\\Feature\\Auth\\RegistrationTest.php(10): Illuminate\\Foundation\\Testing\\TestCase->get('http://shop.tes...')\n#78 D:\\project\\client\\8\\shopp\\vendor\\pestphp\\pest\\src\\Factories\\TestCaseMethodFactory.php(177): P\\Tests\\Feature\\Auth\\RegistrationTest->{closure:D:\\project\\client\\8\\shopp\\tests\\Feature\\Auth\\RegistrationTest.php:9}()\n#79 [internal function]: P\\Tests\\Feature\\Auth\\RegistrationTest->{closure:Pest\\Factories\\TestCaseMethodFactory::getClosure():167}()\n#80 D:\\project\\client\\8\\shopp\\vendor\\pestphp\\pest\\src\\Concerns\\Testable.php(576): call_user_func_array(Object(Closure), Array)\n#81 D:\\project\\client\\8\\shopp\\vendor\\pestphp\\pest\\src\\Support\\ExceptionTrace.php(26): P\\Tests\\Feature\\Auth\\RegistrationTest->{closure:Pest\\Concerns\\Testable::__callClosure():576}()\n#82 D:\\project\\client\\8\\shopp\\vendor\\pestphp\\pest\\src\\Concerns\\Testable.php(576): Pest\\Support\\ExceptionTrace::ensure(Object(Closure))\n#83 D:\\project\\client\\8\\shopp\\vendor\\pestphp\\pest\\src\\Concerns\\Testable.php(403): P\\Tests\\Feature\\Auth\\RegistrationTest->__callClosure(Object(Closure), Array)\n#84 D:\\project\\client\\8\\shopp\\vendor\\pestphp\\pest\\src\\Factories\\TestCaseFactory.php(175) : eval()'d code(17): P\\Tests\\Feature\\Auth\\RegistrationTest->__runTest(Object(Closure))\n#85 D:\\project\\client\\8\\shopp\\vendor\\phpunit\\phpunit\\src\\Framework\\TestCase.php(1310): P\\Tests\\Feature\\Auth\\RegistrationTest->__pest_evaluable_registration_screen_can_be_rendered()\n#86 D:\\project\\client\\8\\shopp\\vendor\\phpunit\\phpunit\\src\\Framework\\TestCase.php(1344): PHPUnit\\Framework\\TestCase->invokeTestMethod('__pest_evaluabl...', Array)\n#87 D:\\project\\client\\8\\shopp\\vendor\\phpunit\\phpunit\\src\\Framework\\TestCase.php(520): PHPUnit\\Framework\\TestCase->runTest()\n#88 D:\\project\\client\\8\\shopp\\vendor\\phpunit\\phpunit\\src\\Framework\\TestRunner\\TestRunner.php(99): PHPUnit\\Framework\\TestCase->runBare()\n#89 D:\\project\\client\\8\\shopp\\vendor\\phpunit\\phpunit\\src\\Framework\\TestCase.php(360): PHPUnit\\Framework\\TestRunner->run(Object(P\\Tests\\Feature\\Auth\\RegistrationTest))\n#90 D:\\project\\client\\8\\shopp\\vendor\\phpunit\\phpunit\\src\\Framework\\TestSuite.php(374): PHPUnit\\Framework\\TestCase->run()\n#91 D:\\project\\client\\8\\shopp\\vendor\\phpunit\\phpunit\\src\\Framework\\TestSuite.php(374): PHPUnit\\Framework\\TestSuite->run()\n#92 D:\\project\\client\\8\\shopp\\vendor\\phpunit\\phpunit\\src\\TextUI\\TestRunner.php(64): PHPUnit\\Framework\\TestSuite->run()\n#93 D:\\project\\client\\8\\shopp\\vendor\\phpunit\\phpunit\\src\\TextUI\\Application.php(229): PHPUnit\\TextUI\\TestRunner->run(Object(PHPUnit\\TextUI\\Configuration\\Configuration), Object(PHPUnit\\Runner\\ResultCache\\DefaultResultCache), Object(PHPUnit\\Framework\\TestSuite))\n#94 D:\\project\\client\\8\\shopp\\vendor\\pestphp\\pest\\src\\Kernel.php(117): PHPUnit\\TextUI\\Application->run(Array)\n#95 D:\\project\\client\\8\\shopp\\vendor\\pestphp\\pest\\bin\\pest(207): Pest\\Kernel->handle(Array, Array)\n#96 D:\\project\\client\\8\\shopp\\vendor\\pestphp\\pest\\bin\\pest(215): {closure:D:\\project\\client\\8\\shopp\\vendor\\pestphp\\pest\\bin\\pest:21}()\n#97 D:\\project\\client\\8\\shopp\\vendor\\bin\\pest(119): include('D:\\\\project\\\\clie...')\n#98 {main}\n\nNext Illuminate\\View\\ViewException: Vite manifest not found at: D:\\project\\client\\8\\shopp\\public\\build/manifest.json (View: D:\\project\\client\\8\\shopp\\resources\\views\\app.blade.php) in D:\\project\\client\\8\\shopp\\vendor\\laravel\\framework\\src\\Illuminate\\Foundation\\Vite.php:960\nStack trace:\n#0 D:\\project\\client\\8\\shopp\\vendor\\livewire\\livewire\\src\\Mechanisms\\ExtendBlade\\ExtendedCompilerEngine.php(58): Illuminate\\View\\Engines\\CompilerEngine->handleViewException(Object(Illuminate\\Foundation\\ViteManifestNotFoundException), 2)\n#1 D:\\project\\client\\8\\shopp\\vendor\\laravel\\framework\\src\\Illuminate\\View\\Engines\\PhpEngine.php(59): Livewire\\Mechanisms\\ExtendBlade\\ExtendedCompilerEngine->handleViewException(Object(Illuminate\\Foundation\\ViteManifestNotFoundException), 2)\n#2 D:\\project\\client\\8\\shopp\\vendor\\livewire\\livewire\\src\\Mechanisms\\ExtendBlade\\ExtendedCompilerEngine.php(22): Illuminate\\View\\Engines\\PhpEngine->evaluatePath('D:\\\\project\\\\clie...', Array)\n#3 D:\\project\\client\\8\\shopp\\vendor\\laravel\\framework\\src\\Illuminate\\View\\Engines\\CompilerEngine.php(76): Livewire\\Mechanisms\\ExtendBlade\\ExtendedCompilerEngine->evaluatePath('D:\\\\project\\\\clie...', Array)\n#4 D:\\project\\client\\8\\shopp\\vendor\\livewire\\livewire\\src\\Mechanisms\\ExtendBlade\\ExtendedCompilerEngine.php(10): Illuminate\\View\\Engines\\CompilerEngine->get('D:\\\\project\\\\clie...', Array)\n#5 D:\\project\\client\\8\\shopp\\vendor\\laravel\\framework\\src\\Illuminate\\View\\View.php(208): Livewire\\Mechanisms\\ExtendBlade\\ExtendedCompilerEngine->get('D:\\\\project\\\\clie...', Array)\n#6 D:\\project\\client\\8\\shopp\\vendor\\laravel\\framework\\src\\Illuminate\\View\\View.php(191): Illuminate\\View\\View->getContents()\n#7 D:\\project\\client\\8\\shopp\\vendor\\laravel\\framework\\src\\Illuminate\\View\\View.php(160): Illuminate\\View\\View->renderContents()\n#8 D:\\project\\client\\8\\shopp\\vendor\\laravel\\framework\\src\\Illuminate\\Http\\Response.php(78): Illuminate\\View\\View->render()\n#9 D:\\project\\client\\8\\shopp\\vendor\\laravel\\framework\\src\\Illuminate\\Http\\Response.php(34): Illuminate\\Http\\Response->setContent(Object(Illuminate\\View\\View))\n#10 D:\\project\\client\\8\\shopp\\vendor\\laravel\\framework\\src\\Illuminate\\Routing\\ResponseFactory.php(61): Illuminate\\Http\\Response->__construct(Object(Illuminate\\View\\View), 200, Array)\n#11 D:\\project\\client\\8\\shopp\\vendor\\laravel\\framework\\src\\Illuminate\\Routing\\ResponseFactory.php(91): Illuminate\\Routing\\ResponseFactory->make(Object(Illuminate\\View\\View), 200, Array)\n#12 D:\\project\\client\\8\\shopp\\vendor\\laravel\\framework\\src\\Illuminate\\Support\\Facades\\Facade.php(363): Illuminate\\Routing\\ResponseFactory->view('app', Array)\n#13 D:\\project\\client\\8\\shopp\\vendor\\inertiajs\\inertia-laravel\\src\\Response.php(211): Illuminate\\Support\\Facades\\Facade::__callStatic('view', Array)\n#14 D:\\project\\client\\8\\shopp\\vendor\\laravel\\fortify\\src\\Http\\Responses\\SimpleViewResponse.php(56): Inertia\\Response->toResponse(Object(Illuminate\\Http\\Request))\n#15 D:\\project\\client\\8\\shopp\\vendor\\laravel\\framework\\src\\Illuminate\\Routing\\Router.php(921): Laravel\\Fortify\\Http\\Responses\\SimpleViewResponse->toResponse(Object(Illuminate\\Http\\Request))\n#16 D:\\project\\client\\8\\shopp\\vendor\\laravel\\framework\\src\\Illuminate\\Routing\\Router.php(906): Illuminate\\Routing\\Router::toResponse(Object(Illuminate\\Http\\Request), Object(Laravel\\Fortify\\Http\\Responses\\SimpleViewResponse))\n#17 D:\\project\\client\\8\\shopp\\vendor\\laravel\\framework\\src\\Illuminate\\Routing\\Router.php(821): Illuminate\\Routing\\Router->prepareResponse(Object(Illuminate\\Http\\Request), Object(Laravel\\Fortify\\Http\\Responses\\SimpleViewResponse))\n#18 D:\\project\\client\\8\\shopp\\vendor\\laravel\\framework\\src\\Illuminate\\Pipeline\\Pipeline.php(180): Illuminate\\Routing\\Router->{closure:Illuminate\\Routing\\Router::runRouteWithinStack():821}(Object(Illuminate\\Http\\Request))\n#19 D:\\project\\client\\8\\shopp\\vendor\\laravel\\framework\\src\\Illuminate\\Auth\\Middleware\\RedirectIfAuthenticated.php(47): Illuminate\\Pipeline\\Pipeline->{closure:Illuminate\\Pipeline\\Pipeline::prepareDestination():178}(Object(Illuminate\\Http\\Request))\n#20 D:\\project\\client\\8\\shopp\\vendor\\laravel\\framework\\src\\Illuminate\\Pipeline\\Pipeline.php(219): Illuminate\\Auth\\Middleware\\RedirectIfAuthenticated->handle(Object(Illuminate\\Http\\Request), Object(Closure), 'web')\n#21 D:\\project\\client\\8\\shopp\\vendor\\laravel\\framework\\src\\Illuminate\\Http\\Middleware\\AddLinkHeadersForPreloadedAssets.php(32): Illuminate\\Pipeline\\Pipeline->{closure:{closure:Illuminate\\Pipeline\\Pipeline::carry():194}:195}(Object(Illuminate\\Http\\Request))\n#22 D:\\project\\client\\8\\shopp\\vendor\\laravel\\framework\\src\\Illuminate\\Pipeline\\Pipeline.php(219): Illuminate\\Http\\Middleware\\AddLinkHeadersForPreloadedAssets->handle(Object(Illuminate\\Http\\Request), Object(Closure))\n#23 D:\\project\\client\\8\\shopp\\vendor\\inertiajs\\inertia-laravel\\src\\Middleware.php(138): Illuminate\\Pipeline\\Pipeline->{closure:{closure:Illuminate\\Pipeline\\Pipeline::carry():194}:195}(Object(Illuminate\\Http\\Request))\n#24 D:\\project\\client\\8\\shopp\\vendor\\laravel\\framework\\src\\Illuminate\\Pipeline\\Pipeline.php(219): Inertia\\Middleware->handle(Object(Illuminate\\Http\\Request), Object(Closure))\n#25 D:\\project\\client\\8\\shopp\\app\\Http\\Middleware\\HandleAppearance.php(21): Illuminate\\Pipeline\\Pipeline->{closure:{closure:Illuminate\\Pipeline\\Pipeline::carry():194}:195}(Object(Illuminate\\Http\\Request))\n#26 D:\\project\\client\\8\\shopp\\vendor\\laravel\\framework\\src\\Illuminate\\Pipeline\\Pipeline.php(219): App\\Http\\Middleware\\HandleAppearance->handle(Object(Illuminate\\Http\\Request), Object(Closure))\n#27 D:\\project\\client\\8\\shopp\\vendor\\laravel\\framework\\src\\Illuminate\\Routing\\Middleware\\SubstituteBindings.php(52): Illuminate\\Pipeline\\Pipeline->{closure:{closure:Illuminate\\Pipeline\\Pipeline::carry():194}:195}(Object(Illuminate\\Http\\Request))\n#28 D:\\project\\client\\8\\shopp\\vendor\\laravel\\framework\\src\\Illuminate\\Pipeline\\Pipeline.php(219): Illuminate\\Routing\\Middleware\\SubstituteBindings->handle(Object(Illuminate\\Http\\Request), Object(Closure))\n#29 D:\\project\\client\\8\\shopp\\vendor\\laravel\\framework\\src\\Illuminate\\Foundation\\Http\\Middleware\\PreventRequestForgery.php(104): Illuminate\\Pipeline\\Pipeline->{closure:{closure:Illuminate\\Pipeline\\Pipeline::carry():194}:195}(Object(Illuminate\\Http\\Request))\n#30 D:\\project\\client\\8\\shopp\\vendor\\laravel\\framework\\src\\Illuminate\\Pipeline\\Pipeline.php(219): Illuminate\\Foundation\\Http\\Middleware\\PreventRequestForgery->handle(Object(Illuminate\\Http\\Request), Object(Closure))\n#31 D:\\project\\client\\8\\shopp\\vendor\\laravel\\framework\\src\\Illuminate\\View\\Middleware\\ShareErrorsFromSession.php(48): Illuminate\\Pipeline\\Pipeline->{closure:{closure:Illuminate\\Pipeline\\Pipeline::carry():194}:195}(Object(Illuminate\\Http\\Request))\n#32 D:\\project\\client\\8\\shopp\\vendor\\laravel\\framework\\src\\Illuminate\\Pipeline\\Pipeline.php(219): Illuminate\\View\\Middleware\\ShareErrorsFromSession->handle(Object(Illuminate\\Http\\Request), Object(Closure))\n#33 D:\\project\\client\\8\\shopp\\vendor\\laravel\\framework\\src\\Illuminate\\Session\\Middleware\\StartSession.php(120): Illuminate\\Pipeline\\Pipeline->{closure:{closure:Illuminate\\Pipeline\\Pipeline::carry():194}:195}(Object(Illuminate\\Http\\Request))\n#34 D:\\project\\client\\8\\shopp\\vendor\\laravel\\framework\\src\\Illuminate\\Session\\Middleware\\StartSession.php(63): Illuminate\\Session\\Middleware\\StartSession->handleStatefulRequest(Object(Illuminate\\Http\\Request), Object(Illuminate\\Session\\Store), Object(Closure))\n#35 D:\\project\\client\\8\\shopp\\vendor\\laravel\\framework\\src\\Illuminate\\Pipeline\\Pipeline.php(219): Illuminate\\Session\\Middleware\\StartSession->handle(Object(Illuminate\\Http\\Request), Object(Closure))\n#36 D:\\project\\client\\8\\shopp\\vendor\\laravel\\framework\\src\\Illuminate\\Cookie\\Middleware\\AddQueuedCookiesToResponse.php(36): Illuminate\\Pipeline\\Pipeline->{closure:{closure:Illuminate\\Pipeline\\Pipeline::carry():194}:195}(Object(Illuminate\\Http\\Request))\n#37 D:\\project\\client\\8\\shopp\\vendor\\laravel\\framework\\src\\Illuminate\\Pipeline\\Pipeline.php(219): Illuminate\\Cookie\\Middleware\\AddQueuedCookiesToResponse->handle(Object(Illuminate\\Http\\Request), Object(Closure))\n#38 D:\\project\\client\\8\\shopp\\vendor\\laravel\\framework\\src\\Illuminate\\Cookie\\Middleware\\EncryptCookies.php(74): Illuminate\\Pipeline\\Pipeline->{closure:{closure:Illuminate\\Pipeline\\Pipeline::carry():194}:195}(Object(Illuminate\\Http\\Request))\n#39 D:\\project\\client\\8\\shopp\\vendor\\laravel\\framework\\src\\Illuminate\\Pipeline\\Pipeline.php(219): Illuminate\\Cookie\\Middleware\\EncryptCookies->handle(Object(Illuminate\\Http\\Request), Object(Closure))\n#40 D:\\project\\client\\8\\shopp\\vendor\\laravel\\framework\\src\\Illuminate\\Pipeline\\Pipeline.php(137): Illuminate\\Pipeline\\Pipeline->{closure:{closure:Illuminate\\Pipeline\\Pipeline::carry():194}:195}(Object(Illuminate\\Http\\Request))\n#41 D:\\project\\client\\8\\shopp\\vendor\\laravel\\framework\\src\\Illuminate\\Routing\\Router.php(821): Illuminate\\Pipeline\\Pipeline->then(Object(Closure))\n#42 D:\\project\\client\\8\\shopp\\vendor\\laravel\\framework\\src\\Illuminate\\Routing\\Router.php(800): Illuminate\\Routing\\Router->runRouteWithinStack(Object(Illuminate\\Routing\\Route), Object(Illuminate\\Http\\Request))\n#43 D:\\project\\client\\8\\shopp\\vendor\\laravel\\framework\\src\\Illuminate\\Routing\\Router.php(764): Illuminate\\Routing\\Router->runRoute(Object(Illuminate\\Http\\Request), Object(Illuminate\\Routing\\Route))\n#44 D:\\project\\client\\8\\shopp\\vendor\\laravel\\framework\\src\\Illuminate\\Routing\\Router.php(753): Illuminate\\Routing\\Router->dispatchToRoute(Object(Illuminate\\Http\\Request))\n#45 D:\\project\\client\\8\\shopp\\vendor\\laravel\\framework\\src\\Illuminate\\Foundation\\Http\\Kernel.php(200): Illuminate\\Routing\\Router->dispatch(Object(Illuminate\\Http\\Request))\n#46 D:\\project\\client\\8\\shopp\\vendor\\laravel\\framework\\src\\Illuminate\\Pipeline\\Pipeline.php(180): Illuminate\\Foundation\\Http\\Kernel->{closure:Illuminate\\Foundation\\Http\\Kernel::dispatchToRouter():197}(Object(Illuminate\\Http\\Request))\n#47 D:\\project\\client\\8\\shopp\\vendor\\livewire\\livewire\\src\\Features\\SupportDisablingBackButtonCache\\DisableBackButtonCacheMiddleware.php(19): Illuminate\\Pipeline\\Pipeline->{closure:Illuminate\\Pipeline\\Pipeline::prepareDestination():178}(Object(Illuminate\\Http\\Request))\n#48 D:\\project\\client\\8\\shopp\\vendor\\laravel\\framework\\src\\Illuminate\\Pipeline\\Pipeline.php(219): Livewire\\Features\\SupportDisablingBackButtonCache\\DisableBackButtonCacheMiddleware->handle(Object(Illuminate\\Http\\Request), Object(Closure))\n#49 D:\\project\\client\\8\\shopp\\vendor\\inertiajs\\inertia-laravel\\src\\Middleware\\EnsureGetOnRedirect.php(19): Illuminate\\Pipeline\\Pipeline->{closure:{closure:Illuminate\\Pipeline\\Pipeline::carry():194}:195}(Object(Illuminate\\Http\\Request))\n#50 D:\\project\\client\\8\\shopp\\vendor\\laravel\\framework\\src\\Illuminate\\Pipeline\\Pipeline.php(219): Inertia\\Middleware\\EnsureGetOnRedirect->handle(Object(Illuminate\\Http\\Request), Object(Closure))\n#51 D:\\project\\client\\8\\shopp\\vendor\\laravel\\framework\\src\\Illuminate\\Foundation\\Http\\Middleware\\TransformsRequest.php(21): Illuminate\\Pipeline\\Pipeline->{closure:{closure:Illuminate\\Pipeline\\Pipeline::carry():194}:195}(Object(Illuminate\\Http\\Request))\n#52 D:\\project\\client\\8\\shopp\\vendor\\laravel\\framework\\src\\Illuminate\\Foundation\\Http\\Middleware\\ConvertEmptyStringsToNull.php(31): Illuminate\\Foundation\\Http\\Middleware\\TransformsRequest->handle(Object(Illuminate\\Http\\Request), Object(Closure))\n#53 D:\\project\\client\\8\\shopp\\vendor\\laravel\\framework\\src\\Illuminate\\Pipeline\\Pipeline.php(219): Illuminate\\Foundation\\Http\\Middleware\\ConvertEmptyStringsToNull->handle(Object(Illuminate\\Http\\Request), Object(Closure))\n#54 D:\\project\\client\\8\\shopp\\vendor\\laravel\\framework\\src\\Illuminate\\Foundation\\Http\\Middleware\\TransformsRequest.php(21): Illuminate\\Pipeline\\Pipeline->{closure:{closure:Illuminate\\Pipeline\\Pipeline::carry():194}:195}(Object(Illuminate\\Http\\Request))\n#55 D:\\project\\client\\8\\shopp\\vendor\\laravel\\framework\\src\\Illuminate\\Foundation\\Http\\Middleware\\TrimStrings.php(51): Illuminate\\Foundation\\Http\\Middleware\\TransformsRequest->handle(Object(Illuminate\\Http\\Request), Object(Closure))\n#56 D:\\project\\client\\8\\shopp\\vendor\\laravel\\framework\\src\\Illuminate\\Pipeline\\Pipeline.php(219): Illuminate\\Foundation\\Http\\Middleware\\TrimStrings->handle(Object(Illuminate\\Http\\Request), Object(Closure))\n#57 D:\\project\\client\\8\\shopp\\vendor\\laravel\\framework\\src\\Illuminate\\Http\\Middleware\\ValidatePostSize.php(27): Illuminate\\Pipeline\\Pipeline->{closure:{closure:Illuminate\\Pipeline\\Pipeline::carry():194}:195}(Object(Illuminate\\Http\\Request))\n#58 D:\\project\\client\\8\\shopp\\vendor\\laravel\\framework\\src\\Illuminate\\Pipeline\\Pipeline.php(219): Illuminate\\Http\\Middleware\\ValidatePostSize->handle(Object(Illuminate\\Http\\Request), Object(Closure))\n#59 D:\\project\\client\\8\\shopp\\vendor\\laravel\\framework\\src\\Illuminate\\Foundation\\Http\\Middleware\\PreventRequestsDuringMaintenance.php(109): Illuminate\\Pipeline\\Pipeline->{closure:{closure:Illuminate\\Pipeline\\Pipeline::carry():194}:195}(Object(Illuminate\\Http\\Request))\n#60 D:\\project\\client\\8\\shopp\\vendor\\laravel\\framework\\src\\Illuminate\\Pipeline\\Pipeline.php(219): Illuminate\\Foundation\\Http\\Middleware\\PreventRequestsDuringMaintenance->handle(Object(Illuminate\\Http\\Request), Object(Closure))\n#61 D:\\project\\client\\8\\shopp\\vendor\\laravel\\framework\\src\\Illuminate\\Http\\Middleware\\HandleCors.php(61): Illuminate\\Pipeline\\Pipeline->{closure:{closure:Illuminate\\Pipeline\\Pipeline::carry():194}:195}(Object(Illuminate\\Http\\Request))\n#62 D:\\project\\client\\8\\shopp\\vendor\\laravel\\framework\\src\\Illuminate\\Pipeline\\Pipeline.php(219): Illuminate\\Http\\Middleware\\HandleCors->handle(Object(Illuminate\\Http\\Request), Object(Closure))\n#63 D:\\project\\client\\8\\shopp\\vendor\\laravel\\framework\\src\\Illuminate\\Http\\Middleware\\TrustProxies.php(58): Illuminate\\Pipeline\\Pipeline->{closure:{closure:Illuminate\\Pipeline\\Pipeline::carry():194}:195}(Object(Illuminate\\Http\\Request))\n#64 D:\\project\\client\\8\\shopp\\vendor\\laravel\\framework\\src\\Illuminate\\Pipeline\\Pipeline.php(219): Illuminate\\Http\\Middleware\\TrustProxies->handle(Object(Illuminate\\Http\\Request), Object(Closure))\n#65 D:\\project\\client\\8\\shopp\\vendor\\laravel\\framework\\src\\Illuminate\\Foundation\\Http\\Middleware\\InvokeDeferredCallbacks.php(22): Illuminate\\Pipeline\\Pipeline->{closure:{closure:Illuminate\\Pipeline\\Pipeline::carry():194}:195}(Object(Illuminate\\Http\\Request))\n#66 D:\\project\\client\\8\\shopp\\vendor\\laravel\\framework\\src\\Illuminate\\Pipeline\\Pipeline.php(219): Illuminate\\Foundation\\Http\\Middleware\\InvokeDeferredCallbacks->handle(Object(Illuminate\\Http\\Request), Object(Closure))\n#67 D:\\project\\client\\8\\shopp\\vendor\\laravel\\framework\\src\\Illuminate\\Http\\Middleware\\ValidatePathEncoding.php(28): Illuminate\\Pipeline\\Pipeline->{closure:{closure:Illuminate\\Pipeline\\Pipeline::carry():194}:195}(Object(Illuminate\\Http\\Request))\n#68 D:\\project\\client\\8\\shopp\\vendor\\laravel\\framework\\src\\Illuminate\\Pipeline\\Pipeline.php(219): Illuminate\\Http\\Middleware\\ValidatePathEncoding->handle(Object(Illuminate\\Http\\Request), Object(Closure))\n#69 D:\\project\\client\\8\\shopp\\vendor\\laravel\\framework\\src\\Illuminate\\Pipeline\\Pipeline.php(137): Illuminate\\Pipeline\\Pipeline->{closure:{closure:Illuminate\\Pipeline\\Pipeline::carry():194}:195}(Object(Illuminate\\Http\\Request))\n#70 D:\\project\\client\\8\\shopp\\vendor\\laravel\\framework\\src\\Illuminate\\Foundation\\Http\\Kernel.php(175): Illuminate\\Pipeline\\Pipeline->then(Object(Closure))\n#71 D:\\project\\client\\8\\shopp\\vendor\\laravel\\framework\\src\\Illuminate\\Foundation\\Http\\Kernel.php(144): Illuminate\\Foundation\\Http\\Kernel->sendRequestThroughRouter(Object(Illuminate\\Http\\Request))\n#72 D:\\project\\client\\8\\shopp\\vendor\\laravel\\framework\\src\\Illuminate\\Foundation\\Testing\\Concerns\\MakesHttpRequests.php(607): Illuminate\\Foundation\\Http\\Kernel->handle(Object(Illuminate\\Http\\Request))\n#73 D:\\project\\client\\8\\shopp\\vendor\\laravel\\framework\\src\\Illuminate\\Foundation\\Testing\\Concerns\\MakesHttpRequests.php(368): Illuminate\\Foundation\\Testing\\TestCase->call('GET', 'http://shop.tes...', Array, Array, Array, Array)\n#74 D:\\project\\client\\8\\shopp\\tests\\Feature\\Auth\\RegistrationTest.php(10): Illuminate\\Foundation\\Testing\\TestCase->get('http://shop.tes...')\n#75 D:\\project\\client\\8\\shopp\\vendor\\pestphp\\pest\\src\\Factories\\TestCaseMethodFactory.php(177): P\\Tests\\Feature\\Auth\\RegistrationTest->{closure:D:\\project\\client\\8\\shopp\\tests\\Feature\\Auth\\RegistrationTest.php:9}()\n#76 [internal function]: P\\Tests\\Feature\\Auth\\RegistrationTest->{closure:Pest\\Factories\\TestCaseMethodFactory::getClosure():167}()\n#77 D:\\project\\client\\8\\shopp\\vendor\\pestphp\\pest\\src\\Concerns\\Testable.php(576): call_user_func_array(Object(Closure), Array)\n#78 D:\\project\\client\\8\\shopp\\vendor\\pestphp\\pest\\src\\Support\\ExceptionTrace.php(26): P\\Tests\\Feature\\Auth\\RegistrationTest->{closure:Pest\\Concerns\\Testable::__callClosure():576}()\n#79 D:\\project\\client\\8\\shopp\\vendor\\pestphp\\pest\\src\\Concerns\\Testable.php(576): Pest\\Support\\ExceptionTrace::ensure(Object(Closure))\n#80 D:\\project\\client\\8\\shopp\\vendor\\pestphp\\pest\\src\\Concerns\\Testable.php(403): P\\Tests\\Feature\\Auth\\RegistrationTest->__callClosure(Object(Closure), Array)\n#81 D:\\project\\client\\8\\shopp\\vendor\\pestphp\\pest\\src\\Factories\\TestCaseFactory.php(175) : eval()'d code(17): P\\Tests\\Feature\\Auth\\RegistrationTest->__runTest(Object(Closure))\n#82 D:\\project\\client\\8\\shopp\\vendor\\phpunit\\phpunit\\src\\Framework\\TestCase.php(1310): P\\Tests\\Feature\\Auth\\RegistrationTest->__pest_evaluable_registration_screen_can_be_rendered()\n#83 D:\\project\\client\\8\\shopp\\vendor\\phpunit\\phpunit\\src\\Framework\\TestCase.php(1344): PHPUnit\\Framework\\TestCase->invokeTestMethod('__pest_evaluabl...', Array)\n#84 D:\\project\\client\\8\\shopp\\vendor\\phpunit\\phpunit\\src\\Framework\\TestCase.php(520): PHPUnit\\Framework\\TestCase->runTest()\n#85 D:\\project\\client\\8\\shopp\\vendor\\phpunit\\phpunit\\src\\Framework\\TestRunner\\TestRunner.php(99): PHPUnit\\Framework\\TestCase->runBare()\n#86 D:\\project\\client\\8\\shopp\\vendor\\phpunit\\phpunit\\src\\Framework\\TestCase.php(360): PHPUnit\\Framework\\TestRunner->run(Object(P\\Tests\\Feature\\Auth\\RegistrationTest))\n#87 D:\\project\\client\\8\\shopp\\vendor\\phpunit\\phpunit\\src\\Framework\\TestSuite.php(374): PHPUnit\\Framework\\TestCase->run()\n#88 D:\\project\\client\\8\\shopp\\vendor\\phpunit\\phpunit\\src\\Framework\\TestSuite.php(374): PHPUnit\\Framework\\TestSuite->run()\n#89 D:\\project\\client\\8\\shopp\\vendor\\phpunit\\phpunit\\src\\TextUI\\TestRunner.php(64): PHPUnit\\Framework\\TestSuite->run()\n#90 D:\\project\\client\\8\\shopp\\vendor\\phpunit\\phpunit\\src\\TextUI\\Application.php(229): PHPUnit\\TextUI\\TestRunner->run(Object(PHPUnit\\TextUI\\Configuration\\Configuration), Object(PHPUnit\\Runner\\ResultCache\\DefaultResultCache), Object(PHPUnit\\Framework\\TestSuite))\n#91 D:\\project\\client\\8\\shopp\\vendor\\pestphp\\pest\\src\\Kernel.php(117): PHPUnit\\TextUI\\Application->run(Array)\n#92 D:\\project\\client\\8\\shopp\\vendor\\pestphp\\pest\\bin\\pest(207): Pest\\Kernel->handle(Array, Array)\n#93 D:\\project\\client\\8\\shopp\\vendor\\pestphp\\pest\\bin\\pest(215): {closure:D:\\project\\client\\8\\shopp\\vendor\\pestphp\\pest\\bin\\pest:21}()\n#94 D:\\project\\client\\8\\shopp\\vendor\\bin\\pest(119): include('D:\\\\project\\\\clie...')\n#95 {main}\n\n----------------------------------------------------------------------------------\n\nVite manifest not found at: D:\\project\\client\\8\\shopp\\public\\build/manifest.json (View: D:\\project\\client\\8\\shopp\\resources\\views\\app.blade.php)"},{"test":"P\\Tests\\Feature\\Auth\\TwoFactorChallengeTest::__pest_evaluable_two_factor_challenge_can_be_rendered","file":"\\project\\client\\8\\shopp\\vendor\\laravel\\framework\\src\\Illuminate\\Testing\\TestResponseAssert.php","line":45,"message":"Expected response status code [200] but received 500.\nFailed asserting that 500 is identical to 200.\r\n\r\nThe following exception occurred during the last request:\n\nIlluminate\\Foundation\\ViteManifestNotFoundException: Vite manifest not found at: D:\\project\\client\\8\\shopp\\public\\build/manifest.json in D:\\project\\client\\8\\shopp\\vendor\\laravel\\framework\\src\\Illuminate\\Foundation\\Vite.php:960\nStack trace:\n#0 D:\\project\\client\\8\\shopp\\vendor\\laravel\\framework\\src\\Illuminate\\Foundation\\Vite.php(398): Illuminate\\Foundation\\Vite->manifest('build')\n#1 D:\\project\\client\\8\\shopp\\storage\\framework\\views\\b2bf0ef3f019cc794fda0830c3cbb8c3.php(40): Illuminate\\Foundation\\Vite->__invoke(Object(Illuminate\\Support\\Collection))\n#2 D:\\project\\client\\8\\shopp\\vendor\\laravel\\framework\\src\\Illuminate\\Filesystem\\Filesystem.php(123): require('D:\\\\project\\\\clie...')\n#3 D:\\project\\client\\8\\shopp\\vendor\\laravel\\framework\\src\\Illuminate\\Filesystem\\Filesystem.php(124): Illuminate\\Filesystem\\Filesystem::{closure:Illuminate\\Filesystem\\Filesystem::getRequire():120}()\n#4 D:\\project\\client\\8\\shopp\\vendor\\laravel\\framework\\src\\Illuminate\\View\\Engines\\PhpEngine.php(57): Illuminate\\Filesystem\\Filesystem->getRequire('D:\\\\project\\\\clie...', Array)\n#5 D:\\project\\client\\8\\shopp\\vendor\\livewire\\livewire\\src\\Mechanisms\\ExtendBlade\\ExtendedCompilerEngine.php(22): Illuminate\\View\\Engines\\PhpEngine->evaluatePath('D:\\\\project\\\\clie...', Array)\n#6 D:\\project\\client\\8\\shopp\\vendor\\laravel\\framework\\src\\Illuminate\\View\\Engines\\CompilerEngine.php(76): Livewire\\Mechanisms\\ExtendBlade\\ExtendedCompilerEngine->evaluatePath('D:\\\\project\\\\clie...', Array)\n#7 D:\\project\\client\\8\\shopp\\vendor\\livewire\\livewire\\src\\Mechanisms\\ExtendBlade\\ExtendedCompilerEngine.php(10): Illuminate\\View\\Engines\\CompilerEngine->get('D:\\\\project\\\\clie...', Array)\n#8 D:\\project\\client\\8\\shopp\\vendor\\laravel\\framework\\src\\Illuminate\\View\\View.php(208): Livewire\\Mechanisms\\ExtendBlade\\ExtendedCompilerEngine->get('D:\\\\project\\\\clie...', Array)\n#9 D:\\project\\client\\8\\shopp\\vendor\\laravel\\framework\\src\\Illuminate\\View\\View.php(191): Illuminate\\View\\View->getContents()\n#10 D:\\project\\client\\8\\shopp\\vendor\\laravel\\framework\\src\\Illuminate\\View\\View.php(160): Illuminate\\View\\View->renderContents()\n#11 D:\\project\\client\\8\\shopp\\vendor\\laravel\\framework\\src\\Illuminate\\Http\\Response.php(78): Illuminate\\View\\View->render()\n#12 D:\\project\\client\\8\\shopp\\vendor\\laravel\\framework\\src\\Illuminate\\Http\\Response.php(34): Illuminate\\Http\\Response->setContent(Object(Illuminate\\View\\View))\n#13 D:\\project\\client\\8\\shopp\\vendor\\laravel\\framework\\src\\Illuminate\\Routing\\ResponseFactory.php(61): Illuminate\\Http\\Response->__construct(Object(Illuminate\\View\\View), 200, Array)\n#14 D:\\project\\client\\8\\shopp\\vendor\\laravel\\framework\\src\\Illuminate\\Routing\\ResponseFactory.php(91): Illuminate\\Routing\\ResponseFactory->make(Object(Illuminate\\View\\View), 200, Array)\n#15 D:\\project\\client\\8\\shopp\\vendor\\laravel\\framework\\src\\Illuminate\\Support\\Facades\\Facade.php(363): Illuminate\\Routing\\ResponseFactory->view('app', Array)\n#16 D:\\project\\client\\8\\shopp\\vendor\\inertiajs\\inertia-laravel\\src\\Response.php(211): Illuminate\\Support\\Facades\\Facade::__callStatic('view', Array)\n#17 D:\\project\\client\\8\\shopp\\vendor\\laravel\\fortify\\src\\Http\\Responses\\SimpleViewResponse.php(56): Inertia\\Response->toResponse(Object(Illuminate\\Http\\Request))\n#18 D:\\project\\client\\8\\shopp\\vendor\\laravel\\framework\\src\\Illuminate\\Routing\\Router.php(921): Laravel\\Fortify\\Http\\Responses\\SimpleViewResponse->toResponse(Object(Illuminate\\Http\\Request))\n#19 D:\\project\\client\\8\\shopp\\vendor\\laravel\\framework\\src\\Illuminate\\Routing\\Router.php(906): Illuminate\\Routing\\Router::toResponse(Object(Illuminate\\Http\\Request), Object(Laravel\\Fortify\\Http\\Responses\\SimpleViewResponse))\n#20 D:\\project\\client\\8\\shopp\\vendor\\laravel\\framework\\src\\Illuminate\\Routing\\Router.php(821): Illuminate\\Routing\\Router->prepareResponse(Object(Illuminate\\Http\\Request), Object(Laravel\\Fortify\\Http\\Responses\\SimpleViewResponse))\n#21 D:\\project\\client\\8\\shopp\\vendor\\laravel\\framework\\src\\Illuminate\\Pipeline\\Pipeline.php(180): Illuminate\\Routing\\Router->{closure:Illuminate\\Routing\\Router::runRouteWithinStack():821}(Object(Illuminate\\Http\\Request))\n#22 D:\\project\\client\\8\\shopp\\vendor\\laravel\\framework\\src\\Illuminate\\Auth\\Middleware\\RedirectIfAuthenticated.php(47): Illuminate\\Pipeline\\Pipeline->{closure:Illuminate\\Pipeline\\Pipeline::prepareDestination():178}(Object(Illuminate\\Http\\Request))\n#23 D:\\project\\client\\8\\shopp\\vendor\\laravel\\framework\\src\\Illuminate\\Pipeline\\Pipeline.php(219): Illuminate\\Auth\\Middleware\\RedirectIfAuthenticated->handle(Object(Illuminate\\Http\\Request), Object(Closure), 'web')\n#24 D:\\project\\client\\8\\shopp\\vendor\\laravel\\framework\\src\\Illuminate\\Http\\Middleware\\AddLinkHeadersForPreloadedAssets.php(32): Illuminate\\Pipeline\\Pipeline->{closure:{closure:Illuminate\\Pipeline\\Pipeline::carry():194}:195}(Object(Illuminate\\Http\\Request))\n#25 D:\\project\\client\\8\\shopp\\vendor\\laravel\\framework\\src\\Illuminate\\Pipeline\\Pipeline.php(219): Illuminate\\Http\\Middleware\\AddLinkHeadersForPreloadedAssets->handle(Object(Illuminate\\Http\\Request), Object(Closure))\n#26 D:\\project\\client\\8\\shopp\\vendor\\inertiajs\\inertia-laravel\\src\\Middleware.php(138): Illuminate\\Pipeline\\Pipeline->{closure:{closure:Illuminate\\Pipeline\\Pipeline::carry():194}:195}(Object(Illuminate\\Http\\Request))\n#27 D:\\project\\client\\8\\shopp\\vendor\\laravel\\framework\\src\\Illuminate\\Pipeline\\Pipeline.php(219): Inertia\\Middleware->handle(Object(Illuminate\\Http\\Request), Object(Closure))\n#28 D:\\project\\client\\8\\shopp\\app\\Http\\Middleware\\HandleAppearance.php(21): Illuminate\\Pipeline\\Pipeline->{closure:{closure:Illuminate\\Pipeline\\Pipeline::carry():194}:195}(Object(Illuminate\\Http\\Request))\n#29 D:\\project\\client\\8\\shopp\\vendor\\laravel\\framework\\src\\Illuminate\\Pipeline\\Pipeline.php(219): App\\Http\\Middleware\\HandleAppearance->handle(Object(Illuminate\\Http\\Request), Object(Closure))\n#30 D:\\project\\client\\8\\shopp\\vendor\\laravel\\framework\\src\\Illuminate\\Routing\\Middleware\\SubstituteBindings.php(52): Illuminate\\Pipeline\\Pipeline->{closure:{closure:Illuminate\\Pipeline\\Pipeline::carry():194}:195}(Object(Illuminate\\Http\\Request))\n#31 D:\\project\\client\\8\\shopp\\vendor\\laravel\\framework\\src\\Illuminate\\Pipeline\\Pipeline.php(219): Illuminate\\Routing\\Middleware\\SubstituteBindings->handle(Object(Illuminate\\Http\\Request), Object(Closure))\n#32 D:\\project\\client\\8\\shopp\\vendor\\laravel\\framework\\src\\Illuminate\\Foundation\\Http\\Middleware\\PreventRequestForgery.php(104): Illuminate\\Pipeline\\Pipeline->{closure:{closure:Illuminate\\Pipeline\\Pipeline::carry():194}:195}(Object(Illuminate\\Http\\Request))\n#33 D:\\project\\client\\8\\shopp\\vendor\\laravel\\framework\\src\\Illuminate\\Pipeline\\Pipeline.php(219): Illuminate\\Foundation\\Http\\Middleware\\PreventRequestForgery->handle(Object(Illuminate\\Http\\Request), Object(Closure))\n#34 D:\\project\\client\\8\\shopp\\vendor\\laravel\\framework\\src\\Illuminate\\View\\Middleware\\ShareErrorsFromSession.php(48): Illuminate\\Pipeline\\Pipeline->{closure:{closure:Illuminate\\Pipeline\\Pipeline::carry():194}:195}(Object(Illuminate\\Http\\Request))\n#35 D:\\project\\client\\8\\shopp\\vendor\\laravel\\framework\\src\\Illuminate\\Pipeline\\Pipeline.php(219): Illuminate\\View\\Middleware\\ShareErrorsFromSession->handle(Object(Illuminate\\Http\\Request), Object(Closure))\n#36 D:\\project\\client\\8\\shopp\\vendor\\laravel\\framework\\src\\Illuminate\\Session\\Middleware\\StartSession.php(120): Illuminate\\Pipeline\\Pipeline->{closure:{closure:Illuminate\\Pipeline\\Pipeline::carry():194}:195}(Object(Illuminate\\Http\\Request))\n#37 D:\\project\\client\\8\\shopp\\vendor\\laravel\\framework\\src\\Illuminate\\Session\\Middleware\\StartSession.php(63): Illuminate\\Session\\Middleware\\StartSession->handleStatefulRequest(Object(Illuminate\\Http\\Request), Object(Illuminate\\Session\\Store), Object(Closure))\n#38 D:\\project\\client\\8\\shopp\\vendor\\laravel\\framework\\src\\Illuminate\\Pipeline\\Pipeline.php(219): Illuminate\\Session\\Middleware\\StartSession->handle(Object(Illuminate\\Http\\Request), Object(Closure))\n#39 D:\\project\\client\\8\\shopp\\vendor\\laravel\\framework\\src\\Illuminate\\Cookie\\Middleware\\AddQueuedCookiesToResponse.php(36): Illuminate\\Pipeline\\Pipeline->{closure:{closure:Illuminate\\Pipeline\\Pipeline::carry():194}:195}(Object(Illuminate\\Http\\Request))\n#40 D:\\project\\client\\8\\shopp\\vendor\\laravel\\framework\\src\\Illuminate\\Pipeline\\Pipeline.php(219): Illuminate\\Cookie\\Middleware\\AddQueuedCookiesToResponse->handle(Object(Illuminate\\Http\\Request), Object(Closure))\n#41 D:\\project\\client\\8\\shopp\\vendor\\laravel\\framework\\src\\Illuminate\\Cookie\\Middleware\\EncryptCookies.php(74): Illuminate\\Pipeline\\Pipeline->{closure:{closure:Illuminate\\Pipeline\\Pipeline::carry():194}:195}(Object(Illuminate\\Http\\Request))\n#42 D:\\project\\client\\8\\shopp\\vendor\\laravel\\framework\\src\\Illuminate\\Pipeline\\Pipeline.php(219): Illuminate\\Cookie\\Middleware\\EncryptCookies->handle(Object(Illuminate\\Http\\Request), Object(Closure))\n#43 D:\\project\\client\\8\\shopp\\vendor\\laravel\\framework\\src\\Illuminate\\Pipeline\\Pipeline.php(137): Illuminate\\Pipeline\\Pipeline->{closure:{closure:Illuminate\\Pipeline\\Pipeline::carry():194}:195}(Object(Illuminate\\Http\\Request))\n#44 D:\\project\\client\\8\\shopp\\vendor\\laravel\\framework\\src\\Illuminate\\Routing\\Router.php(821): Illuminate\\Pipeline\\Pipeline->then(Object(Closure))\n#45 D:\\project\\client\\8\\shopp\\vendor\\laravel\\framework\\src\\Illuminate\\Routing\\Router.php(800): Illuminate\\Routing\\Router->runRouteWithinStack(Object(Illuminate\\Routing\\Route), Object(Illuminate\\Http\\Request))\n#46 D:\\project\\client\\8\\shopp\\vendor\\laravel\\framework\\src\\Illuminate\\Routing\\Router.php(764): Illuminate\\Routing\\Router->runRoute(Object(Illuminate\\Http\\Request), Object(Illuminate\\Routing\\Route))\n#47 D:\\project\\client\\8\\shopp\\vendor\\laravel\\framework\\src\\Illuminate\\Routing\\Router.php(753): Illuminate\\Routing\\Router->dispatchToRoute(Object(Illuminate\\Http\\Request))\n#48 D:\\project\\client\\8\\shopp\\vendor\\laravel\\framework\\src\\Illuminate\\Foundation\\Http\\Kernel.php(200): Illuminate\\Routing\\Router->dispatch(Object(Illuminate\\Http\\Request))\n#49 D:\\project\\client\\8\\shopp\\vendor\\laravel\\framework\\src\\Illuminate\\Pipeline\\Pipeline.php(180): Illuminate\\Foundation\\Http\\Kernel->{closure:Illuminate\\Foundation\\Http\\Kernel::dispatchToRouter():197}(Object(Illuminate\\Http\\Request))\n#50 D:\\project\\client\\8\\shopp\\vendor\\livewire\\livewire\\src\\Features\\SupportDisablingBackButtonCache\\DisableBackButtonCacheMiddleware.php(19): Illuminate\\Pipeline\\Pipeline->{closure:Illuminate\\Pipeline\\Pipeline::prepareDestination():178}(Object(Illuminate\\Http\\Request))\n#51 D:\\project\\client\\8\\shopp\\vendor\\laravel\\framework\\src\\Illuminate\\Pipeline\\Pipeline.php(219): Livewire\\Features\\SupportDisablingBackButtonCache\\DisableBackButtonCacheMiddleware->handle(Object(Illuminate\\Http\\Request), Object(Closure))\n#52 D:\\project\\client\\8\\shopp\\vendor\\inertiajs\\inertia-laravel\\src\\Middleware\\EnsureGetOnRedirect.php(19): Illuminate\\Pipeline\\Pipeline->{closure:{closure:Illuminate\\Pipeline\\Pipeline::carry():194}:195}(Object(Illuminate\\Http\\Request))\n#53 D:\\project\\client\\8\\shopp\\vendor\\laravel\\framework\\src\\Illuminate\\Pipeline\\Pipeline.php(219): Inertia\\Middleware\\EnsureGetOnRedirect->handle(Object(Illuminate\\Http\\Request), Object(Closure))\n#54 D:\\project\\client\\8\\shopp\\vendor\\laravel\\framework\\src\\Illuminate\\Foundation\\Http\\Middleware\\TransformsRequest.php(21): Illuminate\\Pipeline\\Pipeline->{closure:{closure:Illuminate\\Pipeline\\Pipeline::carry():194}:195}(Object(Illuminate\\Http\\Request))\n#55 D:\\project\\client\\8\\shopp\\vendor\\laravel\\framework\\src\\Illuminate\\Foundation\\Http\\Middleware\\ConvertEmptyStringsToNull.php(31): Illuminate\\Foundation\\Http\\Middleware\\TransformsRequest->handle(Object(Illuminate\\Http\\Request), Object(Closure))\n#56 D:\\project\\client\\8\\shopp\\vendor\\laravel\\framework\\src\\Illuminate\\Pipeline\\Pipeline.php(219): Illuminate\\Foundation\\Http\\Middleware\\ConvertEmptyStringsToNull->handle(Object(Illuminate\\Http\\Request), Object(Closure))\n#57 D:\\project\\client\\8\\shopp\\vendor\\laravel\\framework\\src\\Illuminate\\Foundation\\Http\\Middleware\\TransformsRequest.php(21): Illuminate\\Pipeline\\Pipeline->{closure:{closure:Illuminate\\Pipeline\\Pipeline::carry():194}:195}(Object(Illuminate\\Http\\Request))\n#58 D:\\project\\client\\8\\shopp\\vendor\\laravel\\framework\\src\\Illuminate\\Foundation\\Http\\Middleware\\TrimStrings.php(51): Illuminate\\Foundation\\Http\\Middleware\\TransformsRequest->handle(Object(Illuminate\\Http\\Request), Object(Closure))\n#59 D:\\project\\client\\8\\shopp\\vendor\\laravel\\framework\\src\\Illuminate\\Pipeline\\Pipeline.php(219): Illuminate\\Foundation\\Http\\Middleware\\TrimStrings->handle(Object(Illuminate\\Http\\Request), Object(Closure))\n#60 D:\\project\\client\\8\\shopp\\vendor\\laravel\\framework\\src\\Illuminate\\Http\\Middleware\\ValidatePostSize.php(27): Illuminate\\Pipeline\\Pipeline->{closure:{closure:Illuminate\\Pipeline\\Pipeline::carry():194}:195}(Object(Illuminate\\Http\\Request))\n#61 D:\\project\\client\\8\\shopp\\vendor\\laravel\\framework\\src\\Illuminate\\Pipeline\\Pipeline.php(219): Illuminate\\Http\\Middleware\\ValidatePostSize->handle(Object(Illuminate\\Http\\Request), Object(Closure))\n#62 D:\\project\\client\\8\\shopp\\vendor\\laravel\\framework\\src\\Illuminate\\Foundation\\Http\\Middleware\\PreventRequestsDuringMaintenance.php(109): Illuminate\\Pipeline\\Pipeline->{closure:{closure:Illuminate\\Pipeline\\Pipeline::carry():194}:195}(Object(Illuminate\\Http\\Request))\n#63 D:\\project\\client\\8\\shopp\\vendor\\laravel\\framework\\src\\Illuminate\\Pipeline\\Pipeline.php(219): Illuminate\\Foundation\\Http\\Middleware\\PreventRequestsDuringMaintenance->handle(Object(Illuminate\\Http\\Request), Object(Closure))\n#64 D:\\project\\client\\8\\shopp\\vendor\\laravel\\framework\\src\\Illuminate\\Http\\Middleware\\HandleCors.php(61): Illuminate\\Pipeline\\Pipeline->{closure:{closure:Illuminate\\Pipeline\\Pipeline::carry():194}:195}(Object(Illuminate\\Http\\Request))\n#65 D:\\project\\client\\8\\shopp\\vendor\\laravel\\framework\\src\\Illuminate\\Pipeline\\Pipeline.php(219): Illuminate\\Http\\Middleware\\HandleCors->handle(Object(Illuminate\\Http\\Request), Object(Closure))\n#66 D:\\project\\client\\8\\shopp\\vendor\\laravel\\framework\\src\\Illuminate\\Http\\Middleware\\TrustProxies.php(58): Illuminate\\Pipeline\\Pipeline->{closure:{closure:Illuminate\\Pipeline\\Pipeline::carry():194}:195}(Object(Illuminate\\Http\\Request))\n#67 D:\\project\\client\\8\\shopp\\vendor\\laravel\\framework\\src\\Illuminate\\Pipeline\\Pipeline.php(219): Illuminate\\Http\\Middleware\\TrustProxies->handle(Object(Illuminate\\Http\\Request), Object(Closure))\n#68 D:\\project\\client\\8\\shopp\\vendor\\laravel\\framework\\src\\Illuminate\\Foundation\\Http\\Middleware\\InvokeDeferredCallbacks.php(22): Illuminate\\Pipeline\\Pipeline->{closure:{closure:Illuminate\\Pipeline\\Pipeline::carry():194}:195}(Object(Illuminate\\Http\\Request))\n#69 D:\\project\\client\\8\\shopp\\vendor\\laravel\\framework\\src\\Illuminate\\Pipeline\\Pipeline.php(219): Illuminate\\Foundation\\Http\\Middleware\\InvokeDeferredCallbacks->handle(Object(Illuminate\\Http\\Request), Object(Closure))\n#70 D:\\project\\client\\8\\shopp\\vendor\\laravel\\framework\\src\\Illuminate\\Http\\Middleware\\ValidatePathEncoding.php(28): Illuminate\\Pipeline\\Pipeline->{closure:{closure:Illuminate\\Pipeline\\Pipeline::carry():194}:195}(Object(Illuminate\\Http\\Request))\n#71 D:\\project\\client\\8\\shopp\\vendor\\laravel\\framework\\src\\Illuminate\\Pipeline\\Pipeline.php(219): Illuminate\\Http\\Middleware\\ValidatePathEncoding->handle(Object(Illuminate\\Http\\Request), Object(Closure))\n#72 D:\\project\\client\\8\\shopp\\vendor\\laravel\\framework\\src\\Illuminate\\Pipeline\\Pipeline.php(137): Illuminate\\Pipeline\\Pipeline->{closure:{closure:Illuminate\\Pipeline\\Pipeline::carry():194}:195}(Object(Illuminate\\Http\\Request))\n#73 D:\\project\\client\\8\\shopp\\vendor\\laravel\\framework\\src\\Illuminate\\Foundation\\Http\\Kernel.php(175): Illuminate\\Pipeline\\Pipeline->then(Object(Closure))\n#74 D:\\project\\client\\8\\shopp\\vendor\\laravel\\framework\\src\\Illuminate\\Foundation\\Http\\Kernel.php(144): Illuminate\\Foundation\\Http\\Kernel->sendRequestThroughRouter(Object(Illuminate\\Http\\Request))\n#75 D:\\project\\client\\8\\shopp\\vendor\\laravel\\framework\\src\\Illuminate\\Foundation\\Testing\\Concerns\\MakesHttpRequests.php(607): Illuminate\\Foundation\\Http\\Kernel->handle(Object(Illuminate\\Http\\Request))\n#76 D:\\project\\client\\8\\shopp\\vendor\\laravel\\framework\\src\\Illuminate\\Foundation\\Testing\\Concerns\\MakesHttpRequests.php(368): Illuminate\\Foundation\\Testing\\TestCase->call('GET', 'http://shop.tes...', Array, Array, Array, Array)\n#77 D:\\project\\client\\8\\shopp\\tests\\Feature\\Auth\\TwoFactorChallengeTest.php(36): Illuminate\\Foundation\\Testing\\TestCase->get('http://shop.tes...')\n#78 D:\\project\\client\\8\\shopp\\vendor\\pestphp\\pest\\src\\Factories\\TestCaseMethodFactory.php(177): P\\Tests\\Feature\\Auth\\TwoFactorChallengeTest->{closure:D:\\project\\client\\8\\shopp\\tests\\Feature\\Auth\\TwoFactorChallengeTest.php:17}()\n#79 [internal function]: P\\Tests\\Feature\\Auth\\TwoFactorChallengeTest->{closure:Pest\\Factories\\TestCaseMethodFactory::getClosure():167}()\n#80 D:\\project\\client\\8\\shopp\\vendor\\pestphp\\pest\\src\\Concerns\\Testable.php(576): call_user_func_array(Object(Closure), Array)\n#81 D:\\project\\client\\8\\shopp\\vendor\\pestphp\\pest\\src\\Support\\ExceptionTrace.php(26): P\\Tests\\Feature\\Auth\\TwoFactorChallengeTest->{closure:Pest\\Concerns\\Testable::__callClosure():576}()\n#82 D:\\project\\client\\8\\shopp\\vendor\\pestphp\\pest\\src\\Concerns\\Testable.php(576): Pest\\Support\\ExceptionTrace::ensure(Object(Closure))\n#83 D:\\project\\client\\8\\shopp\\vendor\\pestphp\\pest\\src\\Concerns\\Testable.php(403): P\\Tests\\Feature\\Auth\\TwoFactorChallengeTest->__callClosure(Object(Closure), Array)\n#84 D:\\project\\client\\8\\shopp\\vendor\\pestphp\\pest\\src\\Factories\\TestCaseFactory.php(175) : eval()'d code(26): P\\Tests\\Feature\\Auth\\TwoFactorChallengeTest->__runTest(Object(Closure))\n#85 D:\\project\\client\\8\\shopp\\vendor\\phpunit\\phpunit\\src\\Framework\\TestCase.php(1310): P\\Tests\\Feature\\Auth\\TwoFactorChallengeTest->__pest_evaluable_two_factor_challenge_can_be_rendered()\n#86 D:\\project\\client\\8\\shopp\\vendor\\phpunit\\phpunit\\src\\Framework\\TestCase.php(1344): PHPUnit\\Framework\\TestCase->invokeTestMethod('__pest_evaluabl...', Array)\n#87 D:\\project\\client\\8\\shopp\\vendor\\phpunit\\phpunit\\src\\Framework\\TestCase.php(520): PHPUnit\\Framework\\TestCase->runTest()\n#88 D:\\project\\client\\8\\shopp\\vendor\\phpunit\\phpunit\\src\\Framework\\TestRunner\\TestRunner.php(99): PHPUnit\\Framework\\TestCase->runBare()\n#89 D:\\project\\client\\8\\shopp\\vendor\\phpunit\\phpunit\\src\\Framework\\TestCase.php(360): PHPUnit\\Framework\\TestRunner->run(Object(P\\Tests\\Feature\\Auth\\TwoFactorChallengeTest))\n#90 D:\\project\\client\\8\\shopp\\vendor\\phpunit\\phpunit\\src\\Framework\\TestSuite.php(374): PHPUnit\\Framework\\TestCase->run()\n#91 D:\\project\\client\\8\\shopp\\vendor\\phpunit\\phpunit\\src\\Framework\\TestSuite.php(374): PHPUnit\\Framework\\TestSuite->run()\n#92 D:\\project\\client\\8\\shopp\\vendor\\phpunit\\phpunit\\src\\TextUI\\TestRunner.php(64): PHPUnit\\Framework\\TestSuite->run()\n#93 D:\\project\\client\\8\\shopp\\vendor\\phpunit\\phpunit\\src\\TextUI\\Application.php(229): PHPUnit\\TextUI\\TestRunner->run(Object(PHPUnit\\TextUI\\Configuration\\Configuration), Object(PHPUnit\\Runner\\ResultCache\\DefaultResultCache), Object(PHPUnit\\Framework\\TestSuite))\n#94 D:\\project\\client\\8\\shopp\\vendor\\pestphp\\pest\\src\\Kernel.php(117): PHPUnit\\TextUI\\Application->run(Array)\n#95 D:\\project\\client\\8\\shopp\\vendor\\pestphp\\pest\\bin\\pest(207): Pest\\Kernel->handle(Array, Array)\n#96 D:\\project\\client\\8\\shopp\\vendor\\pestphp\\pest\\bin\\pest(215): {closure:D:\\project\\client\\8\\shopp\\vendor\\pestphp\\pest\\bin\\pest:21}()\n#97 D:\\project\\client\\8\\shopp\\vendor\\bin\\pest(119): include('D:\\\\project\\\\clie...')\n#98 {main}\n\nNext Illuminate\\View\\ViewException: Vite manifest not found at: D:\\project\\client\\8\\shopp\\public\\build/manifest.json (View: D:\\project\\client\\8\\shopp\\resources\\views\\app.blade.php) in D:\\project\\client\\8\\shopp\\vendor\\laravel\\framework\\src\\Illuminate\\Foundation\\Vite.php:960\nStack trace:\n#0 D:\\project\\client\\8\\shopp\\vendor\\livewire\\livewire\\src\\Mechanisms\\ExtendBlade\\ExtendedCompilerEngine.php(58): Illuminate\\View\\Engines\\CompilerEngine->handleViewException(Object(Illuminate\\Foundation\\ViteManifestNotFoundException), 2)\n#1 D:\\project\\client\\8\\shopp\\vendor\\laravel\\framework\\src\\Illuminate\\View\\Engines\\PhpEngine.php(59): Livewire\\Mechanisms\\ExtendBlade\\ExtendedCompilerEngine->handleViewException(Object(Illuminate\\Foundation\\ViteManifestNotFoundException), 2)\n#2 D:\\project\\client\\8\\shopp\\vendor\\livewire\\livewire\\src\\Mechanisms\\ExtendBlade\\ExtendedCompilerEngine.php(22): Illuminate\\View\\Engines\\PhpEngine->evaluatePath('D:\\\\project\\\\clie...', Array)\n#3 D:\\project\\client\\8\\shopp\\vendor\\laravel\\framework\\src\\Illuminate\\View\\Engines\\CompilerEngine.php(76): Livewire\\Mechanisms\\ExtendBlade\\ExtendedCompilerEngine->evaluatePath('D:\\\\project\\\\clie...', Array)\n#4 D:\\project\\client\\8\\shopp\\vendor\\livewire\\livewire\\src\\Mechanisms\\ExtendBlade\\ExtendedCompilerEngine.php(10): Illuminate\\View\\Engines\\CompilerEngine->get('D:\\\\project\\\\clie...', Array)\n#5 D:\\project\\client\\8\\shopp\\vendor\\laravel\\framework\\src\\Illuminate\\View\\View.php(208): Livewire\\Mechanisms\\ExtendBlade\\ExtendedCompilerEngine->get('D:\\\\project\\\\clie...', Array)\n#6 D:\\project\\client\\8\\shopp\\vendor\\laravel\\framework\\src\\Illuminate\\View\\View.php(191): Illuminate\\View\\View->getContents()\n#7 D:\\project\\client\\8\\shopp\\vendor\\laravel\\framework\\src\\Illuminate\\View\\View.php(160): Illuminate\\View\\View->renderContents()\n#8 D:\\project\\client\\8\\shopp\\vendor\\laravel\\framework\\src\\Illuminate\\Http\\Response.php(78): Illuminate\\View\\View->render()\n#9 D:\\project\\client\\8\\shopp\\vendor\\laravel\\framework\\src\\Illuminate\\Http\\Response.php(34): Illuminate\\Http\\Response->setContent(Object(Illuminate\\View\\View))\n#10 D:\\project\\client\\8\\shopp\\vendor\\laravel\\framework\\src\\Illuminate\\Routing\\ResponseFactory.php(61): Illuminate\\Http\\Response->__construct(Object(Illuminate\\View\\View), 200, Array)\n#11 D:\\project\\client\\8\\shopp\\vendor\\laravel\\framework\\src\\Illuminate\\Routing\\ResponseFactory.php(91): Illuminate\\Routing\\ResponseFactory->make(Object(Illuminate\\View\\View), 200, Array)\n#12 D:\\project\\client\\8\\shopp\\vendor\\laravel\\framework\\src\\Illuminate\\Support\\Facades\\Facade.php(363): Illuminate\\Routing\\ResponseFactory->view('app', Array)\n#13 D:\\project\\client\\8\\shopp\\vendor\\inertiajs\\inertia-laravel\\src\\Response.php(211): Illuminate\\Support\\Facades\\Facade::__callStatic('view', Array)\n#14 D:\\project\\client\\8\\shopp\\vendor\\laravel\\fortify\\src\\Http\\Responses\\SimpleViewResponse.php(56): Inertia\\Response->toResponse(Object(Illuminate\\Http\\Request))\n#15 D:\\project\\client\\8\\shopp\\vendor\\laravel\\framework\\src\\Illuminate\\Routing\\Router.php(921): Laravel\\Fortify\\Http\\Responses\\SimpleViewResponse->toResponse(Object(Illuminate\\Http\\Request))\n#16 D:\\project\\client\\8\\shopp\\vendor\\laravel\\framework\\src\\Illuminate\\Routing\\Router.php(906): Illuminate\\Routing\\Router::toResponse(Object(Illuminate\\Http\\Request), Object(Laravel\\Fortify\\Http\\Responses\\SimpleViewResponse))\n#17 D:\\project\\client\\8\\shopp\\vendor\\laravel\\framework\\src\\Illuminate\\Routing\\Router.php(821): Illuminate\\Routing\\Router->prepareResponse(Object(Illuminate\\Http\\Request), Object(Laravel\\Fortify\\Http\\Responses\\SimpleViewResponse))\n#18 D:\\project\\client\\8\\shopp\\vendor\\laravel\\framework\\src\\Illuminate\\Pipeline\\Pipeline.php(180): Illuminate\\Routing\\Router->{closure:Illuminate\\Routing\\Router::runRouteWithinStack():821}(Object(Illuminate\\Http\\Request))\n#19 D:\\project\\client\\8\\shopp\\vendor\\laravel\\framework\\src\\Illuminate\\Auth\\Middleware\\RedirectIfAuthenticated.php(47): Illuminate\\Pipeline\\Pipeline->{closure:Illuminate\\Pipeline\\Pipeline::prepareDestination():178}(Object(Illuminate\\Http\\Request))\n#20 D:\\project\\client\\8\\shopp\\vendor\\laravel\\framework\\src\\Illuminate\\Pipeline\\Pipeline.php(219): Illuminate\\Auth\\Middleware\\RedirectIfAuthenticated->handle(Object(Illuminate\\Http\\Request), Object(Closure), 'web')\n#21 D:\\project\\client\\8\\shopp\\vendor\\laravel\\framework\\src\\Illuminate\\Http\\Middleware\\AddLinkHeadersForPreloadedAssets.php(32): Illuminate\\Pipeline\\Pipeline->{closure:{closure:Illuminate\\Pipeline\\Pipeline::carry():194}:195}(Object(Illuminate\\Http\\Request))\n#22 D:\\project\\client\\8\\shopp\\vendor\\laravel\\framework\\src\\Illuminate\\Pipeline\\Pipeline.php(219): Illuminate\\Http\\Middleware\\AddLinkHeadersForPreloadedAssets->handle(Object(Illuminate\\Http\\Request), Object(Closure))\n#23 D:\\project\\client\\8\\shopp\\vendor\\inertiajs\\inertia-laravel\\src\\Middleware.php(138): Illuminate\\Pipeline\\Pipeline->{closure:{closure:Illuminate\\Pipeline\\Pipeline::carry():194}:195}(Object(Illuminate\\Http\\Request))\n#24 D:\\project\\client\\8\\shopp\\vendor\\laravel\\framework\\src\\Illuminate\\Pipeline\\Pipeline.php(219): Inertia\\Middleware->handle(Object(Illuminate\\Http\\Request), Object(Closure))\n#25 D:\\project\\client\\8\\shopp\\app\\Http\\Middleware\\HandleAppearance.php(21): Illuminate\\Pipeline\\Pipeline->{closure:{closure:Illuminate\\Pipeline\\Pipeline::carry():194}:195}(Object(Illuminate\\Http\\Request))\n#26 D:\\project\\client\\8\\shopp\\vendor\\laravel\\framework\\src\\Illuminate\\Pipeline\\Pipeline.php(219): App\\Http\\Middleware\\HandleAppearance->handle(Object(Illuminate\\Http\\Request), Object(Closure))\n#27 D:\\project\\client\\8\\shopp\\vendor\\laravel\\framework\\src\\Illuminate\\Routing\\Middleware\\SubstituteBindings.php(52): Illuminate\\Pipeline\\Pipeline->{closure:{closure:Illuminate\\Pipeline\\Pipeline::carry():194}:195}(Object(Illuminate\\Http\\Request))\n#28 D:\\project\\client\\8\\shopp\\vendor\\laravel\\framework\\src\\Illuminate\\Pipeline\\Pipeline.php(219): Illuminate\\Routing\\Middleware\\SubstituteBindings->handle(Object(Illuminate\\Http\\Request), Object(Closure))\n#29 D:\\project\\client\\8\\shopp\\vendor\\laravel\\framework\\src\\Illuminate\\Foundation\\Http\\Middleware\\PreventRequestForgery.php(104): Illuminate\\Pipeline\\Pipeline->{closure:{closure:Illuminate\\Pipeline\\Pipeline::carry():194}:195}(Object(Illuminate\\Http\\Request))\n#30 D:\\project\\client\\8\\shopp\\vendor\\laravel\\framework\\src\\Illuminate\\Pipeline\\Pipeline.php(219): Illuminate\\Foundation\\Http\\Middleware\\PreventRequestForgery->handle(Object(Illuminate\\Http\\Request), Object(Closure))\n#31 D:\\project\\client\\8\\shopp\\vendor\\laravel\\framework\\src\\Illuminate\\View\\Middleware\\ShareErrorsFromSession.php(48): Illuminate\\Pipeline\\Pipeline->{closure:{closure:Illuminate\\Pipeline\\Pipeline::carry():194}:195}(Object(Illuminate\\Http\\Request))\n#32 D:\\project\\client\\8\\shopp\\vendor\\laravel\\framework\\src\\Illuminate\\Pipeline\\Pipeline.php(219): Illuminate\\View\\Middleware\\ShareErrorsFromSession->handle(Object(Illuminate\\Http\\Request), Object(Closure))\n#33 D:\\project\\client\\8\\shopp\\vendor\\laravel\\framework\\src\\Illuminate\\Session\\Middleware\\StartSession.php(120): Illuminate\\Pipeline\\Pipeline->{closure:{closure:Illuminate\\Pipeline\\Pipeline::carry():194}:195}(Object(Illuminate\\Http\\Request))\n#34 D:\\project\\client\\8\\shopp\\vendor\\laravel\\framework\\src\\Illuminate\\Session\\Middleware\\StartSession.php(63): Illuminate\\Session\\Middleware\\StartSession->handleStatefulRequest(Object(Illuminate\\Http\\Request), Object(Illuminate\\Session\\Store), Object(Closure))\n#35 D:\\project\\client\\8\\shopp\\vendor\\laravel\\framework\\src\\Illuminate\\Pipeline\\Pipeline.php(219): Illuminate\\Session\\Middleware\\StartSession->handle(Object(Illuminate\\Http\\Request), Object(Closure))\n#36 D:\\project\\client\\8\\shopp\\vendor\\laravel\\framework\\src\\Illuminate\\Cookie\\Middleware\\AddQueuedCookiesToResponse.php(36): Illuminate\\Pipeline\\Pipeline->{closure:{closure:Illuminate\\Pipeline\\Pipeline::carry():194}:195}(Object(Illuminate\\Http\\Request))\n#37 D:\\project\\client\\8\\shopp\\vendor\\laravel\\framework\\src\\Illuminate\\Pipeline\\Pipeline.php(219): Illuminate\\Cookie\\Middleware\\AddQueuedCookiesToResponse->handle(Object(Illuminate\\Http\\Request), Object(Closure))\n#38 D:\\project\\client\\8\\shopp\\vendor\\laravel\\framework\\src\\Illuminate\\Cookie\\Middleware\\EncryptCookies.php(74): Illuminate\\Pipeline\\Pipeline->{closure:{closure:Illuminate\\Pipeline\\Pipeline::carry():194}:195}(Object(Illuminate\\Http\\Request))\n#39 D:\\project\\client\\8\\shopp\\vendor\\laravel\\framework\\src\\Illuminate\\Pipeline\\Pipeline.php(219): Illuminate\\Cookie\\Middleware\\EncryptCookies->handle(Object(Illuminate\\Http\\Request), Object(Closure))\n#40 D:\\project\\client\\8\\shopp\\vendor\\laravel\\framework\\src\\Illuminate\\Pipeline\\Pipeline.php(137): Illuminate\\Pipeline\\Pipeline->{closure:{closure:Illuminate\\Pipeline\\Pipeline::carry():194}:195}(Object(Illuminate\\Http\\Request))\n#41 D:\\project\\client\\8\\shopp\\vendor\\laravel\\framework\\src\\Illuminate\\Routing\\Router.php(821): Illuminate\\Pipeline\\Pipeline->then(Object(Closure))\n#42 D:\\project\\client\\8\\shopp\\vendor\\laravel\\framework\\src\\Illuminate\\Routing\\Router.php(800): Illuminate\\Routing\\Router->runRouteWithinStack(Object(Illuminate\\Routing\\Route), Object(Illuminate\\Http\\Request))\n#43 D:\\project\\client\\8\\shopp\\vendor\\laravel\\framework\\src\\Illuminate\\Routing\\Router.php(764): Illuminate\\Routing\\Router->runRoute(Object(Illuminate\\Http\\Request), Object(Illuminate\\Routing\\Route))\n#44 D:\\project\\client\\8\\shopp\\vendor\\laravel\\framework\\src\\Illuminate\\Routing\\Router.php(753): Illuminate\\Routing\\Router->dispatchToRoute(Object(Illuminate\\Http\\Request))\n#45 D:\\project\\client\\8\\shopp\\vendor\\laravel\\framework\\src\\Illuminate\\Foundation\\Http\\Kernel.php(200): Illuminate\\Routing\\Router->dispatch(Object(Illuminate\\Http\\Request))\n#46 D:\\project\\client\\8\\shopp\\vendor\\laravel\\framework\\src\\Illuminate\\Pipeline\\Pipeline.php(180): Illuminate\\Foundation\\Http\\Kernel->{closure:Illuminate\\Foundation\\Http\\Kernel::dispatchToRouter():197}(Object(Illuminate\\Http\\Request))\n#47 D:\\project\\client\\8\\shopp\\vendor\\livewire\\livewire\\src\\Features\\SupportDisablingBackButtonCache\\DisableBackButtonCacheMiddleware.php(19): Illuminate\\Pipeline\\Pipeline->{closure:Illuminate\\Pipeline\\Pipeline::prepareDestination():178}(Object(Illuminate\\Http\\Request))\n#48 D:\\project\\client\\8\\shopp\\vendor\\laravel\\framework\\src\\Illuminate\\Pipeline\\Pipeline.php(219): Livewire\\Features\\SupportDisablingBackButtonCache\\DisableBackButtonCacheMiddleware->handle(Object(Illuminate\\Http\\Request), Object(Closure))\n#49 D:\\project\\client\\8\\shopp\\vendor\\inertiajs\\inertia-laravel\\src\\Middleware\\EnsureGetOnRedirect.php(19): Illuminate\\Pipeline\\Pipeline->{closure:{closure:Illuminate\\Pipeline\\Pipeline::carry():194}:195}(Object(Illuminate\\Http\\Request))\n#50 D:\\project\\client\\8\\shopp\\vendor\\laravel\\framework\\src\\Illuminate\\Pipeline\\Pipeline.php(219): Inertia\\Middleware\\EnsureGetOnRedirect->handle(Object(Illuminate\\Http\\Request), Object(Closure))\n#51 D:\\project\\client\\8\\shopp\\vendor\\laravel\\framework\\src\\Illuminate\\Foundation\\Http\\Middleware\\TransformsRequest.php(21): Illuminate\\Pipeline\\Pipeline->{closure:{closure:Illuminate\\Pipeline\\Pipeline::carry():194}:195}(Object(Illuminate\\Http\\Request))\n#52 D:\\project\\client\\8\\shopp\\vendor\\laravel\\framework\\src\\Illuminate\\Foundation\\Http\\Middleware\\ConvertEmptyStringsToNull.php(31): Illuminate\\Foundation\\Http\\Middleware\\TransformsRequest->handle(Object(Illuminate\\Http\\Request), Object(Closure))\n#53 D:\\project\\client\\8\\shopp\\vendor\\laravel\\framework\\src\\Illuminate\\Pipeline\\Pipeline.php(219): Illuminate\\Foundation\\Http\\Middleware\\ConvertEmptyStringsToNull->handle(Object(Illuminate\\Http\\Request), Object(Closure))\n#54 D:\\project\\client\\8\\shopp\\vendor\\laravel\\framework\\src\\Illuminate\\Foundation\\Http\\Middleware\\TransformsRequest.php(21): Illuminate\\Pipeline\\Pipeline->{closure:{closure:Illuminate\\Pipeline\\Pipeline::carry():194}:195}(Object(Illuminate\\Http\\Request))\n#55 D:\\project\\client\\8\\shopp\\vendor\\laravel\\framework\\src\\Illuminate\\Foundation\\Http\\Middleware\\TrimStrings.php(51): Illuminate\\Foundation\\Http\\Middleware\\TransformsRequest->handle(Object(Illuminate\\Http\\Request), Object(Closure))\n#56 D:\\project\\client\\8\\shopp\\vendor\\laravel\\framework\\src\\Illuminate\\Pipeline\\Pipeline.php(219): Illuminate\\Foundation\\Http\\Middleware\\TrimStrings->handle(Object(Illuminate\\Http\\Request), Object(Closure))\n#57 D:\\project\\client\\8\\shopp\\vendor\\laravel\\framework\\src\\Illuminate\\Http\\Middleware\\ValidatePostSize.php(27): Illuminate\\Pipeline\\Pipeline->{closure:{closure:Illuminate\\Pipeline\\Pipeline::carry():194}:195}(Object(Illuminate\\Http\\Request))\n#58 D:\\project\\client\\8\\shopp\\vendor\\laravel\\framework\\src\\Illuminate\\Pipeline\\Pipeline.php(219): Illuminate\\Http\\Middleware\\ValidatePostSize->handle(Object(Illuminate\\Http\\Request), Object(Closure))\n#59 D:\\project\\client\\8\\shopp\\vendor\\laravel\\framework\\src\\Illuminate\\Foundation\\Http\\Middleware\\PreventRequestsDuringMaintenance.php(109): Illuminate\\Pipeline\\Pipeline->{closure:{closure:Illuminate\\Pipeline\\Pipeline::carry():194}:195}(Object(Illuminate\\Http\\Request))\n#60 D:\\project\\client\\8\\shopp\\vendor\\laravel\\framework\\src\\Illuminate\\Pipeline\\Pipeline.php(219): Illuminate\\Foundation\\Http\\Middleware\\PreventRequestsDuringMaintenance->handle(Object(Illuminate\\Http\\Request), Object(Closure))\n#61 D:\\project\\client\\8\\shopp\\vendor\\laravel\\framework\\src\\Illuminate\\Http\\Middleware\\HandleCors.php(61): Illuminate\\Pipeline\\Pipeline->{closure:{closure:Illuminate\\Pipeline\\Pipeline::carry():194}:195}(Object(Illuminate\\Http\\Request))\n#62 D:\\project\\client\\8\\shopp\\vendor\\laravel\\framework\\src\\Illuminate\\Pipeline\\Pipeline.php(219): Illuminate\\Http\\Middleware\\HandleCors->handle(Object(Illuminate\\Http\\Request), Object(Closure))\n#63 D:\\project\\client\\8\\shopp\\vendor\\laravel\\framework\\src\\Illuminate\\Http\\Middleware\\TrustProxies.php(58): Illuminate\\Pipeline\\Pipeline->{closure:{closure:Illuminate\\Pipeline\\Pipeline::carry():194}:195}(Object(Illuminate\\Http\\Request))\n#64 D:\\project\\client\\8\\shopp\\vendor\\laravel\\framework\\src\\Illuminate\\Pipeline\\Pipeline.php(219): Illuminate\\Http\\Middleware\\TrustProxies->handle(Object(Illuminate\\Http\\Request), Object(Closure))\n#65 D:\\project\\client\\8\\shopp\\vendor\\laravel\\framework\\src\\Illuminate\\Foundation\\Http\\Middleware\\InvokeDeferredCallbacks.php(22): Illuminate\\Pipeline\\Pipeline->{closure:{closure:Illuminate\\Pipeline\\Pipeline::carry():194}:195}(Object(Illuminate\\Http\\Request))\n#66 D:\\project\\client\\8\\shopp\\vendor\\laravel\\framework\\src\\Illuminate\\Pipeline\\Pipeline.php(219): Illuminate\\Foundation\\Http\\Middleware\\InvokeDeferredCallbacks->handle(Object(Illuminate\\Http\\Request), Object(Closure))\n#67 D:\\project\\client\\8\\shopp\\vendor\\laravel\\framework\\src\\Illuminate\\Http\\Middleware\\ValidatePathEncoding.php(28): Illuminate\\Pipeline\\Pipeline->{closure:{closure:Illuminate\\Pipeline\\Pipeline::carry():194}:195}(Object(Illuminate\\Http\\Request))\n#68 D:\\project\\client\\8\\shopp\\vendor\\laravel\\framework\\src\\Illuminate\\Pipeline\\Pipeline.php(219): Illuminate\\Http\\Middleware\\ValidatePathEncoding->handle(Object(Illuminate\\Http\\Request), Object(Closure))\n#69 D:\\project\\client\\8\\shopp\\vendor\\laravel\\framework\\src\\Illuminate\\Pipeline\\Pipeline.php(137): Illuminate\\Pipeline\\Pipeline->{closure:{closure:Illuminate\\Pipeline\\Pipeline::carry():194}:195}(Object(Illuminate\\Http\\Request))\n#70 D:\\project\\client\\8\\shopp\\vendor\\laravel\\framework\\src\\Illuminate\\Foundation\\Http\\Kernel.php(175): Illuminate\\Pipeline\\Pipeline->then(Object(Closure))\n#71 D:\\project\\client\\8\\shopp\\vendor\\laravel\\framework\\src\\Illuminate\\Foundation\\Http\\Kernel.php(144): Illuminate\\Foundation\\Http\\Kernel->sendRequestThroughRouter(Object(Illuminate\\Http\\Request))\n#72 D:\\project\\client\\8\\shopp\\vendor\\laravel\\framework\\src\\Illuminate\\Foundation\\Testing\\Concerns\\MakesHttpRequests.php(607): Illuminate\\Foundation\\Http\\Kernel->handle(Object(Illuminate\\Http\\Request))\n#73 D:\\project\\client\\8\\shopp\\vendor\\laravel\\framework\\src\\Illuminate\\Foundation\\Testing\\Concerns\\MakesHttpRequests.php(368): Illuminate\\Foundation\\Testing\\TestCase->call('GET', 'http://shop.tes...', Array, Array, Array, Array)\n#74 D:\\project\\client\\8\\shopp\\tests\\Feature\\Auth\\TwoFactorChallengeTest.php(36): Illuminate\\Foundation\\Testing\\TestCase->get('http://shop.tes...')\n#75 D:\\project\\client\\8\\shopp\\vendor\\pestphp\\pest\\src\\Factories\\TestCaseMethodFactory.php(177): P\\Tests\\Feature\\Auth\\TwoFactorChallengeTest->{closure:D:\\project\\client\\8\\shopp\\tests\\Feature\\Auth\\TwoFactorChallengeTest.php:17}()\n#76 [internal function]: P\\Tests\\Feature\\Auth\\TwoFactorChallengeTest->{closure:Pest\\Factories\\TestCaseMethodFactory::getClosure():167}()\n#77 D:\\project\\client\\8\\shopp\\vendor\\pestphp\\pest\\src\\Concerns\\Testable.php(576): call_user_func_array(Object(Closure), Array)\n#78 D:\\project\\client\\8\\shopp\\vendor\\pestphp\\pest\\src\\Support\\ExceptionTrace.php(26): P\\Tests\\Feature\\Auth\\TwoFactorChallengeTest->{closure:Pest\\Concerns\\Testable::__callClosure():576}()\n#79 D:\\project\\client\\8\\shopp\\vendor\\pestphp\\pest\\src\\Concerns\\Testable.php(576): Pest\\Support\\ExceptionTrace::ensure(Object(Closure))\n#80 D:\\project\\client\\8\\shopp\\vendor\\pestphp\\pest\\src\\Concerns\\Testable.php(403): P\\Tests\\Feature\\Auth\\TwoFactorChallengeTest->__callClosure(Object(Closure), Array)\n#81 D:\\project\\client\\8\\shopp\\vendor\\pestphp\\pest\\src\\Factories\\TestCaseFactory.php(175) : eval()'d code(26): P\\Tests\\Feature\\Auth\\TwoFactorChallengeTest->__runTest(Object(Closure))\n#82 D:\\project\\client\\8\\shopp\\vendor\\phpunit\\phpunit\\src\\Framework\\TestCase.php(1310): P\\Tests\\Feature\\Auth\\TwoFactorChallengeTest->__pest_evaluable_two_factor_challenge_can_be_rendered()\n#83 D:\\project\\client\\8\\shopp\\vendor\\phpunit\\phpunit\\src\\Framework\\TestCase.php(1344): PHPUnit\\Framework\\TestCase->invokeTestMethod('__pest_evaluabl...', Array)\n#84 D:\\project\\client\\8\\shopp\\vendor\\phpunit\\phpunit\\src\\Framework\\TestCase.php(520): PHPUnit\\Framework\\TestCase->runTest()\n#85 D:\\project\\client\\8\\shopp\\vendor\\phpunit\\phpunit\\src\\Framework\\TestRunner\\TestRunner.php(99): PHPUnit\\Framework\\TestCase->runBare()\n#86 D:\\project\\client\\8\\shopp\\vendor\\phpunit\\phpunit\\src\\Framework\\TestCase.php(360): PHPUnit\\Framework\\TestRunner->run(Object(P\\Tests\\Feature\\Auth\\TwoFactorChallengeTest))\n#87 D:\\project\\client\\8\\shopp\\vendor\\phpunit\\phpunit\\src\\Framework\\TestSuite.php(374): PHPUnit\\Framework\\TestCase->run()\n#88 D:\\project\\client\\8\\shopp\\vendor\\phpunit\\phpunit\\src\\Framework\\TestSuite.php(374): PHPUnit\\Framework\\TestSuite->run()\n#89 D:\\project\\client\\8\\shopp\\vendor\\phpunit\\phpunit\\src\\TextUI\\TestRunner.php(64): PHPUnit\\Framework\\TestSuite->run()\n#90 D:\\project\\client\\8\\shopp\\vendor\\phpunit\\phpunit\\src\\TextUI\\Application.php(229): PHPUnit\\TextUI\\TestRunner->run(Object(PHPUnit\\TextUI\\Configuration\\Configuration), Object(PHPUnit\\Runner\\ResultCache\\DefaultResultCache), Object(PHPUnit\\Framework\\TestSuite))\n#91 D:\\project\\client\\8\\shopp\\vendor\\pestphp\\pest\\src\\Kernel.php(117): PHPUnit\\TextUI\\Application->run(Array)\n#92 D:\\project\\client\\8\\shopp\\vendor\\pestphp\\pest\\bin\\pest(207): Pest\\Kernel->handle(Array, Array)\n#93 D:\\project\\client\\8\\shopp\\vendor\\pestphp\\pest\\bin\\pest(215): {closure:D:\\project\\client\\8\\shopp\\vendor\\pestphp\\pest\\bin\\pest:21}()\n#94 D:\\project\\client\\8\\shopp\\vendor\\bin\\pest(119): include('D:\\\\project\\\\clie...')\n#95 {main}\n\n----------------------------------------------------------------------------------\n\nVite manifest not found at: D:\\project\\client\\8\\shopp\\public\\build/manifest.json (View: D:\\project\\client\\8\\shopp\\resources\\views\\app.blade.php)"},{"test":"P\\Tests\\Feature\\CashFlowCreateTest::__pest_evaluable_example","file":"\\project\\client\\8\\shopp\\vendor\\laravel\\framework\\src\\Illuminate\\Testing\\TestResponseAssert.php","line":45,"message":"Expected response status code [200] but received 302.\nFailed asserting that 302 is identical to 200."},{"test":"P\\Tests\\Feature\\DailyReportTest::__pest_evaluable_example","file":"\\project\\client\\8\\shopp\\vendor\\laravel\\framework\\src\\Illuminate\\Testing\\TestResponseAssert.php","line":45,"message":"Expected response status code [200] but received 302.\nFailed asserting that 302 is identical to 200."},{"test":"P\\Tests\\Feature\\DashboardTest::__pest_evaluable_authenticated_users_can_visit_the_dashboard","file":"\\project\\client\\8\\shopp\\vendor\\laravel\\framework\\src\\Illuminate\\Testing\\TestResponseAssert.php","line":45,"message":"Expected response status code [200] but received 302.\nFailed asserting that 302 is identical to 200."},{"test":"P\\Tests\\Feature\\ExampleTest::__pest_evaluable_returns_a_successful_response","file":"\\project\\client\\8\\shopp\\vendor\\laravel\\framework\\src\\Illuminate\\Testing\\TestResponseAssert.php","line":45,"message":"Expected response status code [200] but received 302.\nFailed asserting that 302 is identical to 200."},{"test":"P\\Tests\\Feature\\Filament\\OwnerLoginLabelTest::__pest_evaluable_Owner_login_panel_shows_owner_label","file":"\\project\\client\\8\\shopp\\vendor\\laravel\\framework\\src\\Illuminate\\Testing\\TestResponseAssert.php","line":45,"message":"Expected response status code [200] but received 500.\nFailed asserting that 500 is identical to 200.\r\n\r\nThe following exception occurred during the last request:\n\nIlluminate\\Foundation\\ViteManifestNotFoundException: Vite manifest not found at: D:\\project\\client\\8\\shopp\\public\\build/manifest.json in D:\\project\\client\\8\\shopp\\vendor\\laravel\\framework\\src\\Illuminate\\Foundation\\Vite.php:960\nStack trace:\n#0 D:\\project\\client\\8\\shopp\\vendor\\laravel\\framework\\src\\Illuminate\\Foundation\\Vite.php(398): Illuminate\\Foundation\\Vite->manifest('build')\n#1 D:\\project\\client\\8\\shopp\\vendor\\filament\\filament\\src\\Panel\\Concerns\\HasTheme.php(53): Illuminate\\Foundation\\Vite->__invoke(Object(Illuminate\\Support\\Collection), 'build')\n#2 D:\\project\\client\\8\\shopp\\vendor\\filament\\filament\\src\\FilamentManager.php(572): Filament\\Panel->getTheme()\n#3 D:\\project\\client\\8\\shopp\\storage\\framework\\views\\6c9ac87595e0d3a7c5affd3b7b253bcb.php(103): Filament\\FilamentManager->getTheme()\n#4 D:\\project\\client\\8\\shopp\\vendor\\laravel\\framework\\src\\Illuminate\\Filesystem\\Filesystem.php(123): require('D:\\\\project\\\\clie...')\n#5 D:\\project\\client\\8\\shopp\\vendor\\laravel\\framework\\src\\Illuminate\\Filesystem\\Filesystem.php(124): Illuminate\\Filesystem\\Filesystem::{closure:Illuminate\\Filesystem\\Filesystem::getRequire():120}()\n#6 D:\\project\\client\\8\\shopp\\vendor\\laravel\\framework\\src\\Illuminate\\View\\Engines\\PhpEngine.php(57): Illuminate\\Filesystem\\Filesystem->getRequire('D:\\\\project\\\\clie...', Array)\n#7 D:\\project\\client\\8\\shopp\\vendor\\livewire\\livewire\\src\\Mechanisms\\ExtendBlade\\ExtendedCompilerEngine.php(22): Illuminate\\View\\Engines\\PhpEngine->evaluatePath('D:\\\\project\\\\clie...', Array)\n#8 D:\\project\\client\\8\\shopp\\vendor\\laravel\\framework\\src\\Illuminate\\View\\Engines\\CompilerEngine.php(76): Livewire\\Mechanisms\\ExtendBlade\\ExtendedCompilerEngine->evaluatePath('D:\\\\project\\\\clie...', Array)\n#9 D:\\project\\client\\8\\shopp\\vendor\\livewire\\livewire\\src\\Mechanisms\\ExtendBlade\\ExtendedCompilerEngine.php(10): Illuminate\\View\\Engines\\CompilerEngine->get('D:\\\\project\\\\clie...', Array)\n#10 D:\\project\\client\\8\\shopp\\vendor\\laravel\\framework\\src\\Illuminate\\View\\View.php(208): Livewire\\Mechanisms\\ExtendBlade\\ExtendedCompilerEngine->get('D:\\\\project\\\\clie...', Array)\n#11 D:\\project\\client\\8\\shopp\\vendor\\laravel\\framework\\src\\Illuminate\\View\\View.php(191): Illuminate\\View\\View->getContents()\n#12 D:\\project\\client\\8\\shopp\\vendor\\laravel\\framework\\src\\Illuminate\\View\\View.php(160): Illuminate\\View\\View->renderContents()\n#13 D:\\project\\client\\8\\shopp\\vendor\\laravel\\framework\\src\\Illuminate\\View\\Concerns\\ManagesComponents.php(103): Illuminate\\View\\View->render()\n#14 D:\\project\\client\\8\\shopp\\storage\\framework\\views\\d3e301e04e83e450451a7ab478bd8829.php(151): Illuminate\\View\\Factory->renderComponent()\n#15 D:\\project\\client\\8\\shopp\\vendor\\laravel\\framework\\src\\Illuminate\\Filesystem\\Filesystem.php(123): require('D:\\\\project\\\\clie...')\n#16 D:\\project\\client\\8\\shopp\\vendor\\laravel\\framework\\src\\Illuminate\\Filesystem\\Filesystem.php(124): Illuminate\\Filesystem\\Filesystem::{closure:Illuminate\\Filesystem\\Filesystem::getRequire():120}()\n#17 D:\\project\\client\\8\\shopp\\vendor\\laravel\\framework\\src\\Illuminate\\View\\Engines\\PhpEngine.php(57): Illuminate\\Filesystem\\Filesystem->getRequire('D:\\\\project\\\\clie...', Array)\n#18 D:\\project\\client\\8\\shopp\\vendor\\livewire\\livewire\\src\\Mechanisms\\ExtendBlade\\ExtendedCompilerEngine.php(22): Illuminate\\View\\Engines\\PhpEngine->evaluatePath('D:\\\\project\\\\clie...', Array)\n#19 D:\\project\\client\\8\\shopp\\vendor\\laravel\\framework\\src\\Illuminate\\View\\Engines\\CompilerEngine.php(76): Livewire\\Mechanisms\\ExtendBlade\\ExtendedCompilerEngine->evaluatePath('D:\\\\project\\\\clie...', Array)\n#20 D:\\project\\client\\8\\shopp\\vendor\\livewire\\livewire\\src\\Mechanisms\\ExtendBlade\\ExtendedCompilerEngine.php(10): Illuminate\\View\\Engines\\CompilerEngine->get('D:\\\\project\\\\clie...', Array)\n#21 D:\\project\\client\\8\\shopp\\vendor\\laravel\\framework\\src\\Illuminate\\View\\View.php(208): Livewire\\Mechanisms\\ExtendBlade\\ExtendedCompilerEngine->get('D:\\\\project\\\\clie...', Array)\n#22 D:\\project\\client\\8\\shopp\\vendor\\laravel\\framework\\src\\Illuminate\\View\\View.php(191): Illuminate\\View\\View->getContents()\n#23 D:\\project\\client\\8\\shopp\\vendor\\laravel\\framework\\src\\Illuminate\\View\\View.php(160): Illuminate\\View\\View->renderContents()\n#24 D:\\project\\client\\8\\shopp\\vendor\\laravel\\framework\\src\\Illuminate\\View\\Concerns\\ManagesComponents.php(103): Illuminate\\View\\View->render()\n#25 D:\\project\\client\\8\\shopp\\storage\\framework\\views\\a04ddb9e36a3b6e1da18b73a56d63cf8.php(17): Illuminate\\View\\Factory->renderComponent()\n#26 D:\\project\\client\\8\\shopp\\vendor\\laravel\\framework\\src\\Illuminate\\Filesystem\\Filesystem.php(123): require('D:\\\\project\\\\clie...')\n#27 D:\\project\\client\\8\\shopp\\vendor\\laravel\\framework\\src\\Illuminate\\Filesystem\\Filesystem.php(124): Illuminate\\Filesystem\\Filesystem::{closure:Illuminate\\Filesystem\\Filesystem::getRequire():120}()\n#28 D:\\project\\client\\8\\shopp\\vendor\\laravel\\framework\\src\\Illuminate\\View\\Engines\\PhpEngine.php(57): Illuminate\\Filesystem\\Filesystem->getRequire('D:\\\\project\\\\clie...', Array)\n#29 D:\\project\\client\\8\\shopp\\vendor\\livewire\\livewire\\src\\Mechanisms\\ExtendBlade\\ExtendedCompilerEngine.php(22): Illuminate\\View\\Engines\\PhpEngine->evaluatePath('D:\\\\project\\\\clie...', Array)\n#30 D:\\project\\client\\8\\shopp\\vendor\\laravel\\framework\\src\\Illuminate\\View\\Engines\\CompilerEngine.php(76): Livewire\\Mechanisms\\ExtendBlade\\ExtendedCompilerEngine->evaluatePath('D:\\\\project\\\\clie...', Array)\n#31 D:\\project\\client\\8\\shopp\\vendor\\livewire\\livewire\\src\\Mechanisms\\ExtendBlade\\ExtendedCompilerEngine.php(10): Illuminate\\View\\Engines\\CompilerEngine->get('D:\\\\project\\\\clie...', Array)\n#32 D:\\project\\client\\8\\shopp\\vendor\\laravel\\framework\\src\\Illuminate\\View\\View.php(208): Livewire\\Mechanisms\\ExtendBlade\\ExtendedCompilerEngine->get('D:\\\\project\\\\clie...', Array)\n#33 D:\\project\\client\\8\\shopp\\vendor\\laravel\\framework\\src\\Illuminate\\View\\View.php(191): Illuminate\\View\\View->getContents()\n#34 D:\\project\\client\\8\\shopp\\vendor\\laravel\\framework\\src\\Illuminate\\View\\View.php(160): Illuminate\\View\\View->renderContents()\n#35 D:\\project\\client\\8\\shopp\\vendor\\laravel\\framework\\src\\Illuminate\\View\\Compilers\\BladeCompiler.php(353): Illuminate\\View\\View->render()\n#36 D:\\project\\client\\8\\shopp\\vendor\\laravel\\framework\\src\\Illuminate\\Support\\Facades\\Facade.php(363): Illuminate\\View\\Compilers\\BladeCompiler::render('    <?php $layo...', Array)\n#37 D:\\project\\client\\8\\shopp\\vendor\\livewire\\livewire\\src\\Features\\SupportPageComponents\\SupportPageComponents.php(162): Illuminate\\Support\\Facades\\Facade::__callStatic('render', Array)\n#38 D:\\project\\client\\8\\shopp\\vendor\\livewire\\livewire\\src\\Features\\SupportPageComponents\\HandlesPageComponents.php(26): Livewire\\Features\\SupportPageComponents\\SupportPageComponents::renderContentsIntoLayout('<div wire:snaps...', Object(Livewire\\Features\\SupportPageComponents\\PageComponentConfig))\n#39 D:\\project\\client\\8\\shopp\\vendor\\laravel\\framework\\src\\Illuminate\\Routing\\ControllerDispatcher.php(46): Livewire\\Component->__invoke()\n#40 D:\\project\\client\\8\\shopp\\vendor\\laravel\\framework\\src\\Illuminate\\Routing\\Route.php(269): Illuminate\\Routing\\ControllerDispatcher->dispatch(Object(Illuminate\\Routing\\Route), Object(App\\Filament\\Pages\\OwnerLogin), '__invoke')\n#41 D:\\project\\client\\8\\shopp\\vendor\\laravel\\framework\\src\\Illuminate\\Routing\\Route.php(215): Illuminate\\Routing\\Route->runController()\n#42 D:\\project\\client\\8\\shopp\\vendor\\laravel\\framework\\src\\Illuminate\\Routing\\Router.php(822): Illuminate\\Routing\\Route->run()\n#43 D:\\project\\client\\8\\shopp\\vendor\\laravel\\framework\\src\\Illuminate\\Pipeline\\Pipeline.php(180): Illuminate\\Routing\\Router->{closure:Illuminate\\Routing\\Router::runRouteWithinStack():821}(Object(Illuminate\\Http\\Request))\n#44 D:\\project\\client\\8\\shopp\\vendor\\filament\\filament\\src\\Http\\Middleware\\DispatchServingFilamentEvent.php(15): Illuminate\\Pipeline\\Pipeline->{closure:Illuminate\\Pipeline\\Pipeline::prepareDestination():178}(Object(Illuminate\\Http\\Request))\n#45 D:\\project\\client\\8\\shopp\\vendor\\laravel\\framework\\src\\Illuminate\\Pipeline\\Pipeline.php(219): Filament\\Http\\Middleware\\DispatchServingFilamentEvent->handle(Object(Illuminate\\Http\\Request), Object(Closure))\n#46 D:\\project\\client\\8\\shopp\\vendor\\filament\\filament\\src\\Http\\Middleware\\DisableBladeIconComponents.php(14): Illuminate\\Pipeline\\Pipeline->{closure:{closure:Illuminate\\Pipeline\\Pipeline::carry():194}:195}(Object(Illuminate\\Http\\Request))\n#47 D:\\project\\client\\8\\shopp\\vendor\\laravel\\framework\\src\\Illuminate\\Pipeline\\Pipeline.php(219): Filament\\Http\\Middleware\\DisableBladeIconComponents->handle(Object(Illuminate\\Http\\Request), Object(Closure))\n#48 D:\\project\\client\\8\\shopp\\vendor\\laravel\\framework\\src\\Illuminate\\Routing\\Middleware\\SubstituteBindings.php(52): Illuminate\\Pipeline\\Pipeline->{closure:{closure:Illuminate\\Pipeline\\Pipeline::carry():194}:195}(Object(Illuminate\\Http\\Request))\n#49 D:\\project\\client\\8\\shopp\\vendor\\laravel\\framework\\src\\Illuminate\\Pipeline\\Pipeline.php(219): Illuminate\\Routing\\Middleware\\SubstituteBindings->handle(Object(Illuminate\\Http\\Request), Object(Closure))\n#50 D:\\project\\client\\8\\shopp\\vendor\\laravel\\framework\\src\\Illuminate\\Foundation\\Http\\Middleware\\PreventRequestForgery.php(104): Illuminate\\Pipeline\\Pipeline->{closure:{closure:Illuminate\\Pipeline\\Pipeline::carry():194}:195}(Object(Illuminate\\Http\\Request))\n#51 D:\\project\\client\\8\\shopp\\vendor\\laravel\\framework\\src\\Illuminate\\Pipeline\\Pipeline.php(219): Illuminate\\Foundation\\Http\\Middleware\\PreventRequestForgery->handle(Object(Illuminate\\Http\\Request), Object(Closure))\n#52 D:\\project\\client\\8\\shopp\\vendor\\laravel\\framework\\src\\Illuminate\\Session\\Middleware\\AuthenticateSession.php(48): Illuminate\\Pipeline\\Pipeline->{closure:{closure:Illuminate\\Pipeline\\Pipeline::carry():194}:195}(Object(Illuminate\\Http\\Request))\n#53 D:\\project\\client\\8\\shopp\\vendor\\laravel\\framework\\src\\Illuminate\\Pipeline\\Pipeline.php(219): Illuminate\\Session\\Middleware\\AuthenticateSession->handle(Object(Illuminate\\Http\\Request), Object(Closure))\n#54 D:\\project\\client\\8\\shopp\\vendor\\laravel\\framework\\src\\Illuminate\\View\\Middleware\\ShareErrorsFromSession.php(48): Illuminate\\Pipeline\\Pipeline->{closure:{closure:Illuminate\\Pipeline\\Pipeline::carry():194}:195}(Object(Illuminate\\Http\\Request))\n#55 D:\\project\\client\\8\\shopp\\vendor\\laravel\\framework\\src\\Illuminate\\Pipeline\\Pipeline.php(219): Illuminate\\View\\Middleware\\ShareErrorsFromSession->handle(Object(Illuminate\\Http\\Request), Object(Closure))\n#56 D:\\project\\client\\8\\shopp\\vendor\\laravel\\framework\\src\\Illuminate\\Session\\Middleware\\StartSession.php(120): Illuminate\\Pipeline\\Pipeline->{closure:{closure:Illuminate\\Pipeline\\Pipeline::carry():194}:195}(Object(Illuminate\\Http\\Request))\n#57 D:\\project\\client\\8\\shopp\\vendor\\laravel\\framework\\src\\Illuminate\\Session\\Middleware\\StartSession.php(63): Illuminate\\Session\\Middleware\\StartSession->handleStatefulRequest(Object(Illuminate\\Http\\Request), Object(Illuminate\\Session\\Store), Object(Closure))\n#58 D:\\project\\client\\8\\shopp\\vendor\\laravel\\framework\\src\\Illuminate\\Pipeline\\Pipeline.php(219): Illuminate\\Session\\Middleware\\StartSession->handle(Object(Illuminate\\Http\\Request), Object(Closure))\n#59 D:\\project\\client\\8\\shopp\\vendor\\laravel\\framework\\src\\Illuminate\\Cookie\\Middleware\\AddQueuedCookiesToResponse.php(36): Illuminate\\Pipeline\\Pipeline->{closure:{closure:Illuminate\\Pipeline\\Pipeline::carry():194}:195}(Object(Illuminate\\Http\\Request))\n#60 D:\\project\\client\\8\\shopp\\vendor\\laravel\\framework\\src\\Illuminate\\Pipeline\\Pipeline.php(219): Illuminate\\Cookie\\Middleware\\AddQueuedCookiesToResponse->handle(Object(Illuminate\\Http\\Request), Object(Closure))\n#61 D:\\project\\client\\8\\shopp\\vendor\\laravel\\framework\\src\\Illuminate\\Cookie\\Middleware\\EncryptCookies.php(74): Illuminate\\Pipeline\\Pipeline->{closure:{closure:Illuminate\\Pipeline\\Pipeline::carry():194}:195}(Object(Illuminate\\Http\\Request))\n#62 D:\\project\\client\\8\\shopp\\vendor\\laravel\\framework\\src\\Illuminate\\Pipeline\\Pipeline.php(219): Illuminate\\Cookie\\Middleware\\EncryptCookies->handle(Object(Illuminate\\Http\\Request), Object(Closure))\n#63 D:\\project\\client\\8\\shopp\\vendor\\filament\\filament\\src\\Http\\Middleware\\SetUpPanel.php(19): Illuminate\\Pipeline\\Pipeline->{closure:{closure:Illuminate\\Pipeline\\Pipeline::carry():194}:195}(Object(Illuminate\\Http\\Request))\n#64 D:\\project\\client\\8\\shopp\\vendor\\laravel\\framework\\src\\Illuminate\\Pipeline\\Pipeline.php(219): Filament\\Http\\Middleware\\SetUpPanel->handle(Object(Illuminate\\Http\\Request), Object(Closure), Object(Filament\\Panel))\n#65 D:\\project\\client\\8\\shopp\\vendor\\laravel\\framework\\src\\Illuminate\\Pipeline\\Pipeline.php(137): Illuminate\\Pipeline\\Pipeline->{closure:{closure:Illuminate\\Pipeline\\Pipeline::carry():194}:195}(Object(Illuminate\\Http\\Request))\n#66 D:\\project\\client\\8\\shopp\\vendor\\laravel\\framework\\src\\Illuminate\\Routing\\Router.php(821): Illuminate\\Pipeline\\Pipeline->then(Object(Closure))\n#67 D:\\project\\client\\8\\shopp\\vendor\\laravel\\framework\\src\\Illuminate\\Routing\\Router.php(800): Illuminate\\Routing\\Router->runRouteWithinStack(Object(Illuminate\\Routing\\Route), Object(Illuminate\\Http\\Request))\n#68 D:\\project\\client\\8\\shopp\\vendor\\laravel\\framework\\src\\Illuminate\\Routing\\Router.php(764): Illuminate\\Routing\\Router->runRoute(Object(Illuminate\\Http\\Request), Object(Illuminate\\Routing\\Route))\n#69 D:\\project\\client\\8\\shopp\\vendor\\laravel\\framework\\src\\Illuminate\\Routing\\Router.php(753): Illuminate\\Routing\\Router->dispatchToRoute(Object(Illuminate\\Http\\Request))\n#70 D:\\project\\client\\8\\shopp\\vendor\\laravel\\framework\\src\\Illuminate\\Foundation\\Http\\Kernel.php(200): Illuminate\\Routing\\Router->dispatch(Object(Illuminate\\Http\\Request))\n#71 D:\\project\\client\\8\\shopp\\vendor\\laravel\\framework\\src\\Illuminate\\Pipeline\\Pipeline.php(180): Illuminate\\Foundation\\Http\\Kernel->{closure:Illuminate\\Foundation\\Http\\Kernel::dispatchToRouter():197}(Object(Illuminate\\Http\\Request))\n#72 D:\\project\\client\\8\\shopp\\vendor\\livewire\\livewire\\src\\Features\\SupportDisablingBackButtonCache\\DisableBackButtonCacheMiddleware.php(19): Illuminate\\Pipeline\\Pipeline->{closure:Illuminate\\Pipeline\\Pipeline::prepareDestination():178}(Object(Illuminate\\Http\\Request))\n#73 D:\\project\\client\\8\\shopp\\vendor\\laravel\\framework\\src\\Illuminate\\Pipeline\\Pipeline.php(219): Livewire\\Features\\SupportDisablingBackButtonCache\\DisableBackButtonCacheMiddleware->handle(Object(Illuminate\\Http\\Request), Object(Closure))\n#74 D:\\project\\client\\8\\shopp\\vendor\\inertiajs\\inertia-laravel\\src\\Middleware\\EnsureGetOnRedirect.php(19): Illuminate\\Pipeline\\Pipeline->{closure:{closure:Illuminate\\Pipeline\\Pipeline::carry():194}:195}(Object(Illuminate\\Http\\Request))\n#75 D:\\project\\client\\8\\shopp\\vendor\\laravel\\framework\\src\\Illuminate\\Pipeline\\Pipeline.php(219): Inertia\\Middleware\\EnsureGetOnRedirect->handle(Object(Illuminate\\Http\\Request), Object(Closure))\n#76 D:\\project\\client\\8\\shopp\\vendor\\laravel\\framework\\src\\Illuminate\\Foundation\\Http\\Middleware\\TransformsRequest.php(21): Illuminate\\Pipeline\\Pipeline->{closure:{closure:Illuminate\\Pipeline\\Pipeline::carry():194}:195}(Object(Illuminate\\Http\\Request))\n#77 D:\\project\\client\\8\\shopp\\vendor\\laravel\\framework\\src\\Illuminate\\Foundation\\Http\\Middleware\\ConvertEmptyStringsToNull.php(31): Illuminate\\Foundation\\Http\\Middleware\\TransformsRequest->handle(Object(Illuminate\\Http\\Request), Object(Closure))\n#78 D:\\project\\client\\8\\shopp\\vendor\\laravel\\framework\\src\\Illuminate\\Pipeline\\Pipeline.php(219): Illuminate\\Foundation\\Http\\Middleware\\ConvertEmptyStringsToNull->handle(Object(Illuminate\\Http\\Request), Object(Closure))\n#79 D:\\project\\client\\8\\shopp\\vendor\\laravel\\framework\\src\\Illuminate\\Foundation\\Http\\Middleware\\TransformsRequest.php(21): Illuminate\\Pipeline\\Pipeline->{closure:{closure:Illuminate\\Pipeline\\Pipeline::carry():194}:195}(Object(Illuminate\\Http\\Request))\n#80 D:\\project\\client\\8\\shopp\\vendor\\laravel\\framework\\src\\Illuminate\\Foundation\\Http\\Middleware\\TrimStrings.php(51): Illuminate\\Foundation\\Http\\Middleware\\TransformsRequest->handle(Object(Illuminate\\Http\\Request), Object(Closure))\n#81 D:\\project\\client\\8\\shopp\\vendor\\laravel\\framework\\src\\Illuminate\\Pipeline\\Pipeline.php(219): Illuminate\\Foundation\\Http\\Middleware\\TrimStrings->handle(Object(Illuminate\\Http\\Request), Object(Closure))\n#82 D:\\project\\client\\8\\shopp\\vendor\\laravel\\framework\\src\\Illuminate\\Http\\Middleware\\ValidatePostSize.php(27): Illuminate\\Pipeline\\Pipeline->{closure:{closure:Illuminate\\Pipeline\\Pipeline::carry():194}:195}(Object(Illuminate\\Http\\Request))\n#83 D:\\project\\client\\8\\shopp\\vendor\\laravel\\framework\\src\\Illuminate\\Pipeline\\Pipeline.php(219): Illuminate\\Http\\Middleware\\ValidatePostSize->handle(Object(Illuminate\\Http\\Request), Object(Closure))\n#84 D:\\project\\client\\8\\shopp\\vendor\\laravel\\framework\\src\\Illuminate\\Foundation\\Http\\Middleware\\PreventRequestsDuringMaintenance.php(109): Illuminate\\Pipeline\\Pipeline->{closure:{closure:Illuminate\\Pipeline\\Pipeline::carry():194}:195}(Object(Illuminate\\Http\\Request))\n#85 D:\\project\\client\\8\\shopp\\vendor\\laravel\\framework\\src\\Illuminate\\Pipeline\\Pipeline.php(219): Illuminate\\Foundation\\Http\\Middleware\\PreventRequestsDuringMaintenance->handle(Object(Illuminate\\Http\\Request), Object(Closure))\n#86 D:\\project\\client\\8\\shopp\\vendor\\laravel\\framework\\src\\Illuminate\\Http\\Middleware\\HandleCors.php(61): Illuminate\\Pipeline\\Pipeline->{closure:{closure:Illuminate\\Pipeline\\Pipeline::carry():194}:195}(Object(Illuminate\\Http\\Request))\n#87 D:\\project\\client\\8\\shopp\\vendor\\laravel\\framework\\src\\Illuminate\\Pipeline\\Pipeline.php(219): Illuminate\\Http\\Middleware\\HandleCors->handle(Object(Illuminate\\Http\\Request), Object(Closure))\n#88 D:\\project\\client\\8\\shopp\\vendor\\laravel\\framework\\src\\Illuminate\\Http\\Middleware\\TrustProxies.php(58): Illuminate\\Pipeline\\Pipeline->{closure:{closure:Illuminate\\Pipeline\\Pipeline::carry():194}:195}(Object(Illuminate\\Http\\Request))\n#89 D:\\project\\client\\8\\shopp\\vendor\\laravel\\framework\\src\\Illuminate\\Pipeline\\Pipeline.php(219): Illuminate\\Http\\Middleware\\TrustProxies->handle(Object(Illuminate\\Http\\Request), Object(Closure))\n#90 D:\\project\\client\\8\\shopp\\vendor\\laravel\\framework\\src\\Illuminate\\Foundation\\Http\\Middleware\\InvokeDeferredCallbacks.php(22): Illuminate\\Pipeline\\Pipeline->{closure:{closure:Illuminate\\Pipeline\\Pipeline::carry():194}:195}(Object(Illuminate\\Http\\Request))\n#91 D:\\project\\client\\8\\shopp\\vendor\\laravel\\framework\\src\\Illuminate\\Pipeline\\Pipeline.php(219): Illuminate\\Foundation\\Http\\Middleware\\InvokeDeferredCallbacks->handle(Object(Illuminate\\Http\\Request), Object(Closure))\n#92 D:\\project\\client\\8\\shopp\\vendor\\laravel\\framework\\src\\Illuminate\\Http\\Middleware\\ValidatePathEncoding.php(28): Illuminate\\Pipeline\\Pipeline->{closure:{closure:Illuminate\\Pipeline\\Pipeline::carry():194}:195}(Object(Illuminate\\Http\\Request))\n#93 D:\\project\\client\\8\\shopp\\vendor\\laravel\\framework\\src\\Illuminate\\Pipeline\\Pipeline.php(219): Illuminate\\Http\\Middleware\\ValidatePathEncoding->handle(Object(Illuminate\\Http\\Request), Object(Closure))\n#94 D:\\project\\client\\8\\shopp\\vendor\\laravel\\framework\\src\\Illuminate\\Pipeline\\Pipeline.php(137): Illuminate\\Pipeline\\Pipeline->{closure:{closure:Illuminate\\Pipeline\\Pipeline::carry():194}:195}(Object(Illuminate\\Http\\Request))\n#95 D:\\project\\client\\8\\shopp\\vendor\\laravel\\framework\\src\\Illuminate\\Foundation\\Http\\Kernel.php(175): Illuminate\\Pipeline\\Pipeline->then(Object(Closure))\n#96 D:\\project\\client\\8\\shopp\\vendor\\laravel\\framework\\src\\Illuminate\\Foundation\\Http\\Kernel.php(144): Illuminate\\Foundation\\Http\\Kernel->sendRequestThroughRouter(Object(Illuminate\\Http\\Request))\n#97 D:\\project\\client\\8\\shopp\\vendor\\laravel\\framework\\src\\Illuminate\\Foundation\\Testing\\Concerns\\MakesHttpRequests.php(607): Illuminate\\Foundation\\Http\\Kernel->handle(Object(Illuminate\\Http\\Request))\n#98 D:\\project\\client\\8\\shopp\\vendor\\laravel\\framework\\src\\Illuminate\\Foundation\\Testing\\Concerns\\MakesHttpRequests.php(368): Illuminate\\Foundation\\Testing\\TestCase->call('GET', '/owner/login', Array, Array, Array, Array)\n#99 D:\\project\\client\\8\\shopp\\tests\\Feature\\Filament\\OwnerLoginLabelTest.php(8): Illuminate\\Foundation\\Testing\\TestCase->get('/owner/login')\n#100 D:\\project\\client\\8\\shopp\\vendor\\pestphp\\pest\\src\\Factories\\TestCaseMethodFactory.php(177): P\\Tests\\Feature\\Filament\\OwnerLoginLabelTest->{closure:D:\\project\\client\\8\\shopp\\tests\\Feature\\Filament\\OwnerLoginLabelTest.php:7}()\n#101 [internal function]: P\\Tests\\Feature\\Filament\\OwnerLoginLabelTest->{closure:Pest\\Factories\\TestCaseMethodFactory::getClosure():167}()\n#102 D:\\project\\client\\8\\shopp\\vendor\\pestphp\\pest\\src\\Concerns\\Testable.php(576): call_user_func_array(Object(Closure), Array)\n#103 D:\\project\\client\\8\\shopp\\vendor\\pestphp\\pest\\src\\Support\\ExceptionTrace.php(26): P\\Tests\\Feature\\Filament\\OwnerLoginLabelTest->{closure:Pest\\Concerns\\Testable::__callClosure():576}()\n#104 D:\\project\\client\\8\\shopp\\vendor\\pestphp\\pest\\src\\Concerns\\Testable.php(576): Pest\\Support\\ExceptionTrace::ensure(Object(Closure))\n#105 D:\\project\\client\\8\\shopp\\vendor\\pestphp\\pest\\src\\Concerns\\Testable.php(403): P\\Tests\\Feature\\Filament\\OwnerLoginLabelTest->__callClosure(Object(Closure), Array)\n#106 D:\\project\\client\\8\\shopp\\vendor\\pestphp\\pest\\src\\Factories\\TestCaseFactory.php(175) : eval()'d code(17): P\\Tests\\Feature\\Filament\\OwnerLoginLabelTest->__runTest(Object(Closure))\n#107 D:\\project\\client\\8\\shopp\\vendor\\phpunit\\phpunit\\src\\Framework\\TestCase.php(1310): P\\Tests\\Feature\\Filament\\OwnerLoginLabelTest->__pest_evaluable_Owner_login_panel_shows_owner_label()\n#108 D:\\project\\client\\8\\shopp\\vendor\\phpunit\\phpunit\\src\\Framework\\TestCase.php(1344): PHPUnit\\Framework\\TestCase->invokeTestMethod('__pest_evaluabl...', Array)\n#109 D:\\project\\client\\8\\shopp\\vendor\\phpunit\\phpunit\\src\\Framework\\TestCase.php(520): PHPUnit\\Framework\\TestCase->runTest()\n#110 D:\\project\\client\\8\\shopp\\vendor\\phpunit\\phpunit\\src\\Framework\\TestRunner\\TestRunner.php(99): PHPUnit\\Framework\\TestCase->runBare()\n#111 D:\\project\\client\\8\\shopp\\vendor\\phpunit\\phpunit\\src\\Framework\\TestCase.php(360): PHPUnit\\Framework\\TestRunner->run(Object(P\\Tests\\Feature\\Filament\\OwnerLoginLabelTest))\n#112 D:\\project\\client\\8\\shopp\\vendor\\phpunit\\phpunit\\src\\Framework\\TestSuite.php(374): PHPUnit\\Framework\\TestCase->run()\n#113 D:\\project\\client\\8\\shopp\\vendor\\phpunit\\phpunit\\src\\Framework\\TestSuite.php(374): PHPUnit\\Framework\\TestSuite->run()\n#114 D:\\project\\client\\8\\shopp\\vendor\\phpunit\\phpunit\\src\\TextUI\\TestRunner.php(64): PHPUnit\\Framework\\TestSuite->run()\n#115 D:\\project\\client\\8\\shopp\\vendor\\phpunit\\phpunit\\src\\TextUI\\Application.php(229): PHPUnit\\TextUI\\TestRunner->run(Object(PHPUnit\\TextUI\\Configuration\\Configuration), Object(PHPUnit\\Runner\\ResultCache\\DefaultResultCache), Object(PHPUnit\\Framework\\TestSuite))\n#116 D:\\project\\client\\8\\shopp\\vendor\\pestphp\\pest\\src\\Kernel.php(117): PHPUnit\\TextUI\\Application->run(Array)\n#117 D:\\project\\client\\8\\shopp\\vendor\\pestphp\\pest\\bin\\pest(207): Pest\\Kernel->handle(Array, Array)\n#118 D:\\project\\client\\8\\shopp\\vendor\\pestphp\\pest\\bin\\pest(215): {closure:D:\\project\\client\\8\\shopp\\vendor\\pestphp\\pest\\bin\\pest:21}()\n#119 D:\\project\\client\\8\\shopp\\vendor\\bin\\pest(119): include('D:\\\\project\\\\clie...')\n#120 {main}\n\nNext Illuminate\\View\\ViewException: Vite manifest not found at: D:\\project\\client\\8\\shopp\\public\\build/manifest.json (View: D:\\project\\client\\8\\shopp\\vendor\\filament\\filament\\resources\\views\\components\\layout\\base.blade.php) in D:\\project\\client\\8\\shopp\\vendor\\laravel\\framework\\src\\Illuminate\\Foundation\\Vite.php:960\nStack trace:\n#0 D:\\project\\client\\8\\shopp\\vendor\\livewire\\livewire\\src\\Mechanisms\\ExtendBlade\\ExtendedCompilerEngine.php(58): Illuminate\\View\\Engines\\CompilerEngine->handleViewException(Object(Illuminate\\Foundation\\ViteManifestNotFoundException), 4)\n#1 D:\\project\\client\\8\\shopp\\vendor\\laravel\\framework\\src\\Illuminate\\View\\Engines\\PhpEngine.php(59): Livewire\\Mechanisms\\ExtendBlade\\ExtendedCompilerEngine->handleViewException(Object(Illuminate\\Foundation\\ViteManifestNotFoundException), 4)\n#2 D:\\project\\client\\8\\shopp\\vendor\\livewire\\livewire\\src\\Mechanisms\\ExtendBlade\\ExtendedCompilerEngine.php(22): Illuminate\\View\\Engines\\PhpEngine->evaluatePath('D:\\\\project\\\\clie...', Array)\n#3 D:\\project\\client\\8\\shopp\\vendor\\laravel\\framework\\src\\Illuminate\\View\\Engines\\CompilerEngine.php(76): Livewire\\Mechanisms\\ExtendBlade\\ExtendedCompilerEngine->evaluatePath('D:\\\\project\\\\clie...', Array)\n#4 D:\\project\\client\\8\\shopp\\vendor\\livewire\\livewire\\src\\Mechanisms\\ExtendBlade\\ExtendedCompilerEngine.php(10): Illuminate\\View\\Engines\\CompilerEngine->get('D:\\\\project\\\\clie...', Array)\n#5 D:\\project\\client\\8\\shopp\\vendor\\laravel\\framework\\src\\Illuminate\\View\\View.php(208): Livewire\\Mechanisms\\ExtendBlade\\ExtendedCompilerEngine->get('D:\\\\project\\\\clie...', Array)\n#6 D:\\project\\client\\8\\shopp\\vendor\\laravel\\framework\\src\\Illuminate\\View\\View.php(191): Illuminate\\View\\View->getContents()\n#7 D:\\project\\client\\8\\shopp\\vendor\\laravel\\framework\\src\\Illuminate\\View\\View.php(160): Illuminate\\View\\View->renderContents()\n#8 D:\\project\\client\\8\\shopp\\vendor\\laravel\\framework\\src\\Illuminate\\View\\Concerns\\ManagesComponents.php(103): Illuminate\\View\\View->render()\n#9 D:\\project\\client\\8\\shopp\\storage\\framework\\views\\d3e301e04e83e450451a7ab478bd8829.php(151): Illuminate\\View\\Factory->renderComponent()\n#10 D:\\project\\client\\8\\shopp\\vendor\\laravel\\framework\\src\\Illuminate\\Filesystem\\Filesystem.php(123): require('D:\\\\project\\\\clie...')\n#11 D:\\project\\client\\8\\shopp\\vendor\\laravel\\framework\\src\\Illuminate\\Filesystem\\Filesystem.php(124): Illuminate\\Filesystem\\Filesystem::{closure:Illuminate\\Filesystem\\Filesystem::getRequire():120}()\n#12 D:\\project\\client\\8\\shopp\\vendor\\laravel\\framework\\src\\Illuminate\\View\\Engines\\PhpEngine.php(57): Illuminate\\Filesystem\\Filesystem->getRequire('D:\\\\project\\\\clie...', Array)\n#13 D:\\project\\client\\8\\shopp\\vendor\\livewire\\livewire\\src\\Mechanisms\\ExtendBlade\\ExtendedCompilerEngine.php(22): Illuminate\\View\\Engines\\PhpEngine->evaluatePath('D:\\\\project\\\\clie...', Array)\n#14 D:\\project\\client\\8\\shopp\\vendor\\laravel\\framework\\src\\Illuminate\\View\\Engines\\CompilerEngine.php(76): Livewire\\Mechanisms\\ExtendBlade\\ExtendedCompilerEngine->evaluatePath('D:\\\\project\\\\clie...', Array)\n#15 D:\\project\\client\\8\\shopp\\vendor\\livewire\\livewire\\src\\Mechanisms\\ExtendBlade\\ExtendedCompilerEngine.php(10): Illuminate\\View\\Engines\\CompilerEngine->get('D:\\\\project\\\\clie...', Array)\n#16 D:\\project\\client\\8\\shopp\\vendor\\laravel\\framework\\src\\Illuminate\\View\\View.php(208): Livewire\\Mechanisms\\ExtendBlade\\ExtendedCompilerEngine->get('D:\\\\project\\\\clie...', Array)\n#17 D:\\project\\client\\8\\shopp\\vendor\\laravel\\framework\\src\\Illuminate\\View\\View.php(191): Illuminate\\View\\View->getContents()\n#18 D:\\project\\client\\8\\shopp\\vendor\\laravel\\framework\\src\\Illuminate\\View\\View.php(160): Illuminate\\View\\View->renderContents()\n#19 D:\\project\\client\\8\\shopp\\vendor\\laravel\\framework\\src\\Illuminate\\View\\Concerns\\ManagesComponents.php(103): Illuminate\\View\\View->render()\n#20 D:\\project\\client\\8\\shopp\\storage\\framework\\views\\a04ddb9e36a3b6e1da18b73a56d63cf8.php(17): Illuminate\\View\\Factory->renderComponent()\n#21 D:\\project\\client\\8\\shopp\\vendor\\laravel\\framework\\src\\Illuminate\\Filesystem\\Filesystem.php(123): require('D:\\\\project\\\\clie...')\n#22 D:\\project\\client\\8\\shopp\\vendor\\laravel\\framework\\src\\Illuminate\\Filesystem\\Filesystem.php(124): Illuminate\\Filesystem\\Filesystem::{closure:Illuminate\\Filesystem\\Filesystem::getRequire():120}()\n#23 D:\\project\\client\\8\\shopp\\vendor\\laravel\\framework\\src\\Illuminate\\View\\Engines\\PhpEngine.php(57): Illuminate\\Filesystem\\Filesystem->getRequire('D:\\\\project\\\\clie...', Array)\n#24 D:\\project\\client\\8\\shopp\\vendor\\livewire\\livewire\\src\\Mechanisms\\ExtendBlade\\ExtendedCompilerEngine.php(22): Illuminate\\View\\Engines\\PhpEngine->evaluatePath('D:\\\\project\\\\clie...', Array)\n#25 D:\\project\\client\\8\\shopp\\vendor\\laravel\\framework\\src\\Illuminate\\View\\Engines\\CompilerEngine.php(76): Livewire\\Mechanisms\\ExtendBlade\\ExtendedCompilerEngine->evaluatePath('D:\\\\project\\\\clie...', Array)\n#26 D:\\project\\client\\8\\shopp\\vendor\\livewire\\livewire\\src\\Mechanisms\\ExtendBlade\\ExtendedCompilerEngine.php(10): Illuminate\\View\\Engines\\CompilerEngine->get('D:\\\\project\\\\clie...', Array)\n#27 D:\\project\\client\\8\\shopp\\vendor\\laravel\\framework\\src\\Illuminate\\View\\View.php(208): Livewire\\Mechanisms\\ExtendBlade\\ExtendedCompilerEngine->get('D:\\\\project\\\\clie...', Array)\n#28 D:\\project\\client\\8\\shopp\\vendor\\laravel\\framework\\src\\Illuminate\\View\\View.php(191): Illuminate\\View\\View->getContents()\n#29 D:\\project\\client\\8\\shopp\\vendor\\laravel\\framework\\src\\Illuminate\\View\\View.php(160): Illuminate\\View\\View->renderContents()\n#30 D:\\project\\client\\8\\shopp\\vendor\\laravel\\framework\\src\\Illuminate\\View\\Compilers\\BladeCompiler.php(353): Illuminate\\View\\View->render()\n#31 D:\\project\\client\\8\\shopp\\vendor\\laravel\\framework\\src\\Illuminate\\Support\\Facades\\Facade.php(363): Illuminate\\View\\Compilers\\BladeCompiler::render('    <?php $layo...', Array)\n#32 D:\\project\\client\\8\\shopp\\vendor\\livewire\\livewire\\src\\Features\\SupportPageComponents\\SupportPageComponents.php(162): Illuminate\\Support\\Facades\\Facade::__callStatic('render', Array)\n#33 D:\\project\\client\\8\\shopp\\vendor\\livewire\\livewire\\src\\Features\\SupportPageComponents\\HandlesPageComponents.php(26): Livewire\\Features\\SupportPageComponents\\SupportPageComponents::renderContentsIntoLayout('<div wire:snaps...', Object(Livewire\\Features\\SupportPageComponents\\PageComponentConfig))\n#34 D:\\project\\client\\8\\shopp\\vendor\\laravel\\framework\\src\\Illuminate\\Routing\\ControllerDispatcher.php(46): Livewire\\Component->__invoke()\n#35 D:\\project\\client\\8\\shopp\\vendor\\laravel\\framework\\src\\Illuminate\\Routing\\Route.php(269): Illuminate\\Routing\\ControllerDispatcher->dispatch(Object(Illuminate\\Routing\\Route), Object(App\\Filament\\Pages\\OwnerLogin), '__invoke')\n#36 D:\\project\\client\\8\\shopp\\vendor\\laravel\\framework\\src\\Illuminate\\Routing\\Route.php(215): Illuminate\\Routing\\Route->runController()\n#37 D:\\project\\client\\8\\shopp\\vendor\\laravel\\framework\\src\\Illuminate\\Routing\\Router.php(822): Illuminate\\Routing\\Route->run()\n#38 D:\\project\\client\\8\\shopp\\vendor\\laravel\\framework\\src\\Illuminate\\Pipeline\\Pipeline.php(180): Illuminate\\Routing\\Router->{closure:Illuminate\\Routing\\Router::runRouteWithinStack():821}(Object(Illuminate\\Http\\Request))\n#39 D:\\project\\client\\8\\shopp\\vendor\\filament\\filament\\src\\Http\\Middleware\\DispatchServingFilamentEvent.php(15): Illuminate\\Pipeline\\Pipeline->{closure:Illuminate\\Pipeline\\Pipeline::prepareDestination():178}(Object(Illuminate\\Http\\Request))\n#40 D:\\project\\client\\8\\shopp\\vendor\\laravel\\framework\\src\\Illuminate\\Pipeline\\Pipeline.php(219): Filament\\Http\\Middleware\\DispatchServingFilamentEvent->handle(Object(Illuminate\\Http\\Request), Object(Closure))\n#41 D:\\project\\client\\8\\shopp\\vendor\\filament\\filament\\src\\Http\\Middleware\\DisableBladeIconComponents.php(14): Illuminate\\Pipeline\\Pipeline->{closure:{closure:Illuminate\\Pipeline\\Pipeline::carry():194}:195}(Object(Illuminate\\Http\\Request))\n#42 D:\\project\\client\\8\\shopp\\vendor\\laravel\\framework\\src\\Illuminate\\Pipeline\\Pipeline.php(219): Filament\\Http\\Middleware\\DisableBladeIconComponents->handle(Object(Illuminate\\Http\\Request), Object(Closure))\n#43 D:\\project\\client\\8\\shopp\\vendor\\laravel\\framework\\src\\Illuminate\\Routing\\Middleware\\SubstituteBindings.php(52): Illuminate\\Pipeline\\Pipeline->{closure:{closure:Illuminate\\Pipeline\\Pipeline::carry():194}:195}(Object(Illuminate\\Http\\Request))\n#44 D:\\project\\client\\8\\shopp\\vendor\\laravel\\framework\\src\\Illuminate\\Pipeline\\Pipeline.php(219): Illuminate\\Routing\\Middleware\\SubstituteBindings->handle(Object(Illuminate\\Http\\Request), Object(Closure))\n#45 D:\\project\\client\\8\\shopp\\vendor\\laravel\\framework\\src\\Illuminate\\Foundation\\Http\\Middleware\\PreventRequestForgery.php(104): Illuminate\\Pipeline\\Pipeline->{closure:{closure:Illuminate\\Pipeline\\Pipeline::carry():194}:195}(Object(Illuminate\\Http\\Request))\n#46 D:\\project\\client\\8\\shopp\\vendor\\laravel\\framework\\src\\Illuminate\\Pipeline\\Pipeline.php(219): Illuminate\\Foundation\\Http\\Middleware\\PreventRequestForgery->handle(Object(Illuminate\\Http\\Request), Object(Closure))\n#47 D:\\project\\client\\8\\shopp\\vendor\\laravel\\framework\\src\\Illuminate\\Session\\Middleware\\AuthenticateSession.php(48): Illuminate\\Pipeline\\Pipeline->{closure:{closure:Illuminate\\Pipeline\\Pipeline::carry():194}:195}(Object(Illuminate\\Http\\Request))\n#48 D:\\project\\client\\8\\shopp\\vendor\\laravel\\framework\\src\\Illuminate\\Pipeline\\Pipeline.php(219): Illuminate\\Session\\Middleware\\AuthenticateSession->handle(Object(Illuminate\\Http\\Request), Object(Closure))\n#49 D:\\project\\client\\8\\shopp\\vendor\\laravel\\framework\\src\\Illuminate\\View\\Middleware\\ShareErrorsFromSession.php(48): Illuminate\\Pipeline\\Pipeline->{closure:{closure:Illuminate\\Pipeline\\Pipeline::carry():194}:195}(Object(Illuminate\\Http\\Request))\n#50 D:\\project\\client\\8\\shopp\\vendor\\laravel\\framework\\src\\Illuminate\\Pipeline\\Pipeline.php(219): Illuminate\\View\\Middleware\\ShareErrorsFromSession->handle(Object(Illuminate\\Http\\Request), Object(Closure))\n#51 D:\\project\\client\\8\\shopp\\vendor\\laravel\\framework\\src\\Illuminate\\Session\\Middleware\\StartSession.php(120): Illuminate\\Pipeline\\Pipeline->{closure:{closure:Illuminate\\Pipeline\\Pipeline::carry():194}:195}(Object(Illuminate\\Http\\Request))\n#52 D:\\project\\client\\8\\shopp\\vendor\\laravel\\framework\\src\\Illuminate\\Session\\Middleware\\StartSession.php(63): Illuminate\\Session\\Middleware\\StartSession->handleStatefulRequest(Object(Illuminate\\Http\\Request), Object(Illuminate\\Session\\Store), Object(Closure))\n#53 D:\\project\\client\\8\\shopp\\vendor\\laravel\\framework\\src\\Illuminate\\Pipeline\\Pipeline.php(219): Illuminate\\Session\\Middleware\\StartSession->handle(Object(Illuminate\\Http\\Request), Object(Closure))\n#54 D:\\project\\client\\8\\shopp\\vendor\\laravel\\framework\\src\\Illuminate\\Cookie\\Middleware\\AddQueuedCookiesToResponse.php(36): Illuminate\\Pipeline\\Pipeline->{closure:{closure:Illuminate\\Pipeline\\Pipeline::carry():194}:195}(Object(Illuminate\\Http\\Request))\n#55 D:\\project\\client\\8\\shopp\\vendor\\laravel\\framework\\src\\Illuminate\\Pipeline\\Pipeline.php(219): Illuminate\\Cookie\\Middleware\\AddQueuedCookiesToResponse->handle(Object(Illuminate\\Http\\Request), Object(Closure))\n#56 D:\\project\\client\\8\\shopp\\vendor\\laravel\\framework\\src\\Illuminate\\Cookie\\Middleware\\EncryptCookies.php(74): Illuminate\\Pipeline\\Pipeline->{closure:{closure:Illuminate\\Pipeline\\Pipeline::carry():194}:195}(Object(Illuminate\\Http\\Request))\n#57 D:\\project\\client\\8\\shopp\\vendor\\laravel\\framework\\src\\Illuminate\\Pipeline\\Pipeline.php(219): Illuminate\\Cookie\\Middleware\\EncryptCookies->handle(Object(Illuminate\\Http\\Request), Object(Closure))\n#58 D:\\project\\client\\8\\shopp\\vendor\\filament\\filament\\src\\Http\\Middleware\\SetUpPanel.php(19): Illuminate\\Pipeline\\Pipeline->{closure:{closure:Illuminate\\Pipeline\\Pipeline::carry():194}:195}(Object(Illuminate\\Http\\Request))\n#59 D:\\project\\client\\8\\shopp\\vendor\\laravel\\framework\\src\\Illuminate\\Pipeline\\Pipeline.php(219): Filament\\Http\\Middleware\\SetUpPanel->handle(Object(Illuminate\\Http\\Request), Object(Closure), Object(Filament\\Panel))\n#60 D:\\project\\client\\8\\shopp\\vendor\\laravel\\framework\\src\\Illuminate\\Pipeline\\Pipeline.php(137): Illuminate\\Pipeline\\Pipeline->{closure:{closure:Illuminate\\Pipeline\\Pipeline::carry():194}:195}(Object(Illuminate\\Http\\Request))\n#61 D:\\project\\client\\8\\shopp\\vendor\\laravel\\framework\\src\\Illuminate\\Routing\\Router.php(821): Illuminate\\Pipeline\\Pipeline->then(Object(Closure))\n#62 D:\\project\\client\\8\\shopp\\vendor\\laravel\\framework\\src\\Illuminate\\Routing\\Router.php(800): Illuminate\\Routing\\Router->runRouteWithinStack(Object(Illuminate\\Routing\\Route), Object(Illuminate\\Http\\Request))\n#63 D:\\project\\client\\8\\shopp\\vendor\\laravel\\framework\\src\\Illuminate\\Routing\\Router.php(764): Illuminate\\Routing\\Router->runRoute(Object(Illuminate\\Http\\Request), Object(Illuminate\\Routing\\Route))\n#64 D:\\project\\client\\8\\shopp\\vendor\\laravel\\framework\\src\\Illuminate\\Routing\\Router.php(753): Illuminate\\Routing\\Router->dispatchToRoute(Object(Illuminate\\Http\\Request))\n#65 D:\\project\\client\\8\\shopp\\vendor\\laravel\\framework\\src\\Illuminate\\Foundation\\Http\\Kernel.php(200): Illuminate\\Routing\\Router->dispatch(Object(Illuminate\\Http\\Request))\n#66 D:\\project\\client\\8\\shopp\\vendor\\laravel\\framework\\src\\Illuminate\\Pipeline\\Pipeline.php(180): Illuminate\\Foundation\\Http\\Kernel->{closure:Illuminate\\Foundation\\Http\\Kernel::dispatchToRouter():197}(Object(Illuminate\\Http\\Request))\n#67 D:\\project\\client\\8\\shopp\\vendor\\livewire\\livewire\\src\\Features\\SupportDisablingBackButtonCache\\DisableBackButtonCacheMiddleware.php(19): Illuminate\\Pipeline\\Pipeline->{closure:Illuminate\\Pipeline\\Pipeline::prepareDestination():178}(Object(Illuminate\\Http\\Request))\n#68 D:\\project\\client\\8\\shopp\\vendor\\laravel\\framework\\src\\Illuminate\\Pipeline\\Pipeline.php(219): Livewire\\Features\\SupportDisablingBackButtonCache\\DisableBackButtonCacheMiddleware->handle(Object(Illuminate\\Http\\Request), Object(Closure))\n#69 D:\\project\\client\\8\\shopp\\vendor\\inertiajs\\inertia-laravel\\src\\Middleware\\EnsureGetOnRedirect.php(19): Illuminate\\Pipeline\\Pipeline->{closure:{closure:Illuminate\\Pipeline\\Pipeline::carry():194}:195}(Object(Illuminate\\Http\\Request))\n#70 D:\\project\\client\\8\\shopp\\vendor\\laravel\\framework\\src\\Illuminate\\Pipeline\\Pipeline.php(219): Inertia\\Middleware\\EnsureGetOnRedirect->handle(Object(Illuminate\\Http\\Request), Object(Closure))\n#71 D:\\project\\client\\8\\shopp\\vendor\\laravel\\framework\\src\\Illuminate\\Foundation\\Http\\Middleware\\TransformsRequest.php(21): Illuminate\\Pipeline\\Pipeline->{closure:{closure:Illuminate\\Pipeline\\Pipeline::carry():194}:195}(Object(Illuminate\\Http\\Request))\n#72 D:\\project\\client\\8\\shopp\\vendor\\laravel\\framework\\src\\Illuminate\\Foundation\\Http\\Middleware\\ConvertEmptyStringsToNull.php(31): Illuminate\\Foundation\\Http\\Middleware\\TransformsRequest->handle(Object(Illuminate\\Http\\Request), Object(Closure))\n#73 D:\\project\\client\\8\\shopp\\vendor\\laravel\\framework\\src\\Illuminate\\Pipeline\\Pipeline.php(219): Illuminate\\Foundation\\Http\\Middleware\\ConvertEmptyStringsToNull->handle(Object(Illuminate\\Http\\Request), Object(Closure))\n#74 D:\\project\\client\\8\\shopp\\vendor\\laravel\\framework\\src\\Illuminate\\Foundation\\Http\\Middleware\\TransformsRequest.php(21): Illuminate\\Pipeline\\Pipeline->{closure:{closure:Illuminate\\Pipeline\\Pipeline::carry():194}:195}(Object(Illuminate\\Http\\Request))\n#75 D:\\project\\client\\8\\shopp\\vendor\\laravel\\framework\\src\\Illuminate\\Foundation\\Http\\Middleware\\TrimStrings.php(51): Illuminate\\Foundation\\Http\\Middleware\\TransformsRequest->handle(Object(Illuminate\\Http\\Request), Object(Closure))\n#76 D:\\project\\client\\8\\shopp\\vendor\\laravel\\framework\\src\\Illuminate\\Pipeline\\Pipeline.php(219): Illuminate\\Foundation\\Http\\Middleware\\TrimStrings->handle(Object(Illuminate\\Http\\Request), Object(Closure))\n#77 D:\\project\\client\\8\\shopp\\vendor\\laravel\\framework\\src\\Illuminate\\Http\\Middleware\\ValidatePostSize.php(27): Illuminate\\Pipeline\\Pipeline->{closure:{closure:Illuminate\\Pipeline\\Pipeline::carry():194}:195}(Object(Illuminate\\Http\\Request))\n#78 D:\\project\\client\\8\\shopp\\vendor\\laravel\\framework\\src\\Illuminate\\Pipeline\\Pipeline.php(219): Illuminate\\Http\\Middleware\\ValidatePostSize->handle(Object(Illuminate\\Http\\Request), Object(Closure))\n#79 D:\\project\\client\\8\\shopp\\vendor\\laravel\\framework\\src\\Illuminate\\Foundation\\Http\\Middleware\\PreventRequestsDuringMaintenance.php(109): Illuminate\\Pipeline\\Pipeline->{closure:{closure:Illuminate\\Pipeline\\Pipeline::carry():194}:195}(Object(Illuminate\\Http\\Request))\n#80 D:\\project\\client\\8\\shopp\\vendor\\laravel\\framework\\src\\Illuminate\\Pipeline\\Pipeline.php(219): Illuminate\\Foundation\\Http\\Middleware\\PreventRequestsDuringMaintenance->handle(Object(Illuminate\\Http\\Request), Object(Closure))\n#81 D:\\project\\client\\8\\shopp\\vendor\\laravel\\framework\\src\\Illuminate\\Http\\Middleware\\HandleCors.php(61): Illuminate\\Pipeline\\Pipeline->{closure:{closure:Illuminate\\Pipeline\\Pipeline::carry():194}:195}(Object(Illuminate\\Http\\Request))\n#82 D:\\project\\client\\8\\shopp\\vendor\\laravel\\framework\\src\\Illuminate\\Pipeline\\Pipeline.php(219): Illuminate\\Http\\Middleware\\HandleCors->handle(Object(Illuminate\\Http\\Request), Object(Closure))\n#83 D:\\project\\client\\8\\shopp\\vendor\\laravel\\framework\\src\\Illuminate\\Http\\Middleware\\TrustProxies.php(58): Illuminate\\Pipeline\\Pipeline->{closure:{closure:Illuminate\\Pipeline\\Pipeline::carry():194}:195}(Object(Illuminate\\Http\\Request))\n#84 D:\\project\\client\\8\\shopp\\vendor\\laravel\\framework\\src\\Illuminate\\Pipeline\\Pipeline.php(219): Illuminate\\Http\\Middleware\\TrustProxies->handle(Object(Illuminate\\Http\\Request), Object(Closure))\n#85 D:\\project\\client\\8\\shopp\\vendor\\laravel\\framework\\src\\Illuminate\\Foundation\\Http\\Middleware\\InvokeDeferredCallbacks.php(22): Illuminate\\Pipeline\\Pipeline->{closure:{closure:Illuminate\\Pipeline\\Pipeline::carry():194}:195}(Object(Illuminate\\Http\\Request))\n#86 D:\\project\\client\\8\\shopp\\vendor\\laravel\\framework\\src\\Illuminate\\Pipeline\\Pipeline.php(219): Illuminate\\Foundation\\Http\\Middleware\\InvokeDeferredCallbacks->handle(Object(Illuminate\\Http\\Request), Object(Closure))\n#87 D:\\project\\client\\8\\shopp\\vendor\\laravel\\framework\\src\\Illuminate\\Http\\Middleware\\ValidatePathEncoding.php(28): Illuminate\\Pipeline\\Pipeline->{closure:{closure:Illuminate\\Pipeline\\Pipeline::carry():194}:195}(Object(Illuminate\\Http\\Request))\n#88 D:\\project\\client\\8\\shopp\\vendor\\laravel\\framework\\src\\Illuminate\\Pipeline\\Pipeline.php(219): Illuminate\\Http\\Middleware\\ValidatePathEncoding->handle(Object(Illuminate\\Http\\Request), Object(Closure))\n#89 D:\\project\\client\\8\\shopp\\vendor\\laravel\\framework\\src\\Illuminate\\Pipeline\\Pipeline.php(137): Illuminate\\Pipeline\\Pipeline->{closure:{closure:Illuminate\\Pipeline\\Pipeline::carry():194}:195}(Object(Illuminate\\Http\\Request))\n#90 D:\\project\\client\\8\\shopp\\vendor\\laravel\\framework\\src\\Illuminate\\Foundation\\Http\\Kernel.php(175): Illuminate\\Pipeline\\Pipeline->then(Object(Closure))\n#91 D:\\project\\client\\8\\shopp\\vendor\\laravel\\framework\\src\\Illuminate\\Foundation\\Http\\Kernel.php(144): Illuminate\\Foundation\\Http\\Kernel->sendRequestThroughRouter(Object(Illuminate\\Http\\Request))\n#92 D:\\project\\client\\8\\shopp\\vendor\\laravel\\framework\\src\\Illuminate\\Foundation\\Testing\\Concerns\\MakesHttpRequests.php(607): Illuminate\\Foundation\\Http\\Kernel->handle(Object(Illuminate\\Http\\Request))\n#93 D:\\project\\client\\8\\shopp\\vendor\\laravel\\framework\\src\\Illuminate\\Foundation\\Testing\\Concerns\\MakesHttpRequests.php(368): Illuminate\\Foundation\\Testing\\TestCase->call('GET', '/owner/login', Array, Array, Array, Array)\n#94 D:\\project\\client\\8\\shopp\\tests\\Feature\\Filament\\OwnerLoginLabelTest.php(8): Illuminate\\Foundation\\Testing\\TestCase->get('/owner/login')\n#95 D:\\project\\client\\8\\shopp\\vendor\\pestphp\\pest\\src\\Factories\\TestCaseMethodFactory.php(177): P\\Tests\\Feature\\Filament\\OwnerLoginLabelTest->{closure:D:\\project\\client\\8\\shopp\\tests\\Feature\\Filament\\OwnerLoginLabelTest.php:7}()\n#96 [internal function]: P\\Tests\\Feature\\Filament\\OwnerLoginLabelTest->{closure:Pest\\Factories\\TestCaseMethodFactory::getClosure():167}()\n#97 D:\\project\\client\\8\\shopp\\vendor\\pestphp\\pest\\src\\Concerns\\Testable.php(576): call_user_func_array(Object(Closure), Array)\n#98 D:\\project\\client\\8\\shopp\\vendor\\pestphp\\pest\\src\\Support\\ExceptionTrace.php(26): P\\Tests\\Feature\\Filament\\OwnerLoginLabelTest->{closure:Pest\\Concerns\\Testable::__callClosure():576}()\n#99 D:\\project\\client\\8\\shopp\\vendor\\pestphp\\pest\\src\\Concerns\\Testable.php(576): Pest\\Support\\ExceptionTrace::ensure(Object(Closure))\n#100 D:\\project\\client\\8\\shopp\\vendor\\pestphp\\pest\\src\\Concerns\\Testable.php(403): P\\Tests\\Feature\\Filament\\OwnerLoginLabelTest->__callClosure(Object(Closure), Array)\n#101 D:\\project\\client\\8\\shopp\\vendor\\pestphp\\pest\\src\\Factories\\TestCaseFactory.php(175) : eval()'d code(17): P\\Tests\\Feature\\Filament\\OwnerLoginLabelTest->__runTest(Object(Closure))\n#102 D:\\project\\client\\8\\shopp\\vendor\\phpunit\\phpunit\\src\\Framework\\TestCase.php(1310): P\\Tests\\Feature\\Filament\\OwnerLoginLabelTest->__pest_evaluable_Owner_login_panel_shows_owner_label()\n#103 D:\\project\\client\\8\\shopp\\vendor\\phpunit\\phpunit\\src\\Framework\\TestCase.php(1344): PHPUnit\\Framework\\TestCase->invokeTestMethod('__pest_evaluabl...', Array)\n#104 D:\\project\\client\\8\\shopp\\vendor\\phpunit\\phpunit\\src\\Framework\\TestCase.php(520): PHPUnit\\Framework\\TestCase->runTest()\n#105 D:\\project\\client\\8\\shopp\\vendor\\phpunit\\phpunit\\src\\Framework\\TestRunner\\TestRunner.php(99): PHPUnit\\Framework\\TestCase->runBare()\n#106 D:\\project\\client\\8\\shopp\\vendor\\phpunit\\phpunit\\src\\Framework\\TestCase.php(360): PHPUnit\\Framework\\TestRunner->run(Object(P\\Tests\\Feature\\Filament\\OwnerLoginLabelTest))\n#107 D:\\project\\client\\8\\shopp\\vendor\\phpunit\\phpunit\\src\\Framework\\TestSuite.php(374): PHPUnit\\Framework\\TestCase->run()\n#108 D:\\project\\client\\8\\shopp\\vendor\\phpunit\\phpunit\\src\\Framework\\TestSuite.php(374): PHPUnit\\Framework\\TestSuite->run()\n#109 D:\\project\\client\\8\\shopp\\vendor\\phpunit\\phpunit\\src\\TextUI\\TestRunner.php(64): PHPUnit\\Framework\\TestSuite->run()\n#110 D:\\project\\client\\8\\shopp\\vendor\\phpunit\\phpunit\\src\\TextUI\\Application.php(229): PHPUnit\\TextUI\\TestRunner->run(Object(PHPUnit\\TextUI\\Configuration\\Configuration), Object(PHPUnit\\Runner\\ResultCache\\DefaultResultCache), Object(PHPUnit\\Framework\\TestSuite))\n#111 D:\\project\\client\\8\\shopp\\vendor\\pestphp\\pest\\src\\Kernel.php(117): PHPUnit\\TextUI\\Application->run(Array)\n#112 D:\\project\\client\\8\\shopp\\vendor\\pestphp\\pest\\bin\\pest(207): Pest\\Kernel->handle(Array, Array)\n#113 D:\\project\\client\\8\\shopp\\vendor\\pestphp\\pest\\bin\\pest(215): {closure:D:\\project\\client\\8\\shopp\\vendor\\pestphp\\pest\\bin\\pest:21}()\n#114 D:\\project\\client\\8\\shopp\\vendor\\bin\\pest(119): include('D:\\\\project\\\\clie...')\n#115 {main}\n\nNext Illuminate\\View\\ViewException: Vite manifest not found at: D:\\project\\client\\8\\shopp\\public\\build/manifest.json (View: D:\\project\\client\\8\\shopp\\vendor\\filament\\filament\\resources\\views\\components\\layout\\base.blade.php) (View: D:\\project\\client\\8\\shopp\\vendor\\filament\\filament\\resources\\views\\components\\layout\\base.blade.php) in D:\\project\\client\\8\\shopp\\vendor\\laravel\\framework\\src\\Illuminate\\Foundation\\Vite.php:960\nStack trace:\n#0 D:\\project\\client\\8\\shopp\\vendor\\livewire\\livewire\\src\\Mechanisms\\ExtendBlade\\ExtendedCompilerEngine.php(58): Illuminate\\View\\Engines\\CompilerEngine->handleViewException(Object(Illuminate\\View\\ViewException), 3)\n#1 D:\\project\\client\\8\\shopp\\vendor\\laravel\\framework\\src\\Illuminate\\View\\Engines\\PhpEngine.php(59): Livewire\\Mechanisms\\ExtendBlade\\ExtendedCompilerEngine->handleViewException(Object(Illuminate\\View\\ViewException), 3)\n#2 D:\\project\\client\\8\\shopp\\vendor\\livewire\\livewire\\src\\Mechanisms\\ExtendBlade\\ExtendedCompilerEngine.php(22): Illuminate\\View\\Engines\\PhpEngine->evaluatePath('D:\\\\project\\\\clie...', Array)\n#3 D:\\project\\client\\8\\shopp\\vendor\\laravel\\framework\\src\\Illuminate\\View\\Engines\\CompilerEngine.php(76): Livewire\\Mechanisms\\ExtendBlade\\ExtendedCompilerEngine->evaluatePath('D:\\\\project\\\\clie...', Array)\n#4 D:\\project\\client\\8\\shopp\\vendor\\livewire\\livewire\\src\\Mechanisms\\ExtendBlade\\ExtendedCompilerEngine.php(10): Illuminate\\View\\Engines\\CompilerEngine->get('D:\\\\project\\\\clie...', Array)\n#5 D:\\project\\client\\8\\shopp\\vendor\\laravel\\framework\\src\\Illuminate\\View\\View.php(208): Livewire\\Mechanisms\\ExtendBlade\\ExtendedCompilerEngine->get('D:\\\\project\\\\clie...', Array)\n#6 D:\\project\\client\\8\\shopp\\vendor\\laravel\\framework\\src\\Illuminate\\View\\View.php(191): Illuminate\\View\\View->getContents()\n#7 D:\\project\\client\\8\\shopp\\vendor\\laravel\\framework\\src\\Illuminate\\View\\View.php(160): Illuminate\\View\\View->renderContents()\n#8 D:\\project\\client\\8\\shopp\\vendor\\laravel\\framework\\src\\Illuminate\\View\\Concerns\\ManagesComponents.php(103): Illuminate\\View\\View->render()\n#9 D:\\project\\client\\8\\shopp\\storage\\framework\\views\\a04ddb9e36a3b6e1da18b73a56d63cf8.php(17): Illuminate\\View\\Factory->renderComponent()\n#10 D:\\project\\client\\8\\shopp\\vendor\\laravel\\framework\\src\\Illuminate\\Filesystem\\Filesystem.php(123): require('D:\\\\project\\\\clie...')\n#11 D:\\project\\client\\8\\shopp\\vendor\\laravel\\framework\\src\\Illuminate\\Filesystem\\Filesystem.php(124): Illuminate\\Filesystem\\Filesystem::{closure:Illuminate\\Filesystem\\Filesystem::getRequire():120}()\n#12 D:\\project\\client\\8\\shopp\\vendor\\laravel\\framework\\src\\Illuminate\\View\\Engines\\PhpEngine.php(57): Illuminate\\Filesystem\\Filesystem->getRequire('D:\\\\project\\\\clie...', Array)\n#13 D:\\project\\client\\8\\shopp\\vendor\\livewire\\livewire\\src\\Mechanisms\\ExtendBlade\\ExtendedCompilerEngine.php(22): Illuminate\\View\\Engines\\PhpEngine->evaluatePath('D:\\\\project\\\\clie...', Array)\n#14 D:\\project\\client\\8\\shopp\\vendor\\laravel\\framework\\src\\Illuminate\\View\\Engines\\CompilerEngine.php(76): Livewire\\Mechanisms\\ExtendBlade\\ExtendedCompilerEngine->evaluatePath('D:\\\\project\\\\clie...', Array)\n#15 D:\\project\\client\\8\\shopp\\vendor\\livewire\\livewire\\src\\Mechanisms\\ExtendBlade\\ExtendedCompilerEngine.php(10): Illuminate\\View\\Engines\\CompilerEngine->get('D:\\\\project\\\\clie...', Array)\n#16 D:\\project\\client\\8\\shopp\\vendor\\laravel\\framework\\src\\Illuminate\\View\\View.php(208): Livewire\\Mechanisms\\ExtendBlade\\ExtendedCompilerEngine->get('D:\\\\project\\\\clie...', Array)\n#17 D:\\project\\client\\8\\shopp\\vendor\\laravel\\framework\\src\\Illuminate\\View\\View.php(191): Illuminate\\View\\View->getContents()\n#18 D:\\project\\client\\8\\shopp\\vendor\\laravel\\framework\\src\\Illuminate\\View\\View.php(160): Illuminate\\View\\View->renderContents()\n#19 D:\\project\\client\\8\\shopp\\vendor\\laravel\\framework\\src\\Illuminate\\View\\Compilers\\BladeCompiler.php(353): Illuminate\\View\\View->render()\n#20 D:\\project\\client\\8\\shopp\\vendor\\laravel\\framework\\src\\Illuminate\\Support\\Facades\\Facade.php(363): Illuminate\\View\\Compilers\\BladeCompiler::render('    <?php $layo...', Array)\n#21 D:\\project\\client\\8\\shopp\\vendor\\livewire\\livewire\\src\\Features\\SupportPageComponents\\SupportPageComponents.php(162): Illuminate\\Support\\Facades\\Facade::__callStatic('render', Array)\n#22 D:\\project\\client\\8\\shopp\\vendor\\livewire\\livewire\\src\\Features\\SupportPageComponents\\HandlesPageComponents.php(26): Livewire\\Features\\SupportPageComponents\\SupportPageComponents::renderContentsIntoLayout('<div wire:snaps...', Object(Livewire\\Features\\SupportPageComponents\\PageComponentConfig))\n#23 D:\\project\\client\\8\\shopp\\vendor\\laravel\\framework\\src\\Illuminate\\Routing\\ControllerDispatcher.php(46): Livewire\\Component->__invoke()\n#24 D:\\project\\client\\8\\shopp\\vendor\\laravel\\framework\\src\\Illuminate\\Routing\\Route.php(269): Illuminate\\Routing\\ControllerDispatcher->dispatch(Object(Illuminate\\Routing\\Route), Object(App\\Filament\\Pages\\OwnerLogin), '__invoke')\n#25 D:\\project\\client\\8\\shopp\\vendor\\laravel\\framework\\src\\Illuminate\\Routing\\Route.php(215): Illuminate\\Routing\\Route->runController()\n#26 D:\\project\\client\\8\\shopp\\vendor\\laravel\\framework\\src\\Illuminate\\Routing\\Router.php(822): Illuminate\\Routing\\Route->run()\n#27 D:\\project\\client\\8\\shopp\\vendor\\laravel\\framework\\src\\Illuminate\\Pipeline\\Pipeline.php(180): Illuminate\\Routing\\Router->{closure:Illuminate\\Routing\\Router::runRouteWithinStack():821}(Object(Illuminate\\Http\\Request))\n#28 D:\\project\\client\\8\\shopp\\vendor\\filament\\filament\\src\\Http\\Middleware\\DispatchServingFilamentEvent.php(15): Illuminate\\Pipeline\\Pipeline->{closure:Illuminate\\Pipeline\\Pipeline::prepareDestination():178}(Object(Illuminate\\Http\\Request))\n#29 D:\\project\\client\\8\\shopp\\vendor\\laravel\\framework\\src\\Illuminate\\Pipeline\\Pipeline.php(219): Filament\\Http\\Middleware\\DispatchServingFilamentEvent->handle(Object(Illuminate\\Http\\Request), Object(Closure))\n#30 D:\\project\\client\\8\\shopp\\vendor\\filament\\filament\\src\\Http\\Middleware\\DisableBladeIconComponents.php(14): Illuminate\\Pipeline\\Pipeline->{closure:{closure:Illuminate\\Pipeline\\Pipeline::carry():194}:195}(Object(Illuminate\\Http\\Request))\n#31 D:\\project\\client\\8\\shopp\\vendor\\laravel\\framework\\src\\Illuminate\\Pipeline\\Pipeline.php(219): Filament\\Http\\Middleware\\DisableBladeIconComponents->handle(Object(Illuminate\\Http\\Request), Object(Closure))\n#32 D:\\project\\client\\8\\shopp\\vendor\\laravel\\framework\\src\\Illuminate\\Routing\\Middleware\\SubstituteBindings.php(52): Illuminate\\Pipeline\\Pipeline->{closure:{closure:Illuminate\\Pipeline\\Pipeline::carry():194}:195}(Object(Illuminate\\Http\\Request))\n#33 D:\\project\\client\\8\\shopp\\vendor\\laravel\\framework\\src\\Illuminate\\Pipeline\\Pipeline.php(219): Illuminate\\Routing\\Middleware\\SubstituteBindings->handle(Object(Illuminate\\Http\\Request), Object(Closure))\n#34 D:\\project\\client\\8\\shopp\\vendor\\laravel\\framework\\src\\Illuminate\\Foundation\\Http\\Middleware\\PreventRequestForgery.php(104): Illuminate\\Pipeline\\Pipeline->{closure:{closure:Illuminate\\Pipeline\\Pipeline::carry():194}:195}(Object(Illuminate\\Http\\Request))\n#35 D:\\project\\client\\8\\shopp\\vendor\\laravel\\framework\\src\\Illuminate\\Pipeline\\Pipeline.php(219): Illuminate\\Foundation\\Http\\Middleware\\PreventRequestForgery->handle(Object(Illuminate\\Http\\Request), Object(Closure))\n#36 D:\\project\\client\\8\\shopp\\vendor\\laravel\\framework\\src\\Illuminate\\Session\\Middleware\\AuthenticateSession.php(48): Illuminate\\Pipeline\\Pipeline->{closure:{closure:Illuminate\\Pipeline\\Pipeline::carry():194}:195}(Object(Illuminate\\Http\\Request))\n#37 D:\\project\\client\\8\\shopp\\vendor\\laravel\\framework\\src\\Illuminate\\Pipeline\\Pipeline.php(219): Illuminate\\Session\\Middleware\\AuthenticateSession->handle(Object(Illuminate\\Http\\Request), Object(Closure))\n#38 D:\\project\\client\\8\\shopp\\vendor\\laravel\\framework\\src\\Illuminate\\View\\Middleware\\ShareErrorsFromSession.php(48): Illuminate\\Pipeline\\Pipeline->{closure:{closure:Illuminate\\Pipeline\\Pipeline::carry():194}:195}(Object(Illuminate\\Http\\Request))\n#39 D:\\project\\client\\8\\shopp\\vendor\\laravel\\framework\\src\\Illuminate\\Pipeline\\Pipeline.php(219): Illuminate\\View\\Middleware\\ShareErrorsFromSession->handle(Object(Illuminate\\Http\\Request), Object(Closure))\n#40 D:\\project\\client\\8\\shopp\\vendor\\laravel\\framework\\src\\Illuminate\\Session\\Middleware\\StartSession.php(120): Illuminate\\Pipeline\\Pipeline->{closure:{closure:Illuminate\\Pipeline\\Pipeline::carry():194}:195}(Object(Illuminate\\Http\\Request))\n#41 D:\\project\\client\\8\\shopp\\vendor\\laravel\\framework\\src\\Illuminate\\Session\\Middleware\\StartSession.php(63): Illuminate\\Session\\Middleware\\StartSession->handleStatefulRequest(Object(Illuminate\\Http\\Request), Object(Illuminate\\Session\\Store), Object(Closure))\n#42 D:\\project\\client\\8\\shopp\\vendor\\laravel\\framework\\src\\Illuminate\\Pipeline\\Pipeline.php(219): Illuminate\\Session\\Middleware\\StartSession->handle(Object(Illuminate\\Http\\Request), Object(Closure))\n#43 D:\\project\\client\\8\\shopp\\vendor\\laravel\\framework\\src\\Illuminate\\Cookie\\Middleware\\AddQueuedCookiesToResponse.php(36): Illuminate\\Pipeline\\Pipeline->{closure:{closure:Illuminate\\Pipeline\\Pipeline::carry():194}:195}(Object(Illuminate\\Http\\Request))\n#44 D:\\project\\client\\8\\shopp\\vendor\\laravel\\framework\\src\\Illuminate\\Pipeline\\Pipeline.php(219): Illuminate\\Cookie\\Middleware\\AddQueuedCookiesToResponse->handle(Object(Illuminate\\Http\\Request), Object(Closure))\n#45 D:\\project\\client\\8\\shopp\\vendor\\laravel\\framework\\src\\Illuminate\\Cookie\\Middleware\\EncryptCookies.php(74): Illuminate\\Pipeline\\Pipeline->{closure:{closure:Illuminate\\Pipeline\\Pipeline::carry():194}:195}(Object(Illuminate\\Http\\Request))\n#46 D:\\project\\client\\8\\shopp\\vendor\\laravel\\framework\\src\\Illuminate\\Pipeline\\Pipeline.php(219): Illuminate\\Cookie\\Middleware\\EncryptCookies->handle(Object(Illuminate\\Http\\Request), Object(Closure))\n#47 D:\\project\\client\\8\\shopp\\vendor\\filament\\filament\\src\\Http\\Middleware\\SetUpPanel.php(19): Illuminate\\Pipeline\\Pipeline->{closure:{closure:Illuminate\\Pipeline\\Pipeline::carry():194}:195}(Object(Illuminate\\Http\\Request))\n#48 D:\\project\\client\\8\\shopp\\vendor\\laravel\\framework\\src\\Illuminate\\Pipeline\\Pipeline.php(219): Filament\\Http\\Middleware\\SetUpPanel->handle(Object(Illuminate\\Http\\Request), Object(Closure), Object(Filament\\Panel))\n#49 D:\\project\\client\\8\\shopp\\vendor\\laravel\\framework\\src\\Illuminate\\Pipeline\\Pipeline.php(137): Illuminate\\Pipeline\\Pipeline->{closure:{closure:Illuminate\\Pipeline\\Pipeline::carry():194}:195}(Object(Illuminate\\Http\\Request))\n#50 D:\\project\\client\\8\\shopp\\vendor\\laravel\\framework\\src\\Illuminate\\Routing\\Router.php(821): Illuminate\\Pipeline\\Pipeline->then(Object(Closure))\n#51 D:\\project\\client\\8\\shopp\\vendor\\laravel\\framework\\src\\Illuminate\\Routing\\Router.php(800): Illuminate\\Routing\\Router->runRouteWithinStack(Object(Illuminate\\Routing\\Route), Object(Illuminate\\Http\\Request))\n#52 D:\\project\\client\\8\\shopp\\vendor\\laravel\\framework\\src\\Illuminate\\Routing\\Router.php(764): Illuminate\\Routing\\Router->runRoute(Object(Illuminate\\Http\\Request), Object(Illuminate\\Routing\\Route))\n#53 D:\\project\\client\\8\\shopp\\vendor\\laravel\\framework\\src\\Illuminate\\Routing\\Router.php(753): Illuminate\\Routing\\Router->dispatchToRoute(Object(Illuminate\\Http\\Request))\n#54 D:\\project\\client\\8\\shopp\\vendor\\laravel\\framework\\src\\Illuminate\\Foundation\\Http\\Kernel.php(200): Illuminate\\Routing\\Router->dispatch(Object(Illuminate\\Http\\Request))\n#55 D:\\project\\client\\8\\shopp\\vendor\\laravel\\framework\\src\\Illuminate\\Pipeline\\Pipeline.php(180): Illuminate\\Foundation\\Http\\Kernel->{closure:Illuminate\\Foundation\\Http\\Kernel::dispatchToRouter():197}(Object(Illuminate\\Http\\Request))\n#56 D:\\project\\client\\8\\shopp\\vendor\\livewire\\livewire\\src\\Features\\SupportDisablingBackButtonCache\\DisableBackButtonCacheMiddleware.php(19): Illuminate\\Pipeline\\Pipeline->{closure:Illuminate\\Pipeline\\Pipeline::prepareDestination():178}(Object(Illuminate\\Http\\Request))\n#57 D:\\project\\client\\8\\shopp\\vendor\\laravel\\framework\\src\\Illuminate\\Pipeline\\Pipeline.php(219): Livewire\\Features\\SupportDisablingBackButtonCache\\DisableBackButtonCacheMiddleware->handle(Object(Illuminate\\Http\\Request), Object(Closure))\n#58 D:\\project\\client\\8\\shopp\\vendor\\inertiajs\\inertia-laravel\\src\\Middleware\\EnsureGetOnRedirect.php(19): Illuminate\\Pipeline\\Pipeline->{closure:{closure:Illuminate\\Pipeline\\Pipeline::carry():194}:195}(Object(Illuminate\\Http\\Request))\n#59 D:\\project\\client\\8\\shopp\\vendor\\laravel\\framework\\src\\Illuminate\\Pipeline\\Pipeline.php(219): Inertia\\Middleware\\EnsureGetOnRedirect->handle(Object(Illuminate\\Http\\Request), Object(Closure))\n#60 D:\\project\\client\\8\\shopp\\vendor\\laravel\\framework\\src\\Illuminate\\Foundation\\Http\\Middleware\\TransformsRequest.php(21): Illuminate\\Pipeline\\Pipeline->{closure:{closure:Illuminate\\Pipeline\\Pipeline::carry():194}:195}(Object(Illuminate\\Http\\Request))\n#61 D:\\project\\client\\8\\shopp\\vendor\\laravel\\framework\\src\\Illuminate\\Foundation\\Http\\Middleware\\ConvertEmptyStringsToNull.php(31): Illuminate\\Foundation\\Http\\Middleware\\TransformsRequest->handle(Object(Illuminate\\Http\\Request), Object(Closure))\n#62 D:\\project\\client\\8\\shopp\\vendor\\laravel\\framework\\src\\Illuminate\\Pipeline\\Pipeline.php(219): Illuminate\\Foundation\\Http\\Middleware\\ConvertEmptyStringsToNull->handle(Object(Illuminate\\Http\\Request), Object(Closure))\n#63 D:\\project\\client\\8\\shopp\\vendor\\laravel\\framework\\src\\Illuminate\\Foundation\\Http\\Middleware\\TransformsRequest.php(21): Illuminate\\Pipeline\\Pipeline->{closure:{closure:Illuminate\\Pipeline\\Pipeline::carry():194}:195}(Object(Illuminate\\Http\\Request))\n#64 D:\\project\\client\\8\\shopp\\vendor\\laravel\\framework\\src\\Illuminate\\Foundation\\Http\\Middleware\\TrimStrings.php(51): Illuminate\\Foundation\\Http\\Middleware\\TransformsRequest->handle(Object(Illuminate\\Http\\Request), Object(Closure))\n#65 D:\\project\\client\\8\\shopp\\vendor\\laravel\\framework\\src\\Illuminate\\Pipeline\\Pipeline.php(219): Illuminate\\Foundation\\Http\\Middleware\\TrimStrings->handle(Object(Illuminate\\Http\\Request), Object(Closure))\n#66 D:\\project\\client\\8\\shopp\\vendor\\laravel\\framework\\src\\Illuminate\\Http\\Middleware\\ValidatePostSize.php(27): Illuminate\\Pipeline\\Pipeline->{closure:{closure:Illuminate\\Pipeline\\Pipeline::carry():194}:195}(Object(Illuminate\\Http\\Request))\n#67 D:\\project\\client\\8\\shopp\\vendor\\laravel\\framework\\src\\Illuminate\\Pipeline\\Pipeline.php(219): Illuminate\\Http\\Middleware\\ValidatePostSize->handle(Object(Illuminate\\Http\\Request), Object(Closure))\n#68 D:\\project\\client\\8\\shopp\\vendor\\laravel\\framework\\src\\Illuminate\\Foundation\\Http\\Middleware\\PreventRequestsDuringMaintenance.php(109): Illuminate\\Pipeline\\Pipeline->{closure:{closure:Illuminate\\Pipeline\\Pipeline::carry():194}:195}(Object(Illuminate\\Http\\Request))\n#69 D:\\project\\client\\8\\shopp\\vendor\\laravel\\framework\\src\\Illuminate\\Pipeline\\Pipeline.php(219): Illuminate\\Foundation\\Http\\Middleware\\PreventRequestsDuringMaintenance->handle(Object(Illuminate\\Http\\Request), Object(Closure))\n#70 D:\\project\\client\\8\\shopp\\vendor\\laravel\\framework\\src\\Illuminate\\Http\\Middleware\\HandleCors.php(61): Illuminate\\Pipeline\\Pipeline->{closure:{closure:Illuminate\\Pipeline\\Pipeline::carry():194}:195}(Object(Illuminate\\Http\\Request))\n#71 D:\\project\\client\\8\\shopp\\vendor\\laravel\\framework\\src\\Illuminate\\Pipeline\\Pipeline.php(219): Illuminate\\Http\\Middleware\\HandleCors->handle(Object(Illuminate\\Http\\Request), Object(Closure))\n#72 D:\\project\\client\\8\\shopp\\vendor\\laravel\\framework\\src\\Illuminate\\Http\\Middleware\\TrustProxies.php(58): Illuminate\\Pipeline\\Pipeline->{closure:{closure:Illuminate\\Pipeline\\Pipeline::carry():194}:195}(Object(Illuminate\\Http\\Request))\n#73 D:\\project\\client\\8\\shopp\\vendor\\laravel\\framework\\src\\Illuminate\\Pipeline\\Pipeline.php(219): Illuminate\\Http\\Middleware\\TrustProxies->handle(Object(Illuminate\\Http\\Request), Object(Closure))\n#74 D:\\project\\client\\8\\shopp\\vendor\\laravel\\framework\\src\\Illuminate\\Foundation\\Http\\Middleware\\InvokeDeferredCallbacks.php(22): Illuminate\\Pipeline\\Pipeline->{closure:{closure:Illuminate\\Pipeline\\Pipeline::carry():194}:195}(Object(Illuminate\\Http\\Request))\n#75 D:\\project\\client\\8\\shopp\\vendor\\laravel\\framework\\src\\Illuminate\\Pipeline\\Pipeline.php(219): Illuminate\\Foundation\\Http\\Middleware\\InvokeDeferredCallbacks->handle(Object(Illuminate\\Http\\Request), Object(Closure))\n#76 D:\\project\\client\\8\\shopp\\vendor\\laravel\\framework\\src\\Illuminate\\Http\\Middleware\\ValidatePathEncoding.php(28): Illuminate\\Pipeline\\Pipeline->{closure:{closure:Illuminate\\Pipeline\\Pipeline::carry():194}:195}(Object(Illuminate\\Http\\Request))\n#77 D:\\project\\client\\8\\shopp\\vendor\\laravel\\framework\\src\\Illuminate\\Pipeline\\Pipeline.php(219): Illuminate\\Http\\Middleware\\ValidatePathEncoding->handle(Object(Illuminate\\Http\\Request), Object(Closure))\n#78 D:\\project\\client\\8\\shopp\\vendor\\laravel\\framework\\src\\Illuminate\\Pipeline\\Pipeline.php(137): Illuminate\\Pipeline\\Pipeline->{closure:{closure:Illuminate\\Pipeline\\Pipeline::carry():194}:195}(Object(Illuminate\\Http\\Request))\n#79 D:\\project\\client\\8\\shopp\\vendor\\laravel\\framework\\src\\Illuminate\\Foundation\\Http\\Kernel.php(175): Illuminate\\Pipeline\\Pipeline->then(Object(Closure))\n#80 D:\\project\\client\\8\\shopp\\vendor\\laravel\\framework\\src\\Illuminate\\Foundation\\Http\\Kernel.php(144): Illuminate\\Foundation\\Http\\Kernel->sendRequestThroughRouter(Object(Illuminate\\Http\\Request))\n#81 D:\\project\\client\\8\\shopp\\vendor\\laravel\\framework\\src\\Illuminate\\Foundation\\Testing\\Concerns\\MakesHttpRequests.php(607): Illuminate\\Foundation\\Http\\Kernel->handle(Object(Illuminate\\Http\\Request))\n#82 D:\\project\\client\\8\\shopp\\vendor\\laravel\\framework\\src\\Illuminate\\Foundation\\Testing\\Concerns\\MakesHttpRequests.php(368): Illuminate\\Foundation\\Testing\\TestCase->call('GET', '/owner/login', Array, Array, Array, Array)\n#83 D:\\project\\client\\8\\shopp\\tests\\Feature\\Filament\\OwnerLoginLabelTest.php(8): Illuminate\\Foundation\\Testing\\TestCase->get('/owner/login')\n#84 D:\\project\\client\\8\\shopp\\vendor\\pestphp\\pest\\src\\Factories\\TestCaseMethodFactory.php(177): P\\Tests\\Feature\\Filament\\OwnerLoginLabelTest->{closure:D:\\project\\client\\8\\shopp\\tests\\Feature\\Filament\\OwnerLoginLabelTest.php:7}()\n#85 [internal function]: P\\Tests\\Feature\\Filament\\OwnerLoginLabelTest->{closure:Pest\\Factories\\TestCaseMethodFactory::getClosure():167}()\n#86 D:\\project\\client\\8\\shopp\\vendor\\pestphp\\pest\\src\\Concerns\\Testable.php(576): call_user_func_array(Object(Closure), Array)\n#87 D:\\project\\client\\8\\shopp\\vendor\\pestphp\\pest\\src\\Support\\ExceptionTrace.php(26): P\\Tests\\Feature\\Filament\\OwnerLoginLabelTest->{closure:Pest\\Concerns\\Testable::__callClosure():576}()\n#88 D:\\project\\client\\8\\shopp\\vendor\\pestphp\\pest\\src\\Concerns\\Testable.php(576): Pest\\Support\\ExceptionTrace::ensure(Object(Closure))\n#89 D:\\project\\client\\8\\shopp\\vendor\\pestphp\\pest\\src\\Concerns\\Testable.php(403): P\\Tests\\Feature\\Filament\\OwnerLoginLabelTest->__callClosure(Object(Closure), Array)\n#90 D:\\project\\client\\8\\shopp\\vendor\\pestphp\\pest\\src\\Factories\\TestCaseFactory.php(175) : eval()'d code(17): P\\Tests\\Feature\\Filament\\OwnerLoginLabelTest->__runTest(Object(Closure))\n#91 D:\\project\\client\\8\\shopp\\vendor\\phpunit\\phpunit\\src\\Framework\\TestCase.php(1310): P\\Tests\\Feature\\Filament\\OwnerLoginLabelTest->__pest_evaluable_Owner_login_panel_shows_owner_label()\n#92 D:\\project\\client\\8\\shopp\\vendor\\phpunit\\phpunit\\src\\Framework\\TestCase.php(1344): PHPUnit\\Framework\\TestCase->invokeTestMethod('__pest_evaluabl...', Array)\n#93 D:\\project\\client\\8\\shopp\\vendor\\phpunit\\phpunit\\src\\Framework\\TestCase.php(520): PHPUnit\\Framework\\TestCase->runTest()\n#94 D:\\project\\client\\8\\shopp\\vendor\\phpunit\\phpunit\\src\\Framework\\TestRunner\\TestRunner.php(99): PHPUnit\\Framework\\TestCase->runBare()\n#95 D:\\project\\client\\8\\shopp\\vendor\\phpunit\\phpunit\\src\\Framework\\TestCase.php(360): PHPUnit\\Framework\\TestRunner->run(Object(P\\Tests\\Feature\\Filament\\OwnerLoginLabelTest))\n#96 D:\\project\\client\\8\\shopp\\vendor\\phpunit\\phpunit\\src\\Framework\\TestSuite.php(374): PHPUnit\\Framework\\TestCase->run()\n#97 D:\\project\\client\\8\\shopp\\vendor\\phpunit\\phpunit\\src\\Framework\\TestSuite.php(374): PHPUnit\\Framework\\TestSuite->run()\n#98 D:\\project\\client\\8\\shopp\\vendor\\phpunit\\phpunit\\src\\TextUI\\TestRunner.php(64): PHPUnit\\Framework\\TestSuite->run()\n#99 D:\\project\\client\\8\\shopp\\vendor\\phpunit\\phpunit\\src\\TextUI\\Application.php(229): PHPUnit\\TextUI\\TestRunner->run(Object(PHPUnit\\TextUI\\Configuration\\Configuration), Object(PHPUnit\\Runner\\ResultCache\\DefaultResultCache), Object(PHPUnit\\Framework\\TestSuite))\n#100 D:\\project\\client\\8\\shopp\\vendor\\pestphp\\pest\\src\\Kernel.php(117): PHPUnit\\TextUI\\Application->run(Array)\n#101 D:\\project\\client\\8\\shopp\\vendor\\pestphp\\pest\\bin\\pest(207): Pest\\Kernel->handle(Array, Array)\n#102 D:\\project\\client\\8\\shopp\\vendor\\pestphp\\pest\\bin\\pest(215): {closure:D:\\project\\client\\8\\shopp\\vendor\\pestphp\\pest\\bin\\pest:21}()\n#103 D:\\project\\client\\8\\shopp\\vendor\\bin\\pest(119): include('D:\\\\project\\\\clie...')\n#104 {main}\n\nNext Illuminate\\View\\ViewException: Vite manifest not found at: D:\\project\\client\\8\\shopp\\public\\build/manifest.json (View: D:\\project\\client\\8\\shopp\\vendor\\filament\\filament\\resources\\views\\components\\layout\\base.blade.php) (View: D:\\project\\client\\8\\shopp\\vendor\\filament\\filament\\resources\\views\\components\\layout\\base.blade.php) (View: D:\\project\\client\\8\\shopp\\vendor\\filament\\filament\\resources\\views\\components\\layout\\base.blade.php) in D:\\project\\client\\8\\shopp\\vendor\\laravel\\framework\\src\\Illuminate\\Foundation\\Vite.php:960\nStack trace:\n#0 D:\\project\\client\\8\\shopp\\vendor\\livewire\\livewire\\src\\Mechanisms\\ExtendBlade\\ExtendedCompilerEngine.php(58): Illuminate\\View\\Engines\\CompilerEngine->handleViewException(Object(Illuminate\\View\\ViewException), 2)\n#1 D:\\project\\client\\8\\shopp\\vendor\\laravel\\framework\\src\\Illuminate\\View\\Engines\\PhpEngine.php(59): Livewire\\Mechanisms\\ExtendBlade\\ExtendedCompilerEngine->handleViewException(Object(Illuminate\\View\\ViewException), 2)\n#2 D:\\project\\client\\8\\shopp\\vendor\\livewire\\livewire\\src\\Mechanisms\\ExtendBlade\\ExtendedCompilerEngine.php(22): Illuminate\\View\\Engines\\PhpEngine->evaluatePath('D:\\\\project\\\\clie...', Array)\n#3 D:\\project\\client\\8\\shopp\\vendor\\laravel\\framework\\src\\Illuminate\\View\\Engines\\CompilerEngine.php(76): Livewire\\Mechanisms\\ExtendBlade\\ExtendedCompilerEngine->evaluatePath('D:\\\\project\\\\clie...', Array)\n#4 D:\\project\\client\\8\\shopp\\vendor\\livewire\\livewire\\src\\Mechanisms\\ExtendBlade\\ExtendedCompilerEngine.php(10): Illuminate\\View\\Engines\\CompilerEngine->get('D:\\\\project\\\\clie...', Array)\n#5 D:\\project\\client\\8\\shopp\\vendor\\laravel\\framework\\src\\Illuminate\\View\\View.php(208): Livewire\\Mechanisms\\ExtendBlade\\ExtendedCompilerEngine->get('D:\\\\project\\\\clie...', Array)\n#6 D:\\project\\client\\8\\shopp\\vendor\\laravel\\framework\\src\\Illuminate\\View\\View.php(191): Illuminate\\View\\View->getContents()\n#7 D:\\project\\client\\8\\shopp\\vendor\\laravel\\framework\\src\\Illuminate\\View\\View.php(160): Illuminate\\View\\View->renderContents()\n#8 D:\\project\\client\\8\\shopp\\vendor\\laravel\\framework\\src\\Illuminate\\View\\Compilers\\BladeCompiler.php(353): Illuminate\\View\\View->render()\n#9 D:\\project\\client\\8\\shopp\\vendor\\laravel\\framework\\src\\Illuminate\\Support\\Facades\\Facade.php(363): Illuminate\\View\\Compilers\\BladeCompiler::render('    <?php $layo...', Array)\n#10 D:\\project\\client\\8\\shopp\\vendor\\livewire\\livewire\\src\\Features\\SupportPageComponents\\SupportPageComponents.php(162): Illuminate\\Support\\Facades\\Facade::__callStatic('render', Array)\n#11 D:\\project\\client\\8\\shopp\\vendor\\livewire\\livewire\\src\\Features\\SupportPageComponents\\HandlesPageComponents.php(26): Livewire\\Features\\SupportPageComponents\\SupportPageComponents::renderContentsIntoLayout('<div wire:snaps...', Object(Livewire\\Features\\SupportPageComponents\\PageComponentConfig))\n#12 D:\\project\\client\\8\\shopp\\vendor\\laravel\\framework\\src\\Illuminate\\Routing\\ControllerDispatcher.php(46): Livewire\\Component->__invoke()\n#13 D:\\project\\client\\8\\shopp\\vendor\\laravel\\framework\\src\\Illuminate\\Routing\\Route.php(269): Illuminate\\Routing\\ControllerDispatcher->dispatch(Object(Illuminate\\Routing\\Route), Object(App\\Filament\\Pages\\OwnerLogin), '__invoke')\n#14 D:\\project\\client\\8\\shopp\\vendor\\laravel\\framework\\src\\Illuminate\\Routing\\Route.php(215): Illuminate\\Routing\\Route->runController()\n#15 D:\\project\\client\\8\\shopp\\vendor\\laravel\\framework\\src\\Illuminate\\Routing\\Router.php(822): Illuminate\\Routing\\Route->run()\n#16 D:\\project\\client\\8\\shopp\\vendor\\laravel\\framework\\src\\Illuminate\\Pipeline\\Pipeline.php(180): Illuminate\\Routing\\Router->{closure:Illuminate\\Routing\\Router::runRouteWithinStack():821}(Object(Illuminate\\Http\\Request))\n#17 D:\\project\\client\\8\\shopp\\vendor\\filament\\filament\\src\\Http\\Middleware\\DispatchServingFilamentEvent.php(15): Illuminate\\Pipeline\\Pipeline->{closure:Illuminate\\Pipeline\\Pipeline::prepareDestination():178}(Object(Illuminate\\Http\\Request))\n#18 D:\\project\\client\\8\\shopp\\vendor\\laravel\\framework\\src\\Illuminate\\Pipeline\\Pipeline.php(219): Filament\\Http\\Middleware\\DispatchServingFilamentEvent->handle(Object(Illuminate\\Http\\Request), Object(Closure))\n#19 D:\\project\\client\\8\\shopp\\vendor\\filament\\filament\\src\\Http\\Middleware\\DisableBladeIconComponents.php(14): Illuminate\\Pipeline\\Pipeline->{closure:{closure:Illuminate\\Pipeline\\Pipeline::carry():194}:195}(Object(Illuminate\\Http\\Request))\n#20 D:\\project\\client\\8\\shopp\\vendor\\laravel\\framework\\src\\Illuminate\\Pipeline\\Pipeline.php(219): Filament\\Http\\Middleware\\DisableBladeIconComponents->handle(Object(Illuminate\\Http\\Request), Object(Closure))\n#21 D:\\project\\client\\8\\shopp\\vendor\\laravel\\framework\\src\\Illuminate\\Routing\\Middleware\\SubstituteBindings.php(52): Illuminate\\Pipeline\\Pipeline->{closure:{closure:Illuminate\\Pipeline\\Pipeline::carry():194}:195}(Object(Illuminate\\Http\\Request))\n#22 D:\\project\\client\\8\\shopp\\vendor\\laravel\\framework\\src\\Illuminate\\Pipeline\\Pipeline.php(219): Illuminate\\Routing\\Middleware\\SubstituteBindings->handle(Object(Illuminate\\Http\\Request), Object(Closure))\n#23 D:\\project\\client\\8\\shopp\\vendor\\laravel\\framework\\src\\Illuminate\\Foundation\\Http\\Middleware\\PreventRequestForgery.php(104): Illuminate\\Pipeline\\Pipeline->{closure:{closure:Illuminate\\Pipeline\\Pipeline::carry():194}:195}(Object(Illuminate\\Http\\Request))\n#24 D:\\project\\client\\8\\shopp\\vendor\\laravel\\framework\\src\\Illuminate\\Pipeline\\Pipeline.php(219): Illuminate\\Foundation\\Http\\Middleware\\PreventRequestForgery->handle(Object(Illuminate\\Http\\Request), Object(Closure))\n#25 D:\\project\\client\\8\\shopp\\vendor\\laravel\\framework\\src\\Illuminate\\Session\\Middleware\\AuthenticateSession.php(48): Illuminate\\Pipeline\\Pipeline->{closure:{closure:Illuminate\\Pipeline\\Pipeline::carry():194}:195}(Object(Illuminate\\Http\\Request))\n#26 D:\\project\\client\\8\\shopp\\vendor\\laravel\\framework\\src\\Illuminate\\Pipeline\\Pipeline.php(219): Illuminate\\Session\\Middleware\\AuthenticateSession->handle(Object(Illuminate\\Http\\Request), Object(Closure))\n#27 D:\\project\\client\\8\\shopp\\vendor\\laravel\\framework\\src\\Illuminate\\View\\Middleware\\ShareErrorsFromSession.php(48): Illuminate\\Pipeline\\Pipeline->{closure:{closure:Illuminate\\Pipeline\\Pipeline::carry():194}:195}(Object(Illuminate\\Http\\Request))\n#28 D:\\project\\client\\8\\shopp\\vendor\\laravel\\framework\\src\\Illuminate\\Pipeline\\Pipeline.php(219): Illuminate\\View\\Middleware\\ShareErrorsFromSession->handle(Object(Illuminate\\Http\\Request), Object(Closure))\n#29 D:\\project\\client\\8\\shopp\\vendor\\laravel\\framework\\src\\Illuminate\\Session\\Middleware\\StartSession.php(120): Illuminate\\Pipeline\\Pipeline->{closure:{closure:Illuminate\\Pipeline\\Pipeline::carry():194}:195}(Object(Illuminate\\Http\\Request))\n#30 D:\\project\\client\\8\\shopp\\vendor\\laravel\\framework\\src\\Illuminate\\Session\\Middleware\\StartSession.php(63): Illuminate\\Session\\Middleware\\StartSession->handleStatefulRequest(Object(Illuminate\\Http\\Request), Object(Illuminate\\Session\\Store), Object(Closure))\n#31 D:\\project\\client\\8\\shopp\\vendor\\laravel\\framework\\src\\Illuminate\\Pipeline\\Pipeline.php(219): Illuminate\\Session\\Middleware\\StartSession->handle(Object(Illuminate\\Http\\Request), Object(Closure))\n#32 D:\\project\\client\\8\\shopp\\vendor\\laravel\\framework\\src\\Illuminate\\Cookie\\Middleware\\AddQueuedCookiesToResponse.php(36): Illuminate\\Pipeline\\Pipeline->{closure:{closure:Illuminate\\Pipeline\\Pipeline::carry():194}:195}(Object(Illuminate\\Http\\Request))\n#33 D:\\project\\client\\8\\shopp\\vendor\\laravel\\framework\\src\\Illuminate\\Pipeline\\Pipeline.php(219): Illuminate\\Cookie\\Middleware\\AddQueuedCookiesToResponse->handle(Object(Illuminate\\Http\\Request), Object(Closure))\n#34 D:\\project\\client\\8\\shopp\\vendor\\laravel\\framework\\src\\Illuminate\\Cookie\\Middleware\\EncryptCookies.php(74): Illuminate\\Pipeline\\Pipeline->{closure:{closure:Illuminate\\Pipeline\\Pipeline::carry():194}:195}(Object(Illuminate\\Http\\Request))\n#35 D:\\project\\client\\8\\shopp\\vendor\\laravel\\framework\\src\\Illuminate\\Pipeline\\Pipeline.php(219): Illuminate\\Cookie\\Middleware\\EncryptCookies->handle(Object(Illuminate\\Http\\Request), Object(Closure))\n#36 D:\\project\\client\\8\\shopp\\vendor\\filament\\filament\\src\\Http\\Middleware\\SetUpPanel.php(19): Illuminate\\Pipeline\\Pipeline->{closure:{closure:Illuminate\\Pipeline\\Pipeline::carry():194}:195}(Object(Illuminate\\Http\\Request))\n#37 D:\\project\\client\\8\\shopp\\vendor\\laravel\\framework\\src\\Illuminate\\Pipeline\\Pipeline.php(219): Filament\\Http\\Middleware\\SetUpPanel->handle(Object(Illuminate\\Http\\Request), Object(Closure), Object(Filament\\Panel))\n#38 D:\\project\\client\\8\\shopp\\vendor\\laravel\\framework\\src\\Illuminate\\Pipeline\\Pipeline.php(137): Illuminate\\Pipeline\\Pipeline->{closure:{closure:Illuminate\\Pipeline\\Pipeline::carry():194}:195}(Object(Illuminate\\Http\\Request))\n#39 D:\\project\\client\\8\\shopp\\vendor\\laravel\\framework\\src\\Illuminate\\Routing\\Router.php(821): Illuminate\\Pipeline\\Pipeline->then(Object(Closure))\n#40 D:\\project\\client\\8\\shopp\\vendor\\laravel\\framework\\src\\Illuminate\\Routing\\Router.php(800): Illuminate\\Routing\\Router->runRouteWithinStack(Object(Illuminate\\Routing\\Route), Object(Illuminate\\Http\\Request))\n#41 D:\\project\\client\\8\\shopp\\vendor\\laravel\\framework\\src\\Illuminate\\Routing\\Router.php(764): Illuminate\\Routing\\Router->runRoute(Object(Illuminate\\Http\\Request), Object(Illuminate\\Routing\\Route))\n#42 D:\\project\\client\\8\\shopp\\vendor\\laravel\\framework\\src\\Illuminate\\Routing\\Router.php(753): Illuminate\\Routing\\Router->dispatchToRoute(Object(Illuminate\\Http\\Request))\n#43 D:\\project\\client\\8\\shopp\\vendor\\laravel\\framework\\src\\Illuminate\\Foundation\\Http\\Kernel.php(200): Illuminate\\Routing\\Router->dispatch(Object(Illuminate\\Http\\Request))\n#44 D:\\project\\client\\8\\shopp\\vendor\\laravel\\framework\\src\\Illuminate\\Pipeline\\Pipeline.php(180): Illuminate\\Foundation\\Http\\Kernel->{closure:Illuminate\\Foundation\\Http\\Kernel::dispatchToRouter():197}(Object(Illuminate\\Http\\Request))\n#45 D:\\project\\client\\8\\shopp\\vendor\\livewire\\livewire\\src\\Features\\SupportDisablingBackButtonCache\\DisableBackButtonCacheMiddleware.php(19): Illuminate\\Pipeline\\Pipeline->{closure:Illuminate\\Pipeline\\Pipeline::prepareDestination():178}(Object(Illuminate\\Http\\Request))\n#46 D:\\project\\client\\8\\shopp\\vendor\\laravel\\framework\\src\\Illuminate\\Pipeline\\Pipeline.php(219): Livewire\\Features\\SupportDisablingBackButtonCache\\DisableBackButtonCacheMiddleware->handle(Object(Illuminate\\Http\\Request), Object(Closure))\n#47 D:\\project\\client\\8\\shopp\\vendor\\inertiajs\\inertia-laravel\\src\\Middleware\\EnsureGetOnRedirect.php(19): Illuminate\\Pipeline\\Pipeline->{closure:{closure:Illuminate\\Pipeline\\Pipeline::carry():194}:195}(Object(Illuminate\\Http\\Request))\n#48 D:\\project\\client\\8\\shopp\\vendor\\laravel\\framework\\src\\Illuminate\\Pipeline\\Pipeline.php(219): Inertia\\Middleware\\EnsureGetOnRedirect->handle(Object(Illuminate\\Http\\Request), Object(Closure))\n#49 D:\\project\\client\\8\\shopp\\vendor\\laravel\\framework\\src\\Illuminate\\Foundation\\Http\\Middleware\\TransformsRequest.php(21): Illuminate\\Pipeline\\Pipeline->{closure:{closure:Illuminate\\Pipeline\\Pipeline::carry():194}:195}(Object(Illuminate\\Http\\Request))\n#50 D:\\project\\client\\8\\shopp\\vendor\\laravel\\framework\\src\\Illuminate\\Foundation\\Http\\Middleware\\ConvertEmptyStringsToNull.php(31): Illuminate\\Foundation\\Http\\Middleware\\TransformsRequest->handle(Object(Illuminate\\Http\\Request), Object(Closure))\n#51 D:\\project\\client\\8\\shopp\\vendor\\laravel\\framework\\src\\Illuminate\\Pipeline\\Pipeline.php(219): Illuminate\\Foundation\\Http\\Middleware\\ConvertEmptyStringsToNull->handle(Object(Illuminate\\Http\\Request), Object(Closure))\n#52 D:\\project\\client\\8\\shopp\\vendor\\laravel\\framework\\src\\Illuminate\\Foundation\\Http\\Middleware\\TransformsRequest.php(21): Illuminate\\Pipeline\\Pipeline->{closure:{closure:Illuminate\\Pipeline\\Pipeline::carry():194}:195}(Object(Illuminate\\Http\\Request))\n#53 D:\\project\\client\\8\\shopp\\vendor\\laravel\\framework\\src\\Illuminate\\Foundation\\Http\\Middleware\\TrimStrings.php(51): Illuminate\\Foundation\\Http\\Middleware\\TransformsRequest->handle(Object(Illuminate\\Http\\Request), Object(Closure))\n#54 D:\\project\\client\\8\\shopp\\vendor\\laravel\\framework\\src\\Illuminate\\Pipeline\\Pipeline.php(219): Illuminate\\Foundation\\Http\\Middleware\\TrimStrings->handle(Object(Illuminate\\Http\\Request), Object(Closure))\n#55 D:\\project\\client\\8\\shopp\\vendor\\laravel\\framework\\src\\Illuminate\\Http\\Middleware\\ValidatePostSize.php(27): Illuminate\\Pipeline\\Pipeline->{closure:{closure:Illuminate\\Pipeline\\Pipeline::carry():194}:195}(Object(Illuminate\\Http\\Request))\n#56 D:\\project\\client\\8\\shopp\\vendor\\laravel\\framework\\src\\Illuminate\\Pipeline\\Pipeline.php(219): Illuminate\\Http\\Middleware\\ValidatePostSize->handle(Object(Illuminate\\Http\\Request), Object(Closure))\n#57 D:\\project\\client\\8\\shopp\\vendor\\laravel\\framework\\src\\Illuminate\\Foundation\\Http\\Middleware\\PreventRequestsDuringMaintenance.php(109): Illuminate\\Pipeline\\Pipeline->{closure:{closure:Illuminate\\Pipeline\\Pipeline::carry():194}:195}(Object(Illuminate\\Http\\Request))\n#58 D:\\project\\client\\8\\shopp\\vendor\\laravel\\framework\\src\\Illuminate\\Pipeline\\Pipeline.php(219): Illuminate\\Foundation\\Http\\Middleware\\PreventRequestsDuringMaintenance->handle(Object(Illuminate\\Http\\Request), Object(Closure))\n#59 D:\\project\\client\\8\\shopp\\vendor\\laravel\\framework\\src\\Illuminate\\Http\\Middleware\\HandleCors.php(61): Illuminate\\Pipeline\\Pipeline->{closure:{closure:Illuminate\\Pipeline\\Pipeline::carry():194}:195}(Object(Illuminate\\Http\\Request))\n#60 D:\\project\\client\\8\\shopp\\vendor\\laravel\\framework\\src\\Illuminate\\Pipeline\\Pipeline.php(219): Illuminate\\Http\\Middleware\\HandleCors->handle(Object(Illuminate\\Http\\Request), Object(Closure))\n#61 D:\\project\\client\\8\\shopp\\vendor\\laravel\\framework\\src\\Illuminate\\Http\\Middleware\\TrustProxies.php(58): Illuminate\\Pipeline\\Pipeline->{closure:{closure:Illuminate\\Pipeline\\Pipeline::carry():194}:195}(Object(Illuminate\\Http\\Request))\n#62 D:\\project\\client\\8\\shopp\\vendor\\laravel\\framework\\src\\Illuminate\\Pipeline\\Pipeline.php(219): Illuminate\\Http\\Middleware\\TrustProxies->handle(Object(Illuminate\\Http\\Request), Object(Closure))\n#63 D:\\project\\client\\8\\shopp\\vendor\\laravel\\framework\\src\\Illuminate\\Foundation\\Http\\Middleware\\InvokeDeferredCallbacks.php(22): Illuminate\\Pipeline\\Pipeline->{closure:{closure:Illuminate\\Pipeline\\Pipeline::carry():194}:195}(Object(Illuminate\\Http\\Request))\n#64 D:\\project\\client\\8\\shopp\\vendor\\laravel\\framework\\src\\Illuminate\\Pipeline\\Pipeline.php(219): Illuminate\\Foundation\\Http\\Middleware\\InvokeDeferredCallbacks->handle(Object(Illuminate\\Http\\Request), Object(Closure))\n#65 D:\\project\\client\\8\\shopp\\vendor\\laravel\\framework\\src\\Illuminate\\Http\\Middleware\\ValidatePathEncoding.php(28): Illuminate\\Pipeline\\Pipeline->{closure:{closure:Illuminate\\Pipeline\\Pipeline::carry():194}:195}(Object(Illuminate\\Http\\Request))\n#66 D:\\project\\client\\8\\shopp\\vendor\\laravel\\framework\\src\\Illuminate\\Pipeline\\Pipeline.php(219): Illuminate\\Http\\Middleware\\ValidatePathEncoding->handle(Object(Illuminate\\Http\\Request), Object(Closure))\n#67 D:\\project\\client\\8\\shopp\\vendor\\laravel\\framework\\src\\Illuminate\\Pipeline\\Pipeline.php(137): Illuminate\\Pipeline\\Pipeline->{closure:{closure:Illuminate\\Pipeline\\Pipeline::carry():194}:195}(Object(Illuminate\\Http\\Request))\n#68 D:\\project\\client\\8\\shopp\\vendor\\laravel\\framework\\src\\Illuminate\\Foundation\\Http\\Kernel.php(175): Illuminate\\Pipeline\\Pipeline->then(Object(Closure))\n#69 D:\\project\\client\\8\\shopp\\vendor\\laravel\\framework\\src\\Illuminate\\Foundation\\Http\\Kernel.php(144): Illuminate\\Foundation\\Http\\Kernel->sendRequestThroughRouter(Object(Illuminate\\Http\\Request))\n#70 D:\\project\\client\\8\\shopp\\vendor\\laravel\\framework\\src\\Illuminate\\Foundation\\Testing\\Concerns\\MakesHttpRequests.php(607): Illuminate\\Foundation\\Http\\Kernel->handle(Object(Illuminate\\Http\\Request))\n#71 D:\\project\\client\\8\\shopp\\vendor\\laravel\\framework\\src\\Illuminate\\Foundation\\Testing\\Concerns\\MakesHttpRequests.php(368): Illuminate\\Foundation\\Testing\\TestCase->call('GET', '/owner/login', Array, Array, Array, Array)\n#72 D:\\project\\client\\8\\shopp\\tests\\Feature\\Filament\\OwnerLoginLabelTest.php(8): Illuminate\\Foundation\\Testing\\TestCase->get('/owner/login')\n#73 D:\\project\\client\\8\\shopp\\vendor\\pestphp\\pest\\src\\Factories\\TestCaseMethodFactory.php(177): P\\Tests\\Feature\\Filament\\OwnerLoginLabelTest->{closure:D:\\project\\client\\8\\shopp\\tests\\Feature\\Filament\\OwnerLoginLabelTest.php:7}()\n#74 [internal function]: P\\Tests\\Feature\\Filament\\OwnerLoginLabelTest->{closure:Pest\\Factories\\TestCaseMethodFactory::getClosure():167}()\n#75 D:\\project\\client\\8\\shopp\\vendor\\pestphp\\pest\\src\\Concerns\\Testable.php(576): call_user_func_array(Object(Closure), Array)\n#76 D:\\project\\client\\8\\shopp\\vendor\\pestphp\\pest\\src\\Support\\ExceptionTrace.php(26): P\\Tests\\Feature\\Filament\\OwnerLoginLabelTest->{closure:Pest\\Concerns\\Testable::__callClosure():576}()\n#77 D:\\project\\client\\8\\shopp\\vendor\\pestphp\\pest\\src\\Concerns\\Testable.php(576): Pest\\Support\\ExceptionTrace::ensure(Object(Closure))\n#78 D:\\project\\client\\8\\shopp\\vendor\\pestphp\\pest\\src\\Concerns\\Testable.php(403): P\\Tests\\Feature\\Filament\\OwnerLoginLabelTest->__callClosure(Object(Closure), Array)\n#79 D:\\project\\client\\8\\shopp\\vendor\\pestphp\\pest\\src\\Factories\\TestCaseFactory.php(175) : eval()'d code(17): P\\Tests\\Feature\\Filament\\OwnerLoginLabelTest->__runTest(Object(Closure))\n#80 D:\\project\\client\\8\\shopp\\vendor\\phpunit\\phpunit\\src\\Framework\\TestCase.php(1310): P\\Tests\\Feature\\Filament\\OwnerLoginLabelTest->__pest_evaluable_Owner_login_panel_shows_owner_label()\n#81 D:\\project\\client\\8\\shopp\\vendor\\phpunit\\phpunit\\src\\Framework\\TestCase.php(1344): PHPUnit\\Framework\\TestCase->invokeTestMethod('__pest_evaluabl...', Array)\n#82 D:\\project\\client\\8\\shopp\\vendor\\phpunit\\phpunit\\src\\Framework\\TestCase.php(520): PHPUnit\\Framework\\TestCase->runTest()\n#83 D:\\project\\client\\8\\shopp\\vendor\\phpunit\\phpunit\\src\\Framework\\TestRunner\\TestRunner.php(99): PHPUnit\\Framework\\TestCase->runBare()\n#84 D:\\project\\client\\8\\shopp\\vendor\\phpunit\\phpunit\\src\\Framework\\TestCase.php(360): PHPUnit\\Framework\\TestRunner->run(Object(P\\Tests\\Feature\\Filament\\OwnerLoginLabelTest))\n#85 D:\\project\\client\\8\\shopp\\vendor\\phpunit\\phpunit\\src\\Framework\\TestSuite.php(374): PHPUnit\\Framework\\TestCase->run()\n#86 D:\\project\\client\\8\\shopp\\vendor\\phpunit\\phpunit\\src\\Framework\\TestSuite.php(374): PHPUnit\\Framework\\TestSuite->run()\n#87 D:\\project\\client\\8\\shopp\\vendor\\phpunit\\phpunit\\src\\TextUI\\TestRunner.php(64): PHPUnit\\Framework\\TestSuite->run()\n#88 D:\\project\\client\\8\\shopp\\vendor\\phpunit\\phpunit\\src\\TextUI\\Application.php(229): PHPUnit\\TextUI\\TestRunner->run(Object(PHPUnit\\TextUI\\Configuration\\Configuration), Object(PHPUnit\\Runner\\ResultCache\\DefaultResultCache), Object(PHPUnit\\Framework\\TestSuite))\n#89 D:\\project\\client\\8\\shopp\\vendor\\pestphp\\pest\\src\\Kernel.php(117): PHPUnit\\TextUI\\Application->run(Array)\n#90 D:\\project\\client\\8\\shopp\\vendor\\pestphp\\pest\\bin\\pest(207): Pest\\Kernel->handle(Array, Array)\n#91 D:\\project\\client\\8\\shopp\\vendor\\pestphp\\pest\\bin\\pest(215): {closure:D:\\project\\client\\8\\shopp\\vendor\\pestphp\\pest\\bin\\pest:21}()\n#92 D:\\project\\client\\8\\shopp\\vendor\\bin\\pest(119): include('D:\\\\project\\\\clie...')\n#93 {main}\n\n----------------------------------------------------------------------------------\n\nVite manifest not found at: D:\\project\\client\\8\\shopp\\public\\build/manifest.json (View: D:\\project\\client\\8\\shopp\\vendor\\filament\\filament\\resources\\views\\components\\layout\\base.blade.php) (View: D:\\project\\client\\8\\shopp\\vendor\\filament\\filament\\resources\\views\\components\\layout\\base.blade.php) (View: D:\\project\\client\\8\\shopp\\vendor\\filament\\filament\\resources\\views\\components\\layout\\base.blade.php)"},{"test":"P\\Tests\\Feature\\SubscriptionServiceTest::__pest_evaluable_effectiveLimits_returns_plan_defaults_when_no_custom_limits_are_set","file":"\\project\\client\\8\\shopp\\tests\\Feature\\SubscriptionServiceTest.php","line":22,"message":"Failed asserting that 1 is identical to 3."},{"test":"P\\Tests\\Feature\\SubscriptionServiceTest::__pest_evaluable_effectiveLimits_merges_custom_limits_over_plan_defaults","file":"\\project\\client\\8\\shopp\\tests\\Feature\\SubscriptionServiceTest.php","line":35,"message":"Failed asserting that 1 is identical to 3."}],"errors":35,"error_details":[{"test":"P\\Tests\\Feature\\Filament\\CashFlowCreateTest::__pest_evaluable_cash_flow_create_page_fills_store__id_and_created__by_from_the_authenticated_Owner","file":"\\project\\client\\8\\shopp\\vendor\\laravel\\framework\\src\\Illuminate\\Foundation\\Bootstrap\\HandleExceptions.php","line":258,"message":"include(D:\\project\\client\\8\\shopp\\vendor\\composer/../../app/Models/Cafe.php): Failed to open stream: No such file or directory"},{"test":"P\\Tests\\Feature\\Filament\\DailyReportTest::__pest_evaluable_Owner_can_see_daily_reports_for_their_store","file":"\\project\\client\\8\\shopp\\vendor\\laravel\\framework\\src\\Illuminate\\Foundation\\Bootstrap\\HandleExceptions.php","line":258,"message":"include(D:\\project\\client\\8\\shopp\\vendor\\composer/../../app/Models/Cafe.php): Failed to open stream: No such file or directory"},{"test":"P\\Tests\\Feature\\Filament\\DashboardPosUiTest::__pest_evaluable_halaman_POS_cashier_hanya_memuat_produk_cafe_miliknya","file":"\\project\\client\\8\\shopp\\vendor\\laravel\\framework\\src\\Illuminate\\Foundation\\Bootstrap\\HandleExceptions.php","line":258,"message":"include(D:\\project\\client\\8\\shopp\\vendor\\composer/../../app/Models/Cafe.php): Failed to open stream: No such file or directory"},{"test":"P\\Tests\\Feature\\Filament\\ProductCreateTest::__pest_evaluable_product_create_page_fills_store__id_from_the_authenticated_Owner","file":"\\project\\client\\8\\shopp\\vendor\\laravel\\framework\\src\\Illuminate\\Foundation\\Bootstrap\\HandleExceptions.php","line":258,"message":"include(D:\\project\\client\\8\\shopp\\vendor\\composer/../../app/Models/Cafe.php): Failed to open stream: No such file or directory"},{"test":"P\\Tests\\Feature\\Settings\\ProfileUpdateTest::__pest_evaluable_profile_page_is_displayed","file":"\\project\\client\\8\\shopp\\vendor\\laravel\\framework\\src\\Illuminate\\Routing\\UrlGenerator.php","line":546,"message":"Route [profile.edit] not defined."},{"test":"P\\Tests\\Feature\\Settings\\ProfileUpdateTest::__pest_evaluable_profile_information_can_be_updated","file":"\\project\\client\\8\\shopp\\vendor\\laravel\\framework\\src\\Illuminate\\Routing\\UrlGenerator.php","line":546,"message":"Route [profile.update] not defined."},{"test":"P\\Tests\\Feature\\Settings\\ProfileUpdateTest::__pest_evaluable_email_verification_status_is_unchanged_when_the_email_address_is_unchanged","file":"\\project\\client\\8\\shopp\\vendor\\laravel\\framework\\src\\Illuminate\\Routing\\UrlGenerator.php","line":546,"message":"Route [profile.update] not defined."},{"test":"P\\Tests\\Feature\\Settings\\ProfileUpdateTest::__pest_evaluable_user_can_delete_their_account","file":"\\project\\client\\8\\shopp\\vendor\\laravel\\framework\\src\\Illuminate\\Routing\\UrlGenerator.php","line":546,"message":"Route [profile.destroy] not defined."},{"test":"P\\Tests\\Feature\\Settings\\ProfileUpdateTest::__pest_evaluable_correct_password_must_be_provided_to_delete_account","file":"\\project\\client\\8\\shopp\\vendor\\laravel\\framework\\src\\Illuminate\\Routing\\UrlGenerator.php","line":546,"message":"Route [profile.edit] not defined."},{"test":"P\\Tests\\Feature\\Settings\\SecurityTest::__pest_evaluable_security_page_is_displayed","file":"\\project\\client\\8\\shopp\\vendor\\laravel\\framework\\src\\Illuminate\\Routing\\UrlGenerator.php","line":546,"message":"Route [security.edit] not defined."},{"test":"P\\Tests\\Feature\\Settings\\SecurityTest::__pest_evaluable_security_page_requires_password_confirmation_when_enabled","file":"\\project\\client\\8\\shopp\\vendor\\laravel\\framework\\src\\Illuminate\\Routing\\UrlGenerator.php","line":546,"message":"Route [security.edit] not defined."},{"test":"P\\Tests\\Feature\\Settings\\SecurityTest::__pest_evaluable_security_page_does_not_require_password_confirmation_when_disabled","file":"\\project\\client\\8\\shopp\\vendor\\laravel\\framework\\src\\Illuminate\\Routing\\UrlGenerator.php","line":546,"message":"Route [security.edit] not defined."},{"test":"P\\Tests\\Feature\\Settings\\SecurityTest::__pest_evaluable_security_page_renders_without_two_factor_when_feature_is_disabled","file":"\\project\\client\\8\\shopp\\vendor\\laravel\\framework\\src\\Illuminate\\Routing\\UrlGenerator.php","line":546,"message":"Route [security.edit] not defined."},{"test":"P\\Tests\\Feature\\Settings\\SecurityTest::__pest_evaluable_password_can_be_updated","file":"\\project\\client\\8\\shopp\\vendor\\laravel\\framework\\src\\Illuminate\\Routing\\UrlGenerator.php","line":546,"message":"Route [security.edit] not defined."},{"test":"P\\Tests\\Feature\\Settings\\SecurityTest::__pest_evaluable_correct_password_must_be_provided_to_update_password","file":"\\project\\client\\8\\shopp\\vendor\\laravel\\framework\\src\\Illuminate\\Routing\\UrlGenerator.php","line":546,"message":"Route [security.edit] not defined."},{"test":"P\\Tests\\Feature\\SubscriptionPaymentTest::__pest_evaluable_subscription_payment_can_be_created","file":"\\project\\client\\8\\shopp\\vendor\\laravel\\framework\\src\\Illuminate\\Foundation\\Bootstrap\\HandleExceptions.php","line":258,"message":"include(D:\\project\\client\\8\\shopp\\vendor\\composer/../../app/Models/Cafe.php): Failed to open stream: No such file or directory"},{"test":"P\\Tests\\Feature\\SubscriptionPaymentTest::__pest_evaluable_subscription_payment_status_helpers_work_correctly","file":"\\project\\client\\8\\shopp\\vendor\\laravel\\framework\\src\\Illuminate\\Foundation\\Bootstrap\\HandleExceptions.php","line":258,"message":"include(D:\\project\\client\\8\\shopp\\vendor\\composer/../../app/Models/Cafe.php): Failed to open stream: No such file or directory"},{"test":"P\\Tests\\Feature\\SubscriptionPaymentTest::__pest_evaluable_activate_subscription_updates_cafe_subscription__id","file":"\\project\\client\\8\\shopp\\vendor\\laravel\\framework\\src\\Illuminate\\Foundation\\Bootstrap\\HandleExceptions.php","line":258,"message":"include(D:\\project\\client\\8\\shopp\\vendor\\composer/../../app/Models/Cafe.php): Failed to open stream: No such file or directory"},{"test":"P\\Tests\\Feature\\SubscriptionPaymentTest::__pest_evaluable_snap_token_endpoint_requires_Owner_role","file":"\\project\\client\\8\\shopp\\vendor\\laravel\\framework\\src\\Illuminate\\Database\\Connection.php","line":587,"message":"SQLSTATE[23000]: Integrity constraint violation: 19 CHECK constraint failed: role (Connection: sqlite, Database: :memory:, SQL: insert into \"users\" (\"name\", \"email\", \"email_verified_at\", \"password\", \"remember_token\", \"two_factor_secret\", \"two_factor_recovery_codes\", \"two_factor_confirmed_at\", \"role\", \"phone\", \"toko_id\", \"is_active\", \"updated_at\", \"created_at\") values (Mr. Dudley Rolfson, arlie04@example.net, 2026-05-14 17:54:58, $2y$04$7PDT9vK1Ik9vyjHGv50.WOautfTwNT9jYabzqMtZXU0rW5ufSEoVa, TTOtWkvcRd, ?, ?, ?, cashier, +1 (760) 260-2315, ?, 1, 2026-05-14 17:54:58, 2026-05-14 17:54:58))"},{"test":"P\\Tests\\Feature\\SubscriptionServiceTest::__pest_evaluable_canCreateProduct_returns_true_when_cafe_has_no_subscription","file":"\\project\\client\\8\\shopp\\vendor\\laravel\\framework\\src\\Illuminate\\Foundation\\Bootstrap\\HandleExceptions.php","line":258,"message":"include(D:\\project\\client\\8\\shopp\\vendor\\composer/../../app/Models/Cafe.php): Failed to open stream: No such file or directory"},{"test":"P\\Tests\\Feature\\SubscriptionServiceTest::__pest_evaluable_canCreateProduct_returns_true_when_cafe_is_under_the_product_limit","file":"\\project\\client\\8\\shopp\\vendor\\laravel\\framework\\src\\Illuminate\\Foundation\\Bootstrap\\HandleExceptions.php","line":258,"message":"include(D:\\project\\client\\8\\shopp\\vendor\\composer/../../app/Models/Cafe.php): Failed to open stream: No such file or directory"},{"test":"P\\Tests\\Feature\\SubscriptionServiceTest::__pest_evaluable_canCreateProduct_returns_false_when_cafe_has_reached_the_product_limit","file":"\\project\\client\\8\\shopp\\vendor\\laravel\\framework\\src\\Illuminate\\Foundation\\Bootstrap\\HandleExceptions.php","line":258,"message":"include(D:\\project\\client\\8\\shopp\\vendor\\composer/../../app/Models/Cafe.php): Failed to open stream: No such file or directory"},{"test":"P\\Tests\\Feature\\SubscriptionServiceTest::__pest_evaluable_canCreateProduct_returns_true_for_unlimited_pro_plan_regardless_of_product_count","file":"\\project\\client\\8\\shopp\\vendor\\laravel\\framework\\src\\Illuminate\\Foundation\\Bootstrap\\HandleExceptions.php","line":258,"message":"include(D:\\project\\client\\8\\shopp\\vendor\\composer/../../app/Models/Cafe.php): Failed to open stream: No such file or directory"},{"test":"P\\Tests\\Feature\\SubscriptionServiceTest::__pest_evaluable_remainingProducts_returns_null_for_unlimited_plans","file":"\\project\\client\\8\\shopp\\vendor\\laravel\\framework\\src\\Illuminate\\Foundation\\Bootstrap\\HandleExceptions.php","line":258,"message":"include(D:\\project\\client\\8\\shopp\\vendor\\composer/../../app/Models/Cafe.php): Failed to open stream: No such file or directory"},{"test":"P\\Tests\\Feature\\SubscriptionServiceTest::__pest_evaluable_remainingProducts_returns_correct_count_for_limited_plan","file":"\\project\\client\\8\\shopp\\vendor\\laravel\\framework\\src\\Illuminate\\Foundation\\Bootstrap\\HandleExceptions.php","line":258,"message":"include(D:\\project\\client\\8\\shopp\\vendor\\composer/../../app/Models/Cafe.php): Failed to open stream: No such file or directory"},{"test":"P\\Tests\\Feature\\SubscriptionServiceTest::__pest_evaluable_canUseInventory_returns_false_for_free_plan","file":"\\project\\client\\8\\shopp\\vendor\\laravel\\framework\\src\\Illuminate\\Foundation\\Bootstrap\\HandleExceptions.php","line":258,"message":"include(D:\\project\\client\\8\\shopp\\vendor\\composer/../../app/Models/Cafe.php): Failed to open stream: No such file or directory"},{"test":"P\\Tests\\Feature\\SubscriptionServiceTest::__pest_evaluable_canUseInventory_returns_true_for_pro_plan","file":"\\project\\client\\8\\shopp\\vendor\\laravel\\framework\\src\\Illuminate\\Foundation\\Bootstrap\\HandleExceptions.php","line":258,"message":"include(D:\\project\\client\\8\\shopp\\vendor\\composer/../../app/Models/Cafe.php): Failed to open stream: No such file or directory"},{"test":"P\\Tests\\Feature\\SubscriptionServiceTest::__pest_evaluable_canUseDiscounts_returns_false_for_free_plan","file":"\\project\\client\\8\\shopp\\vendor\\laravel\\framework\\src\\Illuminate\\Foundation\\Bootstrap\\HandleExceptions.php","line":258,"message":"include(D:\\project\\client\\8\\shopp\\vendor\\composer/../../app/Models/Cafe.php): Failed to open stream: No such file or directory"},{"test":"P\\Tests\\Feature\\SubscriptionServiceTest::__pest_evaluable_canUseDiscounts_returns_true_for_pro_plan","file":"\\project\\client\\8\\shopp\\vendor\\laravel\\framework\\src\\Illuminate\\Foundation\\Bootstrap\\HandleExceptions.php","line":258,"message":"include(D:\\project\\client\\8\\shopp\\vendor\\composer/../../app/Models/Cafe.php): Failed to open stream: No such file or directory"},{"test":"P\\Tests\\Feature\\SubscriptionServiceTest::__pest_evaluable_canCreateCategory_returns_false_when_limit_reached","file":"\\project\\client\\8\\shopp\\vendor\\laravel\\framework\\src\\Illuminate\\Foundation\\Bootstrap\\HandleExceptions.php","line":258,"message":"include(D:\\project\\client\\8\\shopp\\vendor\\composer/../../app/Models/Cafe.php): Failed to open stream: No such file or directory"},{"test":"P\\Tests\\Feature\\SubscriptionServiceTest::__pest_evaluable_canCreateCategory_returns_true_when_under_limit","file":"\\project\\client\\8\\shopp\\vendor\\laravel\\framework\\src\\Illuminate\\Foundation\\Bootstrap\\HandleExceptions.php","line":258,"message":"include(D:\\project\\client\\8\\shopp\\vendor\\composer/../../app/Models/Cafe.php): Failed to open stream: No such file or directory"},{"test":"P\\Tests\\Feature\\SubscriptionServiceTest::__pest_evaluable_canAddPaymentMethod_returns_false_when_limit_reached","file":"\\project\\client\\8\\shopp\\vendor\\laravel\\framework\\src\\Illuminate\\Foundation\\Bootstrap\\HandleExceptions.php","line":258,"message":"include(D:\\project\\client\\8\\shopp\\vendor\\composer/../../app/Models/Cafe.php): Failed to open stream: No such file or directory"},{"test":"P\\Tests\\Feature\\SubscriptionServiceTest::__pest_evaluable_canAddPaymentMethod_returns_true_when_unlimited_on_pro_plan","file":"\\project\\client\\8\\shopp\\vendor\\laravel\\framework\\src\\Illuminate\\Foundation\\Bootstrap\\HandleExceptions.php","line":258,"message":"include(D:\\project\\client\\8\\shopp\\vendor\\composer/../../app/Models/Cafe.php): Failed to open stream: No such file or directory"},{"test":"P\\Tests\\Feature\\SubscriptionServiceTest::__pest_evaluable_canAddStaff_counts_cafe_users_with_Owner_or_cashier_role","file":"\\project\\client\\8\\shopp\\vendor\\laravel\\framework\\src\\Illuminate\\Foundation\\Bootstrap\\HandleExceptions.php","line":258,"message":"include(D:\\project\\client\\8\\shopp\\vendor\\composer/../../app/Models/Cafe.php): Failed to open stream: No such file or directory"},{"test":"P\\Tests\\Feature\\SubscriptionServiceTest::__pest_evaluable_canAddStaff_returns_true_when_under_the_staff_limit_on_pro_plan","file":"\\project\\client\\8\\shopp\\vendor\\laravel\\framework\\src\\Illuminate\\Foundation\\Bootstrap\\HandleExceptions.php","line":258,"message":"include(D:\\project\\client\\8\\shopp\\vendor\\composer/../../app/Models/Cafe.php): Failed to open stream: No such file or directory"}]}
